<html>
<body>
<pre>
<h1>µVision Build Log</h1>
<h2>Tool Versions:</h2>
IDE-Version: µVision V5.43.1.0
Copyright (C) 2025 ARM Ltd and ARM Germany GmbH. All rights reserved.
License Information: y y
y
User-based license: Keil MDK Community (non-commercial free of charge)
Valid until: Jun 1 2033. Cached until: Oct 31 2025
 
Tool Versions:
Toolchain:       Keil MDK Community (non-commercial free of charge  Version: 5.43.0.0
Toolchain Path:  C:\Users\Yozora\AppData\Local\Keil_v5\ARM\ARMCLANG\Bin
C Compiler:      ArmClang.exe V6.24
Assembler:       Armasm.exe V6.24
Linker/Locator:  ArmLink.exe V6.24
Library Manager: ArmAr.exe V6.24
Hex Converter:   FromElf.exe V6.24
CPU DLL:         SARMCM3.DLL V5.43.0.0
Dialog DLL:      DCM.DLL V1.17.5.0
Target DLL:      UL2CM3.DLL V1.164.16.0
Dialog DLL:      TCM.DLL V1.56.6.0
 
<h2>Project:</h2>
E:\bai6\source.uvprojx
Project File Date:  10/24/2025

<h2>Output:</h2>
*** Using Compiler 'V6.24', folder: 'C:\Users\Yozora\AppData\Local\Keil_v5\ARM\ARMCLANG\Bin'
Rebuild target 'Target_1'
Note: source file 'C:/Users/Yozora/AppData/Local/Arm/Packs/ARM/CMSIS-FreeRTOS/10.3.1/Source/croutine.c' - object file renamed from '.\Objects\croutine.o' to '.\Objects\croutine_1.o'.
Note: source file 'C:/Users/Yozora/AppData/Local/Arm/Packs/ARM/CMSIS-FreeRTOS/10.3.1/Source/event_groups.c' - object file renamed from '.\Objects\event_groups.o' to '.\Objects\event_groups_1.o'.
Note: source file 'C:/Users/Yozora/AppData/Local/Arm/Packs/ARM/CMSIS-FreeRTOS/10.3.1/Source/list.c' - object file renamed from '.\Objects\list.o' to '.\Objects\list_1.o'.
Note: source file 'C:/Users/Yozora/AppData/Local/Arm/Packs/ARM/CMSIS-FreeRTOS/10.3.1/Source/portable/GCC/ARM_CM3/port.c' - object file renamed from '.\Objects\port.o' to '.\Objects\port_1.o'.
Note: source file 'C:/Users/Yozora/AppData/Local/Arm/Packs/ARM/CMSIS-FreeRTOS/10.3.1/Source/portable/MemMang/heap_4.c' - object file renamed from '.\Objects\heap_4.o' to '.\Objects\heap_4_1.o'.
Note: source file 'C:/Users/Yozora/AppData/Local/Arm/Packs/ARM/CMSIS-FreeRTOS/10.3.1/Source/queue.c' - object file renamed from '.\Objects\queue.o' to '.\Objects\queue_1.o'.
Note: source file 'C:/Users/Yozora/AppData/Local/Arm/Packs/ARM/CMSIS-FreeRTOS/10.3.1/Source/stream_buffer.c' - object file renamed from '.\Objects\stream_buffer.o' to '.\Objects\stream_buffer_1.o'.
Note: source file 'C:/Users/Yozora/AppData/Local/Arm/Packs/ARM/CMSIS-FreeRTOS/10.3.1/Source/tasks.c' - object file renamed from '.\Objects\tasks.o' to '.\Objects\tasks_1.o'.
Note: source file 'C:/Users/Yozora/AppData/Local/Arm/Packs/ARM/CMSIS-FreeRTOS/10.3.1/Source/timers.c' - object file renamed from '.\Objects\timers.o' to '.\Objects\timers_1.o'.
compiling os_systick.c...
compiling stm32f10x_rcc.c...
compiling misc.c...
compiling system_stm32f10x.c...
assembling startup_stm32f10x_md.s...
compiling freertos_evr.c...
compiling main.c...
compiling clib_arm.c...
compiling stm32f10x_gpio.c...
compiling stm32f10x_usart.c...
compiling croutine.c...
compiling event_groups.c...
compiling list.c...
compiling port.c...
compiling heap_4.c...
compiling cmsis_os2.c...
compiling queue.c...
compiling timers.c...
compiling stream_buffer.c...
compiling tasks.c...
linking...
Program Size: Code=13184 RO-data=316 RW-data=8 ZI-data=12800  
FromELF: creating hex file...
".\Objects\source.axf" - 0 Error(s), 0 Warning(s).

<h2>Software Packages used:</h2>

Package Vendor: ARM
                https://www.keil.com/pack/ARM.CMSIS.6.2.0.pack
                ARM::CMSIS@6.2.0
                CMSIS (Common Microcontroller Software Interface Standard)
   * Component: CORE Version: 6.1.1
   * Component: RTOS2 Version: 2.3.0

Package Vendor: ARM
                http://www.keil.com/pack/ARM.CMSIS-FreeRTOS.10.3.1.pack
                ARM::CMSIS-FreeRTOS@10.3.1
                Bundle of FreeRTOS for Cortex-M and Cortex-A
   * Component: FreeRTOS Variant: Cortex-M Version: 10.3.1
   * Component: Config Variant: CMSIS RTOS2 Version: 10.3.1
   * Component: Core Variant: Cortex-M Version: 10.3.1
   * Component: Coroutines Version: 10.3.1
   * Component: Event Groups Version: 10.3.1
   * Component: Heap Variant: Heap_4 Version: 10.3.1
   * Component: Message Buffer Version: 10.3.1
   * Component: Stream Buffer Version: 10.3.1
   * Component: Timers Version: 10.3.1

Package Vendor: Keil
                https://www.keil.com/pack/Keil.STM32F1xx_DFP.2.4.1.pack
                Keil::STM32F1xx_DFP@2.4.1
                STMicroelectronics STM32F1 Series Device Support, Drivers and Examples
   * Component: Startup Version: 1.0.0
   * Component: Framework Version: 3.6.0
   * Component: GPIO Version: 3.6.0
   * Component: RCC Version: 3.6.0
   * Component: USART Version: 3.6.0

<h2>Collection of Component include folders:</h2>
  ./RTE/Device/STM32F103C8
  ./RTE/RTOS
  ./RTE/_Target_1
  C:/Users/Yozora/AppData/Local/Arm/Packs/ARM/CMSIS-FreeRTOS/10.3.1/CMSIS/RTOS2/FreeRTOS/Include
  C:/Users/Yozora/AppData/Local/Arm/Packs/ARM/CMSIS-FreeRTOS/10.3.1/Source/include
  C:/Users/Yozora/AppData/Local/Arm/Packs/ARM/CMSIS-FreeRTOS/10.3.1/Source/portable/GCC/ARM_CM3
  C:/Users/Yozora/AppData/Local/Arm/Packs/ARM/CMSIS/6.2.0/CMSIS/Core/Include
  C:/Users/Yozora/AppData/Local/Arm/Packs/ARM/CMSIS/6.2.0/CMSIS/RTOS2/Include
  C:/Users/Yozora/AppData/Local/Arm/Packs/Keil/STM32F1xx_DFP/2.4.1/Device/Include
  C:/Users/Yozora/AppData/Local/Arm/Packs/Keil/STM32F1xx_DFP/2.4.1/Device/StdPeriph_Driver/inc

<h2>Collection of Component Files used:</h2>

   * Component: ARM::CMSIS:CORE@6.1.1

   * Component: ARM::CMSIS:RTOS2:FreeRTOS&Cortex-M@10.3.1
      Source file:   CMSIS/RTOS2/FreeRTOS/Source/os_systick.c
      Include file:  CMSIS/RTOS2/FreeRTOS/Include/freertos_mpool.h
      Source file:   CMSIS/RTOS2/FreeRTOS/Source/ARM/clib_arm.c
      Source file:   CMSIS/RTOS2/FreeRTOS/Source/cmsis_os2.c

   * Component: ARM::RTOS&FreeRTOS:Config&CMSIS RTOS2@10.3.1
      Include file:  CMSIS/RTOS2/FreeRTOS/Config/ARMCM/FreeRTOSConfig.h

   * Component: ARM::RTOS&FreeRTOS:Core&Cortex-M@10.3.1
      Include file:  Source/include/FreeRTOS.h
      Include file:  Source/include/queue.h
      Source file:   Source/portable/GCC/ARM_CM3/port.c
      Source file:   Source/queue.c
      Source file:   Source/tasks.c
      Include file:  Source/include/task.h
      Include file:  Source/include/semphr.h
      Source file:   Source/list.c
      Source file:   CMSIS/RTOS2/FreeRTOS/Source/freertos_evr.c

   * Component: ARM::RTOS&FreeRTOS:Coroutines@10.3.1
      Include file:  Source/include/croutine.h
      Source file:   Source/croutine.c

   * Component: ARM::RTOS&FreeRTOS:Event Groups@10.3.1
      Source file:   Source/event_groups.c
      Include file:  Source/include/event_groups.h

   * Component: ARM::RTOS&FreeRTOS:Heap&Heap_4@10.3.1
      Source file:   Source/portable/MemMang/heap_4.c

   * Component: ARM::RTOS&FreeRTOS:Message Buffer@10.3.1
      Include file:  Source/include/message_buffer.h
      Source file:   Source/stream_buffer.c

   * Component: ARM::RTOS&FreeRTOS:Stream Buffer@10.3.1
      Include file:  Source/include/stream_buffer.h
      Source file:   Source/stream_buffer.c

   * Component: ARM::RTOS&FreeRTOS:Timers@10.3.1
      Include file:  Source/include/timers.h
      Source file:   Source/timers.c

   * Component: CMSIS:RTOS2(API)@2.3.0
      Include file:  CMSIS/RTOS2/Include/cmsis_os2.h

   * Component: Keil::Device:Startup@1.0.0
      Source file:   Device/Source/ARM/startup_stm32f10x_md.s
      Source file:   Device/Source/system_stm32f10x.c
      Source file:   Device/Source/ARM/STM32F1xx_OPT.s
      Include file:  RTE_Driver/Config/RTE_Device.h

   * Component: Keil::Device:StdPeriph Drivers:Framework@3.6.0
      Source file:   Device/StdPeriph_Driver/templates/stm32f10x_conf.h
      Source file:   Device/StdPeriph_Driver/src/misc.c
      Include file:  Device/StdPeriph_Driver/inc/misc.h
      Include file:  Device/StdPeriph_Driver/templates/stm32f10x_it.h
      Source file:   Device/StdPeriph_Driver/templates/stm32f10x_it.c

   * Component: Keil::Device:StdPeriph Drivers:GPIO@3.6.0
      Include file:  Device/StdPeriph_Driver/inc/stm32f10x_gpio.h
      Source file:   Device/StdPeriph_Driver/src/stm32f10x_gpio.c

   * Component: Keil::Device:StdPeriph Drivers:RCC@3.6.0
      Include file:  Device/StdPeriph_Driver/inc/stm32f10x_rcc.h
      Source file:   Device/StdPeriph_Driver/src/stm32f10x_rcc.c

   * Component: Keil::Device:StdPeriph Drivers:USART@3.6.0
      Include file:  Device/StdPeriph_Driver/inc/stm32f10x_usart.h
      Source file:   Device/StdPeriph_Driver/src/stm32f10x_usart.c
Build Time Elapsed:  00:00:01
</pre>
</body>
</html>
