Component: Arm Compiler for Embedded 6.24 Tool: armlink [5f371500]

==============================================================================

Section Cross References

    main.o(.text.main) refers to system_stm32f10x.o(.text.SystemInit) for SystemInit
    main.o(.text.main) refers to main.o(.text.USART_Config) for USART_Config
    main.o(.text.main) refers to main.o(.text.Task1) for Task1
    main.o(.text.main) refers to main.o(.rodata.str1.1) for .L.str
    main.o(.text.main) refers to tasks.o(.text.xTaskCreate) for xTaskCreate
    main.o(.text.main) refers to main.o(.text.Task2) for Task2
    main.o(.text.main) refers to tasks.o(.text.vTaskStartScheduler) for vTaskStartScheduler
    main.o(.ARM.exidx.text.main) refers to main.o(.text.main) for [Anonymous Symbol]
    main.o(.text.USART_Config) refers to stm32f10x_rcc.o(.text.RCC_APB2PeriphClockCmd) for RCC_APB2PeriphClockCmd
    main.o(.text.USART_Config) refers to stm32f10x_gpio.o(.text.GPIO_Init) for GPIO_Init
    main.o(.text.USART_Config) refers to stm32f10x_usart.o(.text.USART_Init) for USART_Init
    main.o(.text.USART_Config) refers to stm32f10x_usart.o(.text.USART_Cmd) for USART_Cmd
    main.o(.ARM.exidx.text.USART_Config) refers to main.o(.text.USART_Config) for [Anonymous Symbol]
    main.o(.text.Task1) refers to main.o(.rodata.str1.1) for .L.str.2
    main.o(.text.Task1) refers to main.o(.text.UART_SendString) for UART_SendString
    main.o(.text.Task1) refers to tasks.o(.text.vTaskDelay) for vTaskDelay
    main.o(.ARM.exidx.text.Task1) refers to main.o(.text.Task1) for [Anonymous Symbol]
    main.o(.text.Task2) refers to main.o(.rodata.str1.1) for .L.str.3
    main.o(.text.Task2) refers to main.o(.text.UART_SendString) for UART_SendString
    main.o(.text.Task2) refers to tasks.o(.text.vTaskDelay) for vTaskDelay
    main.o(.ARM.exidx.text.Task2) refers to main.o(.text.Task2) for [Anonymous Symbol]
    main.o(.text.UART_SendChar) refers to stm32f10x_usart.o(.text.USART_SendData) for USART_SendData
    main.o(.text.UART_SendChar) refers to stm32f10x_usart.o(.text.USART_GetFlagStatus) for USART_GetFlagStatus
    main.o(.ARM.exidx.text.UART_SendChar) refers to main.o(.text.UART_SendChar) for [Anonymous Symbol]
    main.o(.text.UART_SendString) refers to main.o(.text.UART_SendChar) for UART_SendChar
    main.o(.ARM.exidx.text.UART_SendString) refers to main.o(.text.UART_SendString) for [Anonymous Symbol]
    clib_arm.o(.ARM.exidx.text._platform_post_stackheap_init) refers to clib_arm.o(.text._platform_post_stackheap_init) for [Anonymous Symbol]
    clib_arm.o(.text.__user_perthread_libspace) refers to clib_arm.o(.text.os_kernel_is_active) for os_kernel_is_active
    clib_arm.o(.text.__user_perthread_libspace) refers to clib_arm.o(.bss.os_libspace) for os_libspace
    clib_arm.o(.text.__user_perthread_libspace) refers to tasks.o(.text.xTaskGetCurrentTaskHandle) for xTaskGetCurrentTaskHandle
    clib_arm.o(.text.__user_perthread_libspace) refers to clib_arm.o(.bss.os_libspace_id) for os_libspace_id
    clib_arm.o(.ARM.exidx.text.__user_perthread_libspace) refers to clib_arm.o(.text.__user_perthread_libspace) for [Anonymous Symbol]
    clib_arm.o(.text.os_kernel_is_active) refers to clib_arm.o(.bss.os_kernel_is_active.os_kernel_active) for os_kernel_is_active.os_kernel_active
    clib_arm.o(.text.os_kernel_is_active) refers to tasks.o(.text.xTaskGetSchedulerState) for xTaskGetSchedulerState
    clib_arm.o(.ARM.exidx.text.os_kernel_is_active) refers to clib_arm.o(.text.os_kernel_is_active) for [Anonymous Symbol]
    clib_arm.o(.text._mutex_initialize) refers to clib_arm.o(.bss.clib_mutex_id) for clib_mutex_id
    clib_arm.o(.text._mutex_initialize) refers to clib_arm.o(.bss.clib_mutex_cb) for clib_mutex_cb
    clib_arm.o(.text._mutex_initialize) refers to queue.o(.text.xQueueCreateMutexStatic) for xQueueCreateMutexStatic
    clib_arm.o(.text._mutex_initialize) refers to clib_arm.o(.text.os_kernel_is_active) for os_kernel_is_active
    clib_arm.o(.text._mutex_initialize) refers to queue.o(.text.xQueueCreateMutex) for xQueueCreateMutex
    clib_arm.o(.ARM.exidx.text._mutex_initialize) refers to clib_arm.o(.text._mutex_initialize) for [Anonymous Symbol]
    clib_arm.o(.text._mutex_acquire) refers to clib_arm.o(.text.os_kernel_is_active) for os_kernel_is_active
    clib_arm.o(.text._mutex_acquire) refers to queue.o(.text.xQueueSemaphoreTake) for xQueueSemaphoreTake
    clib_arm.o(.ARM.exidx.text._mutex_acquire) refers to clib_arm.o(.text._mutex_acquire) for [Anonymous Symbol]
    clib_arm.o(.text._mutex_release) refers to clib_arm.o(.text.os_kernel_is_active) for os_kernel_is_active
    clib_arm.o(.text._mutex_release) refers to queue.o(.text.xQueueGenericSend) for xQueueGenericSend
    clib_arm.o(.ARM.exidx.text._mutex_release) refers to clib_arm.o(.text._mutex_release) for [Anonymous Symbol]
    clib_arm.o(.text._mutex_free) refers to queue.o(.text.vQueueDelete) for vQueueDelete
[...]
    stm32f10x_gpio.c                         0x00000000   Number         0  stm32f10x_gpio.o ABSOLUTE
    stm32f10x_rcc.c                          0x00000000   Number         0  stm32f10x_rcc.o ABSOLUTE
    stm32f10x_usart.c                        0x00000000   Number         0  stm32f10x_usart.o ABSOLUTE
    stream_buffer.c                          0x00000000   Number         0  stream_buffer.o ABSOLUTE
    system_stm32f10x.c                       0x00000000   Number         0  system_stm32f10x.o ABSOLUTE
    tasks.c                                  0x00000000   Number         0  tasks.o ABSOLUTE
    timers.c                                 0x00000000   Number         0  timers.o ABSOLUTE
    RESET                                    0x08000000   Section      236  startup_stm32f10x_md.o(RESET)
    !!!main                                  0x080000ec   Section        8  __main.o(!!!main)
    !!!scatter                               0x080000f4   Section       92  __scatter.o(!!!scatter)
    !!handler_copy                           0x08000150   Section       26  __scatter_copy.o(!!handler_copy)
    !!handler_null                           0x0800016c   Section        2  __scatter.o(!!handler_null)
    !!handler_zi                             0x08000170   Section       28  __scatter_zi.o(!!handler_zi)
    .ARM.Collect$$libinit$$00000000          0x0800018c   Section        2  libinit.o(.ARM.Collect$$libinit$$00000000)
    .ARM.Collect$$libinit$$00000002          0x0800018e   Section        0  libinit2.o(.ARM.Collect$$libinit$$00000002)
    .ARM.Collect$$libinit$$00000004          0x0800018e   Section        0  libinit2.o(.ARM.Collect$$libinit$$00000004)
    .ARM.Collect$$libinit$$00000006          0x0800018e   Section        0  libinit2.o(.ARM.Collect$$libinit$$00000006)
    .ARM.Collect$$libinit$$0000000C          0x0800018e   Section        0  libinit2.o(.ARM.Collect$$libinit$$0000000C)
    .ARM.Collect$$libinit$$0000000E          0x0800018e   Section        0  libinit2.o(.ARM.Collect$$libinit$$0000000E)
    .ARM.Collect$$libinit$$00000010          0x0800018e   Section        0  libinit2.o(.ARM.Collect$$libinit$$00000010)
    .ARM.Collect$$libinit$$00000013          0x0800018e   Section        0  libinit2.o(.ARM.Collect$$libinit$$00000013)
    .ARM.Collect$$libinit$$00000015          0x0800018e   Section        0  libinit2.o(.ARM.Collect$$libinit$$00000015)
    .ARM.Collect$$libinit$$00000017          0x0800018e   Section        0  libinit2.o(.ARM.Collect$$libinit$$00000017)
    .ARM.Collect$$libinit$$00000019          0x0800018e   Section        0  libinit2.o(.ARM.Collect$$libinit$$00000019)
    .ARM.Collect$$libinit$$0000001B          0x0800018e   Section        0  libinit2.o(.ARM.Collect$$libinit$$0000001B)
    .ARM.Collect$$libinit$$0000001D          0x0800018e   Section        0  libinit2.o(.ARM.Collect$$libinit$$0000001D)
    .ARM.Collect$$libinit$$0000001F          0x0800018e   Section        0  libinit2.o(.ARM.Collect$$libinit$$0000001F)
    .ARM.Collect$$libinit$$00000021          0x0800018e   Section        0  libinit2.o(.ARM.Collect$$libinit$$00000021)
    .ARM.Collect$$libinit$$00000023          0x0800018e   Section        0  libinit2.o(.ARM.Collect$$libinit$$00000023)
    .ARM.Collect$$libinit$$00000025          0x0800018e   Section        0  libinit2.o(.ARM.Collect$$libinit$$00000025)
    .ARM.Collect$$libinit$$00000027          0x0800018e   Section        0  libinit2.o(.ARM.Collect$$libinit$$00000027)
    .ARM.Collect$$libinit$$0000002E          0x0800018e   Section        0  libinit2.o(.ARM.Collect$$libinit$$0000002E)
    .ARM.Collect$$libinit$$00000030          0x0800018e   Section        0  libinit2.o(.ARM.Collect$$libinit$$00000030)
    .ARM.Collect$$libinit$$00000032          0x0800018e   Section        0  libinit2.o(.ARM.Collect$$libinit$$00000032)
    .ARM.Collect$$libinit$$00000034          0x0800018e   Section        0  libinit2.o(.ARM.Collect$$libinit$$00000034)
    .ARM.Collect$$libinit$$00000035          0x0800018e   Section        2  libinit2.o(.ARM.Collect$$libinit$$00000035)
    .ARM.Collect$$libshutdown$$00000000      0x08000190   Section        2  libshutdown.o(.ARM.Collect$$libshutdown$$00000000)
    .ARM.Collect$$libshutdown$$00000002      0x08000192   Section        0  libshutdown2.o(.ARM.Collect$$libshutdown$$00000002)
    .ARM.Collect$$libshutdown$$00000004      0x08000192   Section        0  libshutdown2.o(.ARM.Collect$$libshutdown$$00000004)
    .ARM.Collect$$libshutdown$$00000007      0x08000192   Section        0  libshutdown2.o(.ARM.Collect$$libshutdown$$00000007)
    .ARM.Collect$$libshutdown$$0000000A      0x08000192   Section        0  libshutdown2.o(.ARM.Collect$$libshutdown$$0000000A)
    .ARM.Collect$$libshutdown$$0000000C      0x08000192   Section        0  libshutdown2.o(.ARM.Collect$$libshutdown$$0000000C)
    .ARM.Collect$$libshutdown$$0000000F      0x08000192   Section        0  libshutdown2.o(.ARM.Collect$$libshutdown$$0000000F)
    .ARM.Collect$$libshutdown$$00000010      0x08000192   Section        2  libshutdown2.o(.ARM.Collect$$libshutdown$$00000010)
    .ARM.Collect$$rtentry$$00000000          0x08000194   Section        0  __rtentry.o(.ARM.Collect$$rtentry$$00000000)
    .ARM.Collect$$rtentry$$00000002          0x08000194   Section        0  __rtentry2.o(.ARM.Collect$$rtentry$$00000002)
    .ARM.Collect$$rtentry$$00000004          0x08000194   Section        6  __rtentry4.o(.ARM.Collect$$rtentry$$00000004)
    .ARM.Collect$$rtentry$$00000008          0x0800019a   Section        8  __rtentry2.o(.ARM.Collect$$rtentry$$00000008)
    .ARM.Collect$$rtentry$$0000000A          0x080001a2   Section        4  __rtentry2.o(.ARM.Collect$$rtentry$$0000000A)
    .ARM.Collect$$rtentry$$0000000C          0x080001a6   Section        0  __rtentry2.o(.ARM.Collect$$rtentry$$0000000C)
    .ARM.Collect$$rtentry$$0000000D          0x080001a6   Section        8  __rtentry2.o(.ARM.Collect$$rtentry$$0000000D)
    .ARM.Collect$$rtexit$$00000000           0x080001ae   Section        2  rtexit.o(.ARM.Collect$$rtexit$$00000000)
    .ARM.Collect$$rtexit$$00000002           0x080001b0   Section        0  rtexit2.o(.ARM.Collect$$rtexit$$00000002)
    .ARM.Collect$$rtexit$$00000003           0x080001b0   Section        4  rtexit2.o(.ARM.Collect$$rtexit$$00000003)
    .ARM.Collect$$rtexit$$00000004           0x080001b4   Section        6  rtexit2.o(.ARM.Collect$$rtexit$$00000004)
    .text                                    0x080001bc   Section       64  startup_stm32f10x_md.o(.text)
    .text                                    0x080001fc   Section      138  rt_memcpy_v6.o(.text)
    .text                                    0x08000286   Section       16  aeabi_memset4.o(.text)
    .text                                    0x08000296   Section       78  rt_memclr_w.o(.text)
    .text                                    0x080002e4   Section        0  heapauxi.o(.text)
    .text                                    0x080002ea   Section      100  rt_memcpy_w.o(.text)
    .text                                    0x0800034e   Section       74  sys_stackheap_outer.o(.text)
    .text                                    0x08000398   Section        0  exit.o(.text)
    .text                                    0x080003ac   Section        8  libspace.o(.text)
    .text                                    0x080003b4   Section        0  sys_exit.o(.text)
    .text                                    0x080003c0   Section        2  use_no_semi.o(.text)
    .text                                    0x080003c2   Section        0  indicate_semi.o(.text)
    [Anonymous Symbol]                       0x080003c4   Section        0  stm32f10x_gpio.o(.text.GPIO_Init)
    [Anonymous Symbol]                       0x08000550   Section        0  port.o(.text.PendSV_Handler)
    pxCurrentTCBConst                        0x08000590   Number         0  port.o(.text.PendSV_Handler)
    [Anonymous Symbol]                       0x08000594   Section        0  stm32f10x_rcc.o(.text.RCC_APB2PeriphClockCmd)
    [Anonymous Symbol]                       0x080005cc   Section        0  stm32f10x_rcc.o(.text.RCC_GetClocksFreq)
    [Anonymous Symbol]                       0x08000740   Section        0  port.o(.text.SVC_Handler)
    pxCurrentTCBConst2                       0x08000760   Number         0  port.o(.text.SVC_Handler)
    SetSysClock                              0x08000765   Thumb Code     8  system_stm32f10x.o(.text.SetSysClock)
    [Anonymous Symbol]                       0x08000764   Section        0  system_stm32f10x.o(.text.SetSysClock)
    SetSysClockTo72                          0x0800076d   Thumb Code   290  system_stm32f10x.o(.text.SetSysClockTo72)
    [Anonymous Symbol]                       0x0800076c   Section        0  system_stm32f10x.o(.text.SetSysClockTo72)
    [Anonymous Symbol]                       0x08000890   Section        0  cmsis_os2.o(.text.SysTick_Handler)
    [Anonymous Symbol]                       0x080008b0   Section        0  system_stm32f10x.o(.text.SystemInit)
    [Anonymous Symbol]                       0x08000918   Section        0  main.o(.text.Task1)
    [Anonymous Symbol]                       0x08000934   Section        0  main.o(.text.Task2)
    [Anonymous Symbol]                       0x08000950   Section        0  main.o(.text.UART_SendChar)
    [Anonymous Symbol]                       0x08000984   Section        0  main.o(.text.UART_SendString)
    [Anonymous Symbol]                       0x080009a8   Section        0  stm32f10x_usart.o(.text.USART_Cmd)
    [Anonymous Symbol]                       0x080009d4   Section        0  main.o(.text.USART_Config)
    [Anonymous Symbol]                       0x08000a5c   Section        0  stm32f10x_usart.o(.text.USART_GetFlagStatus)
    [Anonymous Symbol]                       0x08000aa0   Section        0  stm32f10x_usart.o(.text.USART_Init)
    [Anonymous Symbol]                       0x08000bfc   Section        0  stm32f10x_usart.o(.text.USART_SendData)
    __tagsym$$used.1                         0x08000c14   Number         0  clib_arm.o(.text._mutex_acquire)
    [Anonymous Symbol]                       0x08000c14   Section        0  clib_arm.o(.text._mutex_acquire)
    __tagsym$$used.3                         0x08000c34   Number         0  clib_arm.o(.text._mutex_free)
    [Anonymous Symbol]                       0x08000c34   Section        0  clib_arm.o(.text._mutex_free)
    __tagsym$$used.0                         0x08000c88   Number         0  clib_arm.o(.text._mutex_initialize)
    [Anonymous Symbol]                       0x08000c88   Section        0  clib_arm.o(.text._mutex_initialize)
    __tagsym$$used.2                         0x08000d24   Number         0  clib_arm.o(.text._mutex_release)
    [Anonymous Symbol]                       0x08000d24   Section        0  clib_arm.o(.text._mutex_release)
    [Anonymous Symbol]                       0x08000d48   Section        0  clib_arm.o(.text._platform_post_stackheap_init)
    [Anonymous Symbol]                       0x08000d4c   Section        0  main.o(.text.main)
    os_kernel_is_active                      0x08000dad   Thumb Code    62  clib_arm.o(.text.os_kernel_is_active)
    [Anonymous Symbol]                       0x08000dac   Section        0  clib_arm.o(.text.os_kernel_is_active)
    prvAddCurrentTaskToDelayedList           0x08000ded   Thumb Code   220  tasks.o(.text.prvAddCurrentTaskToDelayedList)
    [Anonymous Symbol]                       0x08000dec   Section        0  tasks.o(.text.prvAddCurrentTaskToDelayedList)
    prvAddNewTaskToReadyList                 0x08000ec9   Thumb Code   290  tasks.o(.text.prvAddNewTaskToReadyList)
    [Anonymous Symbol]                       0x08000ec8   Section        0  tasks.o(.text.prvAddNewTaskToReadyList)
    prvCheckForValidListAndQueue             0x08000fed   Thumb Code   126  timers.o(.text.prvCheckForValidListAndQueue)
    [Anonymous Symbol]                       0x08000fec   Section        0  timers.o(.text.prvCheckForValidListAndQueue)
    prvCheckTasksWaitingTermination          0x0800106d   Thumb Code    90  tasks.o(.text.prvCheckTasksWaitingTermination)
    [Anonymous Symbol]                       0x0800106c   Section        0  tasks.o(.text.prvCheckTasksWaitingTermination)
    prvCopyDataFromQueue                     0x080010c9   Thumb Code    66  queue.o(.text.prvCopyDataFromQueue)
    [Anonymous Symbol]                       0x080010c8   Section        0  queue.o(.text.prvCopyDataFromQueue)
    prvCopyDataToQueue                       0x0800110d   Thumb Code   204  queue.o(.text.prvCopyDataToQueue)
    [Anonymous Symbol]                       0x0800110c   Section        0  queue.o(.text.prvCopyDataToQueue)
    prvDeleteTCB                             0x080011d9   Thumb Code    80  tasks.o(.text.prvDeleteTCB)
    [Anonymous Symbol]                       0x080011d8   Section        0  tasks.o(.text.prvDeleteTCB)
    prvGetDisinheritPriorityAfterTimeout     0x08001229   Thumb Code    38  queue.o(.text.prvGetDisinheritPriorityAfterTimeout)
    [Anonymous Symbol]                       0x08001228   Section        0  queue.o(.text.prvGetDisinheritPriorityAfterTimeout)
    prvGetNextExpireTime                     0x08001251   Thumb Code    64  timers.o(.text.prvGetNextExpireTime)
    [Anonymous Symbol]                       0x08001250   Section        0  timers.o(.text.prvGetNextExpireTime)
    prvHeapInit                              0x08001291   Thumb Code   188  heap_4.o(.text.prvHeapInit)
    [Anonymous Symbol]                       0x08001290   Section        0  heap_4.o(.text.prvHeapInit)
    prvIdleTask                              0x0800134d   Thumb Code    56  tasks.o(.text.prvIdleTask)
    [Anonymous Symbol]                       0x0800134c   Section        0  tasks.o(.text.prvIdleTask)
    prvInitialiseMutex                       0x08001385   Thumb Code    44  queue.o(.text.prvInitialiseMutex)
    [Anonymous Symbol]                       0x08001384   Section        0  queue.o(.text.prvInitialiseMutex)
    prvInitialiseNewQueue                    0x080013b1   Thumb Code    72  queue.o(.text.prvInitialiseNewQueue)
    [Anonymous Symbol]                       0x080013b0   Section        0  queue.o(.text.prvInitialiseNewQueue)
    prvInitialiseNewTask                     0x080013f9   Thumb Code   282  tasks.o(.text.prvInitialiseNewTask)
    [Anonymous Symbol]                       0x080013f8   Section        0  tasks.o(.text.prvInitialiseNewTask)
    prvInitialiseTaskLists                   0x08001515   Thumb Code   142  tasks.o(.text.prvInitialiseTaskLists)
    [Anonymous Symbol]                       0x08001514   Section        0  tasks.o(.text.prvInitialiseTaskLists)
    prvInsertBlockIntoFreeList               0x080015a5   Thumb Code   198  heap_4.o(.text.prvInsertBlockIntoFreeList)
    [Anonymous Symbol]                       0x080015a4   Section        0  heap_4.o(.text.prvInsertBlockIntoFreeList)
    prvInsertTimerInActiveList               0x0800166d   Thumb Code   134  timers.o(.text.prvInsertTimerInActiveList)
    [Anonymous Symbol]                       0x0800166c   Section        0  timers.o(.text.prvInsertTimerInActiveList)
    prvIsQueueEmpty                          0x080016f5   Thumb Code    40  queue.o(.text.prvIsQueueEmpty)
    [Anonymous Symbol]                       0x080016f4   Section        0  queue.o(.text.prvIsQueueEmpty)
    prvIsQueueFull                           0x0800171d   Thumb Code    46  queue.o(.text.prvIsQueueFull)
    [Anonymous Symbol]                       0x0800171c   Section        0  queue.o(.text.prvIsQueueFull)
    prvPortStartFirstTask                    0x0800174d   Thumb Code    26  port.o(.text.prvPortStartFirstTask)
    [Anonymous Symbol]                       0x0800174c   Section        0  port.o(.text.prvPortStartFirstTask)
    prvProcessExpiredTimer                   0x0800176d   Thumb Code   128  timers.o(.text.prvProcessExpiredTimer)
    [Anonymous Symbol]                       0x0800176c   Section        0  timers.o(.text.prvProcessExpiredTimer)
    prvProcessReceivedCommands               0x080017ed   Thumb Code   360  timers.o(.text.prvProcessReceivedCommands)
    [Anonymous Symbol]                       0x080017ec   Section        0  timers.o(.text.prvProcessReceivedCommands)
    prvProcessTimerOrBlockTask               0x08001955   Thumb Code   154  timers.o(.text.prvProcessTimerOrBlockTask)
    [Anonymous Symbol]                       0x08001954   Section        0  timers.o(.text.prvProcessTimerOrBlockTask)
    prvResetNextTaskUnblockTime              0x080019f1   Thumb Code    70  tasks.o(.text.prvResetNextTaskUnblockTime)
    [Anonymous Symbol]                       0x080019f0   Section        0  tasks.o(.text.prvResetNextTaskUnblockTime)
    prvSampleTimeNow                         0x08001a39   Thumb Code    68  timers.o(.text.prvSampleTimeNow)
    [Anonymous Symbol]                       0x08001a38   Section        0  timers.o(.text.prvSampleTimeNow)
    prvSwitchTimerLists                      0x08001a7d   Thumb Code   198  timers.o(.text.prvSwitchTimerLists)
    [Anonymous Symbol]                       0x08001a7c   Section        0  timers.o(.text.prvSwitchTimerLists)
    prvTaskExitError                         0x08001b45   Thumb Code    62  port.o(.text.prvTaskExitError)
    [Anonymous Symbol]                       0x08001b44   Section        0  port.o(.text.prvTaskExitError)
    prvTimerTask                             0x08001b85   Thumb Code    30  timers.o(.text.prvTimerTask)
    [Anonymous Symbol]                       0x08001b84   Section        0  timers.o(.text.prvTimerTask)
    prvUnlockQueue                           0x08001ba5   Thumb Code   174  queue.o(.text.prvUnlockQueue)
    [Anonymous Symbol]                       0x08001ba4   Section        0  queue.o(.text.prvUnlockQueue)
    [Anonymous Symbol]                       0x08001c54   Section        0  heap_4.o(.text.pvPortMalloc)
    [Anonymous Symbol]                       0x08001e18   Section        0  tasks.o(.text.pvTaskIncrementMutexHeldCount)
    [Anonymous Symbol]                       0x08001e44   Section        0  port.o(.text.pxPortInitialiseStack)
    [Anonymous Symbol]                       0x08001e94   Section        0  list.o(.text.uxListRemove)
    [Anonymous Symbol]                       0x08001edc   Section        0  cmsis_os2.o(.text.vApplicationGetIdleTaskMemory)
    [Anonymous Symbol]                       0x08001f08   Section        0  cmsis_os2.o(.text.vApplicationGetTimerTaskMemory)
    [Anonymous Symbol]                       0x08001f34   Section        0  cmsis_os2.o(.text.vApplicationStackOverflowHook)
    [Anonymous Symbol]                       0x08001f44   Section        0  list.o(.text.vListInitialise)
    [Anonymous Symbol]                       0x08001f74   Section        0  list.o(.text.vListInitialiseItem)
    [Anonymous Symbol]                       0x08001f84   Section        0  list.o(.text.vListInsert)
    [Anonymous Symbol]                       0x08001ff0   Section        0  list.o(.text.vListInsertEnd)
    [Anonymous Symbol]                       0x0800202c   Section        0  port.o(.text.vPortEnterCritical)
    [Anonymous Symbol]                       0x08002074   Section        0  port.o(.text.vPortExitCritical)
    [Anonymous Symbol]                       0x080020b0   Section        0  heap_4.o(.text.vPortFree)
    [Anonymous Symbol]                       0x08002164   Section        0  port.o(.text.vPortSetupTimerInterrupt)
    [Anonymous Symbol]                       0x080021a8   Section        0  port.o(.text.vPortValidateInterruptPriority)
    [Anonymous Symbol]                       0x08002210   Section        0  queue.o(.text.vQueueDelete)
    [Anonymous Symbol]                       0x08002240   Section        0  queue.o(.text.vQueueWaitForMessageRestricted)
    [Anonymous Symbol]                       0x080022a4   Section        0  tasks.o(.text.vTaskDelay)
    [Anonymous Symbol]                       0x08002304   Section        0  tasks.o(.text.vTaskInternalSetTimeOutState)
    [Anonymous Symbol]                       0x08002328   Section        0  tasks.o(.text.vTaskMissedYield)
    [Anonymous Symbol]                       0x08002338   Section        0  tasks.o(.text.vTaskPlaceOnEventList)
    [Anonymous Symbol]                       0x0800236c   Section        0  tasks.o(.text.vTaskPlaceOnEventListRestricted)
    [Anonymous Symbol]                       0x080023b0   Section        0  tasks.o(.text.vTaskPriorityDisinheritAfterTimeout)
    [Anonymous Symbol]                       0x080024c8   Section        0  tasks.o(.text.vTaskStartScheduler)
    [Anonymous Symbol]                       0x0800259c   Section        0  tasks.o(.text.vTaskSuspendAll)
    [Anonymous Symbol]                       0x080025ac   Section        0  tasks.o(.text.vTaskSwitchContext)
    [Anonymous Symbol]                       0x080026c0   Section        0  port.o(.text.xPortStartScheduler)
    [Anonymous Symbol]                       0x0800279c   Section        0  port.o(.text.xPortSysTickHandler)
    [Anonymous Symbol]                       0x080027d8   Section        0  queue.o(.text.xQueueCreateMutex)
    [Anonymous Symbol]                       0x08002800   Section        0  queue.o(.text.xQueueCreateMutexStatic)
    [Anonymous Symbol]                       0x08002834   Section        0  queue.o(.text.xQueueGenericCreate)
    [Anonymous Symbol]                       0x0800289c   Section        0  queue.o(.text.xQueueGenericCreateStatic)
    [Anonymous Symbol]                       0x08002964   Section        0  queue.o(.text.xQueueGenericReset)
    [Anonymous Symbol]                       0x08002a10   Section        0  queue.o(.text.xQueueGenericSend)
    [Anonymous Symbol]                       0x08002c04   Section        0  queue.o(.text.xQueueGenericSendFromISR)
    [Anonymous Symbol]                       0x08002d28   Section        0  queue.o(.text.xQueueReceive)
    [Anonymous Symbol]                       0x08002edc   Section        0  queue.o(.text.xQueueSemaphoreTake)
    [Anonymous Symbol]                       0x080030d0   Section        0  tasks.o(.text.xTaskCheckForTimeOut)
    [Anonymous Symbol]                       0x080031ac   Section        0  tasks.o(.text.xTaskCreate)
    [Anonymous Symbol]                       0x0800324c   Section        0  tasks.o(.text.xTaskCreateStatic)
    [Anonymous Symbol]                       0x080032f0   Section        0  tasks.o(.text.xTaskGetSchedulerState)
    [Anonymous Symbol]                       0x08003328   Section        0  tasks.o(.text.xTaskGetTickCount)
    [Anonymous Symbol]                       0x0800333c   Section        0  tasks.o(.text.xTaskIncrementTick)
    [Anonymous Symbol]                       0x080034f4   Section        0  tasks.o(.text.xTaskPriorityDisinherit)
    [Anonymous Symbol]                       0x080035c4   Section        0  tasks.o(.text.xTaskPriorityInherit)
    [Anonymous Symbol]                       0x080036d4   Section        0  tasks.o(.text.xTaskRemoveFromEventList)
    [Anonymous Symbol]                       0x08003794   Section        0  tasks.o(.text.xTaskResumeAll)
    [Anonymous Symbol]                       0x0800390c   Section        0  timers.o(.text.xTimerCreateTimerTask)
    [Anonymous Symbol]                       0x08003994   Section        0  timers.o(.text.xTimerGenericCommand)
    ADCPrescTable                            0x08003a36   Data           4  stm32f10x_rcc.o(.rodata.ADCPrescTable)
    [Anonymous Symbol]                       0x08003a36   Section        0  stm32f10x_rcc.o(.rodata.ADCPrescTable)
    APBAHBPrescTable                         0x08003a3a   Data          16  stm32f10x_rcc.o(.rodata.APBAHBPrescTable)
    [Anonymous Symbol]                       0x08003a3a   Section        0  stm32f10x_rcc.o(.rodata.APBAHBPrescTable)
    .L.str.2                                 0x08003a4a   Data          26  main.o(.rodata.str1.1)
    [Anonymous Symbol]                       0x08003a4a   Section        0  main.o(.rodata.str1.1)
    .L.str.3                                 0x08003a64   Data          26  main.o(.rodata.str1.1)
    .L.str                                   0x08003a7e   Data           3  main.o(.rodata.str1.1)
    .L.str.1                                 0x08003a81   Data           3  main.o(.rodata.str1.1)
    .L.str                                   0x08003a84   Data           5  tasks.o(.rodata.str1.1)
    [Anonymous Symbol]                       0x08003a84   Section        0  tasks.o(.rodata.str1.1)
    .L.str                                   0x08003a89   Data           8  timers.o(.rodata.str1.1)
    [Anonymous Symbol]                       0x08003a89   Section        0  timers.o(.rodata.str1.1)
    uxCriticalNesting                        0x20000004   Data           4  port.o(.data.uxCriticalNesting)
    [Anonymous Symbol]                       0x20000004   Section        0  port.o(.data.uxCriticalNesting)
    .bss                                     0x20000008   Section       96  libspace.o(.bss)
    clib_mutex_cb                            0x20000068   Data         400  clib_arm.o(.bss.clib_mutex_cb)
    [Anonymous Symbol]                       0x20000068   Section        0  clib_arm.o(.bss.clib_mutex_cb)
    clib_mutex_id                            0x200001f8   Data          20  clib_arm.o(.bss.clib_mutex_id)
    [Anonymous Symbol]                       0x200001f8   Section        0  clib_arm.o(.bss.clib_mutex_id)
    os_kernel_is_active.os_kernel_active     0x2000020c   Data           1  clib_arm.o(.bss.os_kernel_is_active.os_kernel_active)
    [Anonymous Symbol]                       0x2000020c   Section        0  clib_arm.o(.bss.os_kernel_is_active.os_kernel_active)
    prvCheckForValidListAndQueue.ucStaticTimerQueueStorage 0x2000020d   Data          80  timers.o(.bss.prvCheckForValidListAndQueue.ucStaticTimerQueueStorage)
    [Anonymous Symbol]                       0x2000020d   Section        0  timers.o(.bss.prvCheckForValidListAndQueue.ucStaticTimerQueueStorage)
    prvCheckForValidListAndQueue.xStaticTimerQueue 0x20000260   Data          80  timers.o(.bss.prvCheckForValidListAndQueue.xStaticTimerQueue)
    [Anonymous Symbol]                       0x20000260   Section        0  timers.o(.bss.prvCheckForValidListAndQueue.xStaticTimerQueue)
    prvSampleTimeNow.xLastTime               0x200002b0   Data           4  timers.o(.bss.prvSampleTimeNow.xLastTime)
    [Anonymous Symbol]                       0x200002b0   Section        0  timers.o(.bss.prvSampleTimeNow.xLastTime)
    pxCurrentTimerList                       0x200002b8   Data           4  timers.o(.bss.pxCurrentTimerList)
    [Anonymous Symbol]                       0x200002b8   Section        0  timers.o(.bss.pxCurrentTimerList)
    pxDelayedTaskList                        0x200002bc   Data           4  tasks.o(.bss.pxDelayedTaskList)
    [Anonymous Symbol]                       0x200002bc   Section        0  tasks.o(.bss.pxDelayedTaskList)
    pxEnd                                    0x200002c0   Data           4  heap_4.o(.bss.pxEnd)
    [Anonymous Symbol]                       0x200002c0   Section        0  heap_4.o(.bss.pxEnd)
    pxOverflowDelayedTaskList                0x200002c4   Data           4  tasks.o(.bss.pxOverflowDelayedTaskList)
    [Anonymous Symbol]                       0x200002c4   Section        0  tasks.o(.bss.pxOverflowDelayedTaskList)
    pxOverflowTimerList                      0x200002c8   Data           4  timers.o(.bss.pxOverflowTimerList)
    [Anonymous Symbol]                       0x200002c8   Section        0  timers.o(.bss.pxOverflowTimerList)
    pxReadyTasksLists                        0x200002cc   Data        1120  tasks.o(.bss.pxReadyTasksLists)
    [Anonymous Symbol]                       0x200002cc   Section        0  tasks.o(.bss.pxReadyTasksLists)
    ucHeap                                   0x2000072c   Data        8192  heap_4.o(.bss.ucHeap)
    [Anonymous Symbol]                       0x2000072c   Section        0  heap_4.o(.bss.ucHeap)
    ucMaxSysCallPriority                     0x2000272c   Data           1  port.o(.bss.ucMaxSysCallPriority)
    [Anonymous Symbol]                       0x2000272c   Section        0  port.o(.bss.ucMaxSysCallPriority)
    ulMaxPRIGROUPValue                       0x20002730   Data           4  port.o(.bss.ulMaxPRIGROUPValue)
    [Anonymous Symbol]                       0x20002730   Section        0  port.o(.bss.ulMaxPRIGROUPValue)
    uxCurrentNumberOfTasks                   0x20002734   Data           4  tasks.o(.bss.uxCurrentNumberOfTasks)
    [Anonymous Symbol]                       0x20002734   Section        0  tasks.o(.bss.uxCurrentNumberOfTasks)
    uxDeletedTasksWaitingCleanUp             0x20002738   Data           4  tasks.o(.bss.uxDeletedTasksWaitingCleanUp)
    [Anonymous Symbol]                       0x20002738   Section        0  tasks.o(.bss.uxDeletedTasksWaitingCleanUp)
    uxSchedulerSuspended                     0x2000273c   Data           4  tasks.o(.bss.uxSchedulerSuspended)
    [Anonymous Symbol]                       0x2000273c   Section        0  tasks.o(.bss.uxSchedulerSuspended)
    uxTaskNumber                             0x20002740   Data           4  tasks.o(.bss.uxTaskNumber)
    [Anonymous Symbol]                       0x20002740   Section        0  tasks.o(.bss.uxTaskNumber)
    uxTopReadyPriority                       0x20002744   Data           4  tasks.o(.bss.uxTopReadyPriority)
    [Anonymous Symbol]                       0x20002744   Section        0  tasks.o(.bss.uxTopReadyPriority)
    vApplicationGetIdleTaskMemory.Idle_Stack 0x20002748   Data         512  cmsis_os2.o(.bss.vApplicationGetIdleTaskMemory.Idle_Stack)
    [Anonymous Symbol]                       0x20002748   Section        0  cmsis_os2.o(.bss.vApplicationGetIdleTaskMemory.Idle_Stack)
    vApplicationGetIdleTaskMemory.Idle_TCB   0x20002948   Data          92  cmsis_os2.o(.bss.vApplicationGetIdleTaskMemory.Idle_TCB)
    [Anonymous Symbol]                       0x20002948   Section        0  cmsis_os2.o(.bss.vApplicationGetIdleTaskMemory.Idle_TCB)
    vApplicationGetTimerTaskMemory.Timer_Stack 0x200029a4   Data         512  cmsis_os2.o(.bss.vApplicationGetTimerTaskMemory.Timer_Stack)
    [Anonymous Symbol]                       0x200029a4   Section        0  cmsis_os2.o(.bss.vApplicationGetTimerTaskMemory.Timer_Stack)
    vApplicationGetTimerTaskMemory.Timer_TCB 0x20002ba4   Data          92  cmsis_os2.o(.bss.vApplicationGetTimerTaskMemory.Timer_TCB)
    [Anonymous Symbol]                       0x20002ba4   Section        0  cmsis_os2.o(.bss.vApplicationGetTimerTaskMemory.Timer_TCB)
    xActiveTimerList1                        0x20002c00   Data          20  timers.o(.bss.xActiveTimerList1)
    [Anonymous Symbol]                       0x20002c00   Section        0  timers.o(.bss.xActiveTimerList1)
    xActiveTimerList2                        0x20002c14   Data          20  timers.o(.bss.xActiveTimerList2)
    [Anonymous Symbol]                       0x20002c14   Section        0  timers.o(.bss.xActiveTimerList2)
    xBlockAllocatedBit                       0x20002c28   Data           4  heap_4.o(.bss.xBlockAllocatedBit)
    [Anonymous Symbol]                       0x20002c28   Section        0  heap_4.o(.bss.xBlockAllocatedBit)
    xDelayedTaskList1                        0x20002c2c   Data          20  tasks.o(.bss.xDelayedTaskList1)
    [Anonymous Symbol]                       0x20002c2c   Section        0  tasks.o(.bss.xDelayedTaskList1)
    xDelayedTaskList2                        0x20002c40   Data          20  tasks.o(.bss.xDelayedTaskList2)
    [Anonymous Symbol]                       0x20002c40   Section        0  tasks.o(.bss.xDelayedTaskList2)
    xFreeBytesRemaining                      0x20002c54   Data           4  heap_4.o(.bss.xFreeBytesRemaining)
    [Anonymous Symbol]                       0x20002c54   Section        0  heap_4.o(.bss.xFreeBytesRemaining)
    xIdleTaskHandle                          0x20002c58   Data           4  tasks.o(.bss.xIdleTaskHandle)
    [Anonymous Symbol]                       0x20002c58   Section        0  tasks.o(.bss.xIdleTaskHandle)
    xMinimumEverFreeBytesRemaining           0x20002c5c   Data           4  heap_4.o(.bss.xMinimumEverFreeBytesRemaining)
    [Anonymous Symbol]                       0x20002c5c   Section        0  heap_4.o(.bss.xMinimumEverFreeBytesRemaining)
    xNextTaskUnblockTime                     0x20002c60   Data           4  tasks.o(.bss.xNextTaskUnblockTime)
    [Anonymous Symbol]                       0x20002c60   Section        0  tasks.o(.bss.xNextTaskUnblockTime)
    xNumOfOverflows                          0x20002c64   Data           4  tasks.o(.bss.xNumOfOverflows)
    [Anonymous Symbol]                       0x20002c64   Section        0  tasks.o(.bss.xNumOfOverflows)
    xNumberOfSuccessfulAllocations           0x20002c68   Data           4  heap_4.o(.bss.xNumberOfSuccessfulAllocations)
    [Anonymous Symbol]                       0x20002c68   Section        0  heap_4.o(.bss.xNumberOfSuccessfulAllocations)
    xNumberOfSuccessfulFrees                 0x20002c6c   Data           4  heap_4.o(.bss.xNumberOfSuccessfulFrees)
    [Anonymous Symbol]                       0x20002c6c   Section        0  heap_4.o(.bss.xNumberOfSuccessfulFrees)
    xPendedTicks                             0x20002c70   Data           4  tasks.o(.bss.xPendedTicks)
    [Anonymous Symbol]                       0x20002c70   Section        0  tasks.o(.bss.xPendedTicks)
    xPendingReadyList                        0x20002c74   Data          20  tasks.o(.bss.xPendingReadyList)
    [Anonymous Symbol]                       0x20002c74   Section        0  tasks.o(.bss.xPendingReadyList)
    xSchedulerRunning                        0x20002c88   Data           4  tasks.o(.bss.xSchedulerRunning)
    [Anonymous Symbol]                       0x20002c88   Section        0  tasks.o(.bss.xSchedulerRunning)
    xStart                                   0x20002c8c   Data           8  heap_4.o(.bss.xStart)
    [Anonymous Symbol]                       0x20002c8c   Section        0  heap_4.o(.bss.xStart)
    xSuspendedTaskList                       0x20002c94   Data          20  tasks.o(.bss.xSuspendedTaskList)
    [Anonymous Symbol]                       0x20002c94   Section        0  tasks.o(.bss.xSuspendedTaskList)
    xTasksWaitingTermination                 0x20002ca8   Data          20  tasks.o(.bss.xTasksWaitingTermination)
    [Anonymous Symbol]                       0x20002ca8   Section        0  tasks.o(.bss.xTasksWaitingTermination)
    xTickCount                               0x20002cbc   Data           4  tasks.o(.bss.xTickCount)
    [Anonymous Symbol]                       0x20002cbc   Section        0  tasks.o(.bss.xTickCount)
    xTimerQueue                              0x20002cc0   Data           4  timers.o(.bss.xTimerQueue)
    [Anonymous Symbol]                       0x20002cc0   Section        0  timers.o(.bss.xTimerQueue)
    xTimerTaskHandle                         0x20002cc4   Data           4  timers.o(.bss.xTimerTaskHandle)
    [Anonymous Symbol]                       0x20002cc4   Section        0  timers.o(.bss.xTimerTaskHandle)
    xYieldPending                            0x20002cc8   Data           4  tasks.o(.bss.xYieldPending)
    [Anonymous Symbol]                       0x20002cc8   Section        0  tasks.o(.bss.xYieldPending)
    Heap_Mem                                 0x20002cd0   Data         512  startup_stm32f10x_md.o(HEAP)
    HEAP                                     0x20002cd0   Section      512  startup_stm32f10x_md.o(HEAP)
    Stack_Mem                                0x20002ed0   Data        1024  startup_stm32f10x_md.o(STACK)
    STACK                                    0x20002ed0   Section     1024  startup_stm32f10x_md.o(STACK)
    __initial_sp                             0x200032d0   Data           0  startup_stm32f10x_md.o(STACK)

    Global Symbols

    Symbol Name                              Value     Ov Type        Size  Object(Section)

    BuildAttributes$$THM_ISAv4$P$D$K$B$S$PE$A:L22UL41UL21$X:L11$S22US41US21$IEEE1$IW$~IW$USESV6$~STKCKD$USESV7$~SHL$OSPACE$ROPI$EBA8$UX$STANDARDLIB$REQ8$PRES8$EABIv2 0x00000000   Number         0  anon$$obj.o ABSOLUTE
    __fp_init_empty                          0x00000000   Number         0  fpinit_empty.o ABSOLUTE
    __ARM_exceptions_init                     - Undefined Weak Reference
    __alloca_initialize                       - Undefined Weak Reference
    __arm_preinit_                            - Undefined Weak Reference
    __arm_relocate_pie_                       - Undefined Weak Reference
    __cpp_initialize__aeabi_                  - Undefined Weak Reference
    __cxa_finalize                            - Undefined Weak Reference
    __rt_locale                               - Undefined Weak Reference
    __sigvec_lookup                           - Undefined Weak Reference
    _atexit_init                              - Undefined Weak Reference
    _call_atexit_fns                          - Undefined Weak Reference
    _clock_init                               - Undefined Weak Reference
    _fp_trap_init                             - Undefined Weak Reference
    _fp_trap_shutdown                         - Undefined Weak Reference
    _get_lc_collate                           - Undefined Weak Reference
    _get_lc_ctype                             - Undefined Weak Reference
    _get_lc_monetary                          - Undefined Weak Reference
    _get_lc_numeric                           - Undefined Weak Reference
    _get_lc_time                              - Undefined Weak Reference
    _getenv_init                              - Undefined Weak Reference
    _handle_redirection                       - Undefined Weak Reference
    _init_alloc                               - Undefined Weak Reference
    _init_user_alloc                          - Undefined Weak Reference
    _initio                                   - Undefined Weak Reference
    _rand_init                                - Undefined Weak Reference
    _signal_finish                            - Undefined Weak Reference
    _signal_init                              - Undefined Weak Reference
    _terminate_alloc                          - Undefined Weak Reference
    _terminate_user_alloc                     - Undefined Weak Reference
    _terminateio                              - Undefined Weak Reference
    __Vectors_Size                           0x000000ec   Number         0  startup_stm32f10x_md.o ABSOLUTE
    __Vectors                                0x08000000   Data           4  startup_stm32f10x_md.o(RESET)
    __Vectors_End                            0x080000ec   Data           0  startup_stm32f10x_md.o(RESET)
    __main                                   0x080000ed   Thumb Code     8  __main.o(!!!main)
    __scatterload                            0x080000f5   Thumb Code     0  __scatter.o(!!!scatter)
    __scatterload_rt2                        0x080000f5   Thumb Code    84  __scatter.o(!!!scatter)
    __scatterload_rt2_thumb_only             0x080000f5   Thumb Code     0  __scatter.o(!!!scatter)
    __scatterload_loop                       0x080000ff   Thumb Code     0  __scatter.o(!!!scatter)
    __scatterload_copy                       0x08000151   Thumb Code    26  __scatter_copy.o(!!handler_copy)
    __scatterload_null                       0x0800016d   Thumb Code     2  __scatter.o(!!handler_null)
    __scatterload_zeroinit                   0x08000171   Thumb Code    28  __scatter_zi.o(!!handler_zi)
    __rt_lib_init                            0x0800018d   Thumb Code     0  libinit.o(.ARM.Collect$$libinit$$00000000)
    __rt_lib_init_alloca_1                   0x0800018f   Thumb Code     0  libinit2.o(.ARM.Collect$$libinit$$00000030)
    __rt_lib_init_argv_1                     0x0800018f   Thumb Code     0  libinit2.o(.ARM.Collect$$libinit$$0000002E)
    __rt_lib_init_atexit_1                   0x0800018f   Thumb Code     0  libinit2.o(.ARM.Collect$$libinit$$0000001D)
    __rt_lib_init_clock_1                    0x0800018f   Thumb Code     0  libinit2.o(.ARM.Collect$$libinit$$00000023)
    __rt_lib_init_cpp_1                      0x0800018f   Thumb Code     0  libinit2.o(.ARM.Collect$$libinit$$00000034)
    __rt_lib_init_exceptions_1               0x0800018f   Thumb Code     0  libinit2.o(.ARM.Collect$$libinit$$00000032)
    __rt_lib_init_fp_1                       0x0800018f   Thumb Code     0  libinit2.o(.ARM.Collect$$libinit$$00000002)
    __rt_lib_init_fp_trap_1                  0x0800018f   Thumb Code     0  libinit2.o(.ARM.Collect$$libinit$$00000021)
    __rt_lib_init_getenv_1                   0x0800018f   Thumb Code     0  libinit2.o(.ARM.Collect$$libinit$$00000025)
    __rt_lib_init_heap_1                     0x0800018f   Thumb Code     0  libinit2.o(.ARM.Collect$$libinit$$0000000C)
    __rt_lib_init_lc_collate_1               0x0800018f   Thumb Code     0  libinit2.o(.ARM.Collect$$libinit$$00000013)
    __rt_lib_init_lc_ctype_1                 0x0800018f   Thumb Code     0  libinit2.o(.ARM.Collect$$libinit$$00000015)
    __rt_lib_init_lc_monetary_1              0x0800018f   Thumb Code     0  libinit2.o(.ARM.Collect$$libinit$$00000017)
    __rt_lib_init_lc_numeric_1               0x0800018f   Thumb Code     0  libinit2.o(.ARM.Collect$$libinit$$00000019)
    __rt_lib_init_lc_time_1                  0x0800018f   Thumb Code     0  libinit2.o(.ARM.Collect$$libinit$$0000001B)
    __rt_lib_init_preinit_1                  0x0800018f   Thumb Code     0  libinit2.o(.ARM.Collect$$libinit$$00000006)
    __rt_lib_init_rand_1                     0x0800018f   Thumb Code     0  libinit2.o(.ARM.Collect$$libinit$$00000010)
    __rt_lib_init_relocate_pie_1             0x0800018f   Thumb Code     0  libinit2.o(.ARM.Collect$$libinit$$00000004)
    __rt_lib_init_return                     0x0800018f   Thumb Code     0  libinit2.o(.ARM.Collect$$libinit$$00000035)
    __rt_lib_init_signal_1                   0x0800018f   Thumb Code     0  libinit2.o(.ARM.Collect$$libinit$$0000001F)
    __rt_lib_init_stdio_1                    0x0800018f   Thumb Code     0  libinit2.o(.ARM.Collect$$libinit$$00000027)
    __rt_lib_init_user_alloc_1               0x0800018f   Thumb Code     0  libinit2.o(.ARM.Collect$$libinit$$0000000E)
    __rt_lib_shutdown                        0x08000191   Thumb Code     0  libshutdown.o(.ARM.Collect$$libshutdown$$00000000)
    __rt_lib_shutdown_cpp_1                  0x08000193   Thumb Code     0  libshutdown2.o(.ARM.Collect$$libshutdown$$00000002)
    __rt_lib_shutdown_fp_trap_1              0x08000193   Thumb Code     0  libshutdown2.o(.ARM.Collect$$libshutdown$$00000007)
    __rt_lib_shutdown_heap_1                 0x08000193   Thumb Code     0  libshutdown2.o(.ARM.Collect$$libshutdown$$0000000F)
    __rt_lib_shutdown_return                 0x08000193   Thumb Code     0  libshutdown2.o(.ARM.Collect$$libshutdown$$00000010)
    __rt_lib_shutdown_signal_1               0x08000193   Thumb Code     0  libshutdown2.o(.ARM.Collect$$libshutdown$$0000000A)
    __rt_lib_shutdown_stdio_1                0x08000193   Thumb Code     0  libshutdown2.o(.ARM.Collect$$libshutdown$$00000004)
    __rt_lib_shutdown_user_alloc_1           0x08000193   Thumb Code     0  libshutdown2.o(.ARM.Collect$$libshutdown$$0000000C)
    __rt_entry                               0x08000195   Thumb Code     0  __rtentry.o(.ARM.Collect$$rtentry$$00000000)
    __rt_entry_presh_1                       0x08000195   Thumb Code     0  __rtentry2.o(.ARM.Collect$$rtentry$$00000002)
    __rt_entry_sh                            0x08000195   Thumb Code     0  __rtentry4.o(.ARM.Collect$$rtentry$$00000004)
    __rt_entry_postsh_1                      0x0800019b   Thumb Code     0  __rtentry2.o(.ARM.Collect$$rtentry$$00000008)
    __rt_entry_li                            0x080001a3   Thumb Code     0  __rtentry2.o(.ARM.Collect$$rtentry$$0000000A)
    __rt_entry_main                          0x080001a7   Thumb Code     0  __rtentry2.o(.ARM.Collect$$rtentry$$0000000D)
    __rt_entry_postli_1                      0x080001a7   Thumb Code     0  __rtentry2.o(.ARM.Collect$$rtentry$$0000000C)
    __rt_exit                                0x080001af   Thumb Code     0  rtexit.o(.ARM.Collect$$rtexit$$00000000)
    __rt_exit_ls                             0x080001b1   Thumb Code     0  rtexit2.o(.ARM.Collect$$rtexit$$00000003)
    __rt_exit_prels_1                        0x080001b1   Thumb Code     0  rtexit2.o(.ARM.Collect$$rtexit$$00000002)
    __rt_exit_exit                           0x080001b5   Thumb Code     0  rtexit2.o(.ARM.Collect$$rtexit$$00000004)
    Reset_Handler                            0x080001bd   Thumb Code     8  startup_stm32f10x_md.o(.text)
    NMI_Handler                              0x080001c5   Thumb Code     2  startup_stm32f10x_md.o(.text)
    HardFault_Handler                        0x080001c7   Thumb Code     2  startup_stm32f10x_md.o(.text)
    MemManage_Handler                        0x080001c9   Thumb Code     2  startup_stm32f10x_md.o(.text)
    BusFault_Handler                         0x080001cb   Thumb Code     2  startup_stm32f10x_md.o(.text)
    UsageFault_Handler                       0x080001cd   Thumb Code     2  startup_stm32f10x_md.o(.text)
    DebugMon_Handler                         0x080001d1   Thumb Code     2  startup_stm32f10x_md.o(.text)
    ADC1_2_IRQHandler                        0x080001d7   Thumb Code     0  startup_stm32f10x_md.o(.text)
    CAN1_RX1_IRQHandler                      0x080001d7   Thumb Code     0  startup_stm32f10x_md.o(.text)
    CAN1_SCE_IRQHandler                      0x080001d7   Thumb Code     0  startup_stm32f10x_md.o(.text)
    DMA1_Channel1_IRQHandler                 0x080001d7   Thumb Code     0  startup_stm32f10x_md.o(.text)
    DMA1_Channel2_IRQHandler                 0x080001d7   Thumb Code     0  startup_stm32f10x_md.o(.text)
    DMA1_Channel3_IRQHandler                 0x080001d7   Thumb Code     0  startup_stm32f10x_md.o(.text)
    DMA1_Channel4_IRQHandler                 0x080001d7   Thumb Code     0  startup_stm32f10x_md.o(.text)
    DMA1_Channel5_IRQHandler                 0x080001d7   Thumb Code     0  startup_stm32f10x_md.o(.text)
    DMA1_Channel6_IRQHandler                 0x080001d7   Thumb Code     0  startup_stm32f10x_md.o(.text)
    DMA1_Channel7_IRQHandler                 0x080001d7   Thumb Code     0  startup_stm32f10x_md.o(.text)
    EXTI0_IRQHandler                         0x080001d7   Thumb Code     0  startup_stm32f10x_md.o(.text)
    EXTI15_10_IRQHandler                     0x080001d7   Thumb Code     0  startup_stm32f10x_md.o(.text)
    EXTI1_IRQHandler                         0x080001d7   Thumb Code     0  startup_stm32f10x_md.o(.text)
    EXTI2_IRQHandler                         0x080001d7   Thumb Code     0  startup_stm32f10x_md.o(.text)
    EXTI3_IRQHandler                         0x080001d7   Thumb Code     0  startup_stm32f10x_md.o(.text)
    EXTI4_IRQHandler                         0x080001d7   Thumb Code     0  startup_stm32f10x_md.o(.text)
    EXTI9_5_IRQHandler                       0x080001d7   Thumb Code     0  startup_stm32f10x_md.o(.text)
    FLASH_IRQHandler                         0x080001d7   Thumb Code     0  startup_stm32f10x_md.o(.text)
    I2C1_ER_IRQHandler                       0x080001d7   Thumb Code     0  startup_stm32f10x_md.o(.text)
    I2C1_EV_IRQHandler                       0x080001d7   Thumb Code     0  startup_stm32f10x_md.o(.text)
    I2C2_ER_IRQHandler                       0x080001d7   Thumb Code     0  startup_stm32f10x_md.o(.text)
    I2C2_EV_IRQHandler                       0x080001d7   Thumb Code     0  startup_stm32f10x_md.o(.text)
    PVD_IRQHandler                           0x080001d7   Thumb Code     0  startup_stm32f10x_md.o(.text)
    RCC_IRQHandler                           0x080001d7   Thumb Code     0  startup_stm32f10x_md.o(.text)
    RTCAlarm_IRQHandler                      0x080001d7   Thumb Code     0  startup_stm32f10x_md.o(.text)
    RTC_IRQHandler                           0x080001d7   Thumb Code     0  startup_stm32f10x_md.o(.text)
    SPI1_IRQHandler                          0x080001d7   Thumb Code     0  startup_stm32f10x_md.o(.text)
    SPI2_IRQHandler                          0x080001d7   Thumb Code     0  startup_stm32f10x_md.o(.text)
    TAMPER_IRQHandler                        0x080001d7   Thumb Code     0  startup_stm32f10x_md.o(.text)
    TIM1_BRK_IRQHandler                      0x080001d7   Thumb Code     0  startup_stm32f10x_md.o(.text)
    TIM1_CC_IRQHandler                       0x080001d7   Thumb Code     0  startup_stm32f10x_md.o(.text)
    TIM1_TRG_COM_IRQHandler                  0x080001d7   Thumb Code     0  startup_stm32f10x_md.o(.text)
    TIM1_UP_IRQHandler                       0x080001d7   Thumb Code     0  startup_stm32f10x_md.o(.text)
    TIM2_IRQHandler                          0x080001d7   Thumb Code     0  startup_stm32f10x_md.o(.text)
    TIM3_IRQHandler                          0x080001d7   Thumb Code     0  startup_stm32f10x_md.o(.text)
    TIM4_IRQHandler                          0x080001d7   Thumb Code     0  startup_stm32f10x_md.o(.text)
    USART1_IRQHandler                        0x080001d7   Thumb Code     0  startup_stm32f10x_md.o(.text)
    USART2_IRQHandler                        0x080001d7   Thumb Code     0  startup_stm32f10x_md.o(.text)
    USART3_IRQHandler                        0x080001d7   Thumb Code     0  startup_stm32f10x_md.o(.text)
    USBWakeUp_IRQHandler                     0x080001d7   Thumb Code     0  startup_stm32f10x_md.o(.text)
    USB_HP_CAN1_TX_IRQHandler                0x080001d7   Thumb Code     0  startup_stm32f10x_md.o(.text)
    USB_LP_CAN1_RX0_IRQHandler               0x080001d7   Thumb Code     0  startup_stm32f10x_md.o(.text)
    WWDG_IRQHandler                          0x080001d7   Thumb Code     0  startup_stm32f10x_md.o(.text)
    __user_initial_stackheap                 0x080001d9   Thumb Code     0  startup_stm32f10x_md.o(.text)
    __aeabi_memcpy                           0x080001fd   Thumb Code     0  rt_memcpy_v6.o(.text)
    __rt_memcpy                              0x080001fd   Thumb Code   138  rt_memcpy_v6.o(.text)
    _memcpy_lastbytes                        0x08000263   Thumb Code     0  rt_memcpy_v6.o(.text)
    __aeabi_memset4                          0x08000287   Thumb Code    16  aeabi_memset4.o(.text)
    __aeabi_memset8                          0x08000287   Thumb Code     0  aeabi_memset4.o(.text)
    __aeabi_memclr4                          0x08000297   Thumb Code     0  rt_memclr_w.o(.text)
    __aeabi_memclr8                          0x08000297   Thumb Code     0  rt_memclr_w.o(.text)
    __rt_memclr_w                            0x08000297   Thumb Code     0  rt_memclr_w.o(.text)
    _memset_w                                0x0800029b   Thumb Code    74  rt_memclr_w.o(.text)
    __use_two_region_memory                  0x080002e5   Thumb Code     2  heapauxi.o(.text)
    __rt_heap_escrow$2region                 0x080002e7   Thumb Code     2  heapauxi.o(.text)
    __rt_heap_expand$2region                 0x080002e9   Thumb Code     2  heapauxi.o(.text)
    __aeabi_memcpy4                          0x080002eb   Thumb Code     0  rt_memcpy_w.o(.text)
    __aeabi_memcpy8                          0x080002eb   Thumb Code     0  rt_memcpy_w.o(.text)
    __rt_memcpy_w                            0x080002eb   Thumb Code   100  rt_memcpy_w.o(.text)
    _memcpy_lastbytes_aligned                0x08000333   Thumb Code     0  rt_memcpy_w.o(.text)
    __user_setup_stackheap                   0x0800034f   Thumb Code    74  sys_stackheap_outer.o(.text)
    exit                                     0x08000399   Thumb Code    18  exit.o(.text)
    __user_libspace                          0x080003ad   Thumb Code     8  libspace.o(.text)
    __user_perproc_libspace                  0x080003ad   Thumb Code     0  libspace.o(.text)
    _sys_exit                                0x080003b5   Thumb Code     8  sys_exit.o(.text)
    __I$use$semihosting                      0x080003c1   Thumb Code     0  use_no_semi.o(.text)
    __use_no_semihosting_swi                 0x080003c1   Thumb Code     2  use_no_semi.o(.text)
    __semihosting_library_function           0x080003c3   Thumb Code     0  indicate_semi.o(.text)
    GPIO_Init                                0x080003c5   Thumb Code   390  stm32f10x_gpio.o(.text.GPIO_Init)
    PendSV_Handler                           0x08000551   Thumb Code    68  port.o(.text.PendSV_Handler)
    RCC_APB2PeriphClockCmd                   0x08000595   Thumb Code    56  stm32f10x_rcc.o(.text.RCC_APB2PeriphClockCmd)
    RCC_GetClocksFreq                        0x080005cd   Thumb Code   370  stm32f10x_rcc.o(.text.RCC_GetClocksFreq)
    SVC_Handler                              0x08000741   Thumb Code    36  port.o(.text.SVC_Handler)
    SysTick_Handler                          0x08000891   Thumb Code    30  cmsis_os2.o(.text.SysTick_Handler)
    SystemInit                               0x080008b1   Thumb Code   102  system_stm32f10x.o(.text.SystemInit)
    Task1                                    0x08000919   Thumb Code    28  main.o(.text.Task1)
    Task2                                    0x08000935   Thumb Code    28  main.o(.text.Task2)
    UART_SendChar                            0x08000951   Thumb Code    50  main.o(.text.UART_SendChar)
    UART_SendString                          0x08000985   Thumb Code    34  main.o(.text.UART_SendString)
    USART_Cmd                                0x080009a9   Thumb Code    44  stm32f10x_usart.o(.text.USART_Cmd)
    USART_Config                             0x080009d5   Thumb Code   134  main.o(.text.USART_Config)
    USART_GetFlagStatus                      0x08000a5d   Thumb Code    68  stm32f10x_usart.o(.text.USART_GetFlagStatus)
    USART_Init                               0x08000aa1   Thumb Code   348  stm32f10x_usart.o(.text.USART_Init)
    USART_SendData                           0x08000bfd   Thumb Code    24  stm32f10x_usart.o(.text.USART_SendData)
    _mutex_acquire                           0x08000c15   Thumb Code    32  clib_arm.o(.text._mutex_acquire)
    _mutex_free                              0x08000c35   Thumb Code    84  clib_arm.o(.text._mutex_free)
    _mutex_initialize                        0x08000c89   Thumb Code   156  clib_arm.o(.text._mutex_initialize)
    _mutex_release                           0x08000d25   Thumb Code    34  clib_arm.o(.text._mutex_release)
    _platform_post_stackheap_init            0x08000d49   Thumb Code     2  clib_arm.o(.text._platform_post_stackheap_init)
    main                                     0x08000d4d   Thumb Code    96  main.o(.text.main)
    pvPortMalloc                             0x08001c55   Thumb Code   450  heap_4.o(.text.pvPortMalloc)
    pvTaskIncrementMutexHeldCount            0x08001e19   Thumb Code    44  tasks.o(.text.pvTaskIncrementMutexHeldCount)
    pxPortInitialiseStack                    0x08001e45   Thumb Code    80  port.o(.text.pxPortInitialiseStack)
    uxListRemove                             0x08001e95   Thumb Code    72  list.o(.text.uxListRemove)
    vApplicationGetIdleTaskMemory            0x08001edd   Thumb Code    42  cmsis_os2.o(.text.vApplicationGetIdleTaskMemory)
    vApplicationGetTimerTaskMemory           0x08001f09   Thumb Code    42  cmsis_os2.o(.text.vApplicationGetTimerTaskMemory)
    vApplicationStackOverflowHook            0x08001f35   Thumb Code    16  cmsis_os2.o(.text.vApplicationStackOverflowHook)
    vListInitialise                          0x08001f45   Thumb Code    46  list.o(.text.vListInitialise)
    vListInitialiseItem                      0x08001f75   Thumb Code    14  list.o(.text.vListInitialiseItem)
    vListInsert                              0x08001f85   Thumb Code   106  list.o(.text.vListInsert)
    vListInsertEnd                           0x08001ff1   Thumb Code    58  list.o(.text.vListInsertEnd)
    vPortEnterCritical                       0x0800202d   Thumb Code    72  port.o(.text.vPortEnterCritical)
    vPortExitCritical                        0x08002075   Thumb Code    60  port.o(.text.vPortExitCritical)
    vPortFree                                0x080020b1   Thumb Code   178  heap_4.o(.text.vPortFree)
    vPortSetupTimerInterrupt                 0x08002165   Thumb Code    68  port.o(.text.vPortSetupTimerInterrupt)
    vPortValidateInterruptPriority           0x080021a9   Thumb Code   104  port.o(.text.vPortValidateInterruptPriority)
    vQueueDelete                             0x08002211   Thumb Code    48  queue.o(.text.vQueueDelete)
    vQueueWaitForMessageRestricted           0x08002241   Thumb Code   100  queue.o(.text.vQueueWaitForMessageRestricted)
    vTaskDelay                               0x080022a5   Thumb Code    96  tasks.o(.text.vTaskDelay)
    vTaskInternalSetTimeOutState             0x08002305   Thumb Code    36  tasks.o(.text.vTaskInternalSetTimeOutState)
    vTaskMissedYield                         0x08002329   Thumb Code    14  tasks.o(.text.vTaskMissedYield)
    vTaskPlaceOnEventList                    0x08002339   Thumb Code    52  tasks.o(.text.vTaskPlaceOnEventList)
    vTaskPlaceOnEventListRestricted          0x0800236d   Thumb Code    68  tasks.o(.text.vTaskPlaceOnEventListRestricted)
    vTaskPriorityDisinheritAfterTimeout      0x080023b1   Thumb Code   280  tasks.o(.text.vTaskPriorityDisinheritAfterTimeout)
    vTaskStartScheduler                      0x080024c9   Thumb Code   210  tasks.o(.text.vTaskStartScheduler)
    vTaskSuspendAll                          0x0800259d   Thumb Code    16  tasks.o(.text.vTaskSuspendAll)
    vTaskSwitchContext                       0x080025ad   Thumb Code   274  tasks.o(.text.vTaskSwitchContext)
    xPortStartScheduler                      0x080026c1   Thumb Code   220  port.o(.text.xPortStartScheduler)
    xPortSysTickHandler                      0x0800279d   Thumb Code    60  port.o(.text.xPortSysTickHandler)
    xQueueCreateMutex                        0x080027d9   Thumb Code    38  queue.o(.text.xQueueCreateMutex)
    xQueueCreateMutexStatic                  0x08002801   Thumb Code    50  queue.o(.text.xQueueCreateMutexStatic)
    xQueueGenericCreate                      0x08002835   Thumb Code   102  queue.o(.text.xQueueGenericCreate)
    xQueueGenericCreateStatic                0x0800289d   Thumb Code   200  queue.o(.text.xQueueGenericCreateStatic)
    xQueueGenericReset                       0x08002965   Thumb Code   172  queue.o(.text.xQueueGenericReset)
    xQueueGenericSend                        0x08002a11   Thumb Code   500  queue.o(.text.xQueueGenericSend)
    xQueueGenericSendFromISR                 0x08002c05   Thumb Code   290  queue.o(.text.xQueueGenericSendFromISR)
    xQueueReceive                            0x08002d29   Thumb Code   434  queue.o(.text.xQueueReceive)
    xQueueSemaphoreTake                      0x08002edd   Thumb Code   500  queue.o(.text.xQueueSemaphoreTake)
    xTaskCheckForTimeOut                     0x080030d1   Thumb Code   218  tasks.o(.text.xTaskCheckForTimeOut)
    xTaskCreate                              0x080031ad   Thumb Code   158  tasks.o(.text.xTaskCreate)
    xTaskCreateStatic                        0x0800324d   Thumb Code   164  tasks.o(.text.xTaskCreateStatic)
    xTaskGetSchedulerState                   0x080032f1   Thumb Code    56  tasks.o(.text.xTaskGetSchedulerState)
    xTaskGetTickCount                        0x08003329   Thumb Code    20  tasks.o(.text.xTaskGetTickCount)
    xTaskIncrementTick                       0x0800333d   Thumb Code   438  tasks.o(.text.xTaskIncrementTick)
    xTaskPriorityDisinherit                  0x080034f5   Thumb Code   208  tasks.o(.text.xTaskPriorityDisinherit)
    xTaskPriorityInherit                     0x080035c5   Thumb Code   270  tasks.o(.text.xTaskPriorityInherit)
    xTaskRemoveFromEventList                 0x080036d5   Thumb Code   192  tasks.o(.text.xTaskRemoveFromEventList)
    xTaskResumeAll                           0x08003795   Thumb Code   376  tasks.o(.text.xTaskResumeAll)
    xTimerCreateTimerTask                    0x0800390d   Thumb Code   134  timers.o(.text.xTimerCreateTimerTask)
    xTimerGenericCommand                     0x08003995   Thumb Code   162  timers.o(.text.xTimerGenericCommand)
    Region$$Table$$Base                      0x08003a94   Number         0  anon$$obj.o(Region$$Table)
    Region$$Table$$Limit                     0x08003ab4   Number         0  anon$$obj.o(Region$$Table)
    SystemCoreClock                          0x20000000   Data           4  system_stm32f10x.o(.data.SystemCoreClock)
    __libspace_start                         0x20000008   Data          96  libspace.o(.bss)
    __temporary_stack_top$libspace           0x20000068   Data           0  libspace.o(.bss)
    pxCurrentTCB                             0x200002b4   Data           4  tasks.o(.bss.pxCurrentTCB)



==============================================================================

Memory Map of the image

  Image Entry point : 0x080000ed

  Load Region LR_IROM1 (Base: 0x08000000, Size: 0x00003ac0, Max: 0x00010000, ABSOLUTE)

    Execution Region ER_IROM1 (Exec base: 0x08000000, Load base: 0x08000000, Size: 0x00003ab4, Max: 0x00010000, ABSOLUTE)

    Exec Addr    Load Addr    Size         Type   Attr      Idx    E Section Name        Object

    0x08000000   0x08000000   0x000000ec   Data   RO          451    RESET               startup_stm32f10x_md.o
    0x080000ec   0x080000ec   0x00000008   Code   RO          974  * !!!main             c_w.l(__main.o)
    0x080000f4   0x080000f4   0x0000005c   Code   RO         1139    !!!scatter          c_w.l(__scatter.o)
    0x08000150   0x08000150   0x0000001a   Code   RO         1143    !!handler_copy      c_w.l(__scatter_copy.o)
    0x0800016a   0x0800016a   0x00000002   PAD
    0x0800016c   0x0800016c   0x00000002   Code   RO         1140    !!handler_null      c_w.l(__scatter.o)
    0x0800016e   0x0800016e   0x00000002   PAD
    0x08000170   0x08000170   0x0000001c   Code   RO         1145    !!handler_zi        c_w.l(__scatter_zi.o)
    0x0800018c   0x0800018c   0x00000002   Code   RO         1001    .ARM.Collect$$libinit$$00000000  c_w.l(libinit.o)
    0x0800018e   0x0800018e   0x00000000   Code   RO         1008    .ARM.Collect$$libinit$$00000002  c_w.l(libinit2.o)
    0x0800018e   0x0800018e   0x00000000   Code   RO         1010    .ARM.Collect$$libinit$$00000004  c_w.l(libinit2.o)
    0x0800018e   0x0800018e   0x00000000   Code   RO         1012    .ARM.Collect$$libinit$$00000006  c_w.l(libinit2.o)
    0x0800018e   0x0800018e   0x00000000   Code   RO         1015    .ARM.Collect$$libinit$$0000000C  c_w.l(libinit2.o)
    0x0800018e   0x0800018e   0x00000000   Code   RO         1017    .ARM.Collect$$libinit$$0000000E  c_w.l(libinit2.o)
    0x0800018e   0x0800018e   0x00000000   Code   RO         1019    .ARM.Collect$$libinit$$00000010  c_w.l(libinit2.o)
    0x0800018e   0x0800018e   0x00000000   Code   RO         1022    .ARM.Collect$$libinit$$00000013  c_w.l(libinit2.o)
    0x0800018e   0x0800018e   0x00000000   Code   RO         1024    .ARM.Collect$$libinit$$00000015  c_w.l(libinit2.o)
    0x0800018e   0x0800018e   0x00000000   Code   RO         1026    .ARM.Collect$$libinit$$00000017  c_w.l(libinit2.o)
    0x0800018e   0x0800018e   0x00000000   Code   RO         1028    .ARM.Collect$$libinit$$00000019  c_w.l(libinit2.o)
    0x0800018e   0x0800018e   0x00000000   Code   RO         1030    .ARM.Collect$$libinit$$0000001B  c_w.l(libinit2.o)
    0x0800018e   0x0800018e   0x00000000   Code   RO         1032    .ARM.Collect$$libinit$$0000001D  c_w.l(libinit2.o)
    0x0800018e   0x0800018e   0x00000000   Code   RO         1034    .ARM.Collect$$libinit$$0000001F  c_w.l(libinit2.o)
    0x0800018e   0x0800018e   0x00000000   Code   RO         1036    .ARM.Collect$$libinit$$00000021  c_w.l(libinit2.o)
    0x0800018e   0x0800018e   0x00000000   Code   RO         1038    .ARM.Collect$$libinit$$00000023  c_w.l(libinit2.o)
    0x0800018e   0x0800018e   0x00000000   Code   RO         1040    .ARM.Collect$$libinit$$00000025  c_w.l(libinit2.o)
    0x0800018e   0x0800018e   0x00000000   Code   RO         1042    .ARM.Collect$$libinit$$00000027  c_w.l(libinit2.o)
    0x0800018e   0x0800018e   0x00000000   Code   RO         1046    .ARM.Collect$$libinit$$0000002E  c_w.l(libinit2.o)
    0x0800018e   0x0800018e   0x00000000   Code   RO         1048    .ARM.Collect$$libinit$$00000030  c_w.l(libinit2.o)
    0x0800018e   0x0800018e   0x00000000   Code   RO         1050    .ARM.Collect$$libinit$$00000032  c_w.l(libinit2.o)
    0x0800018e   0x0800018e   0x00000000   Code   RO         1052    .ARM.Collect$$libinit$$00000034  c_w.l(libinit2.o)
    0x0800018e   0x0800018e   0x00000002   Code   RO         1053    .ARM.Collect$$libinit$$00000035  c_w.l(libinit2.o)
    0x08000190   0x08000190   0x00000002   Code   RO         1075    .ARM.Collect$$libshutdown$$00000000  c_w.l(libshutdown.o)
    0x08000192   0x08000192   0x00000000   Code   RO         1090    .ARM.Collect$$libshutdown$$00000002  c_w.l(libshutdown2.o)
    0x08000192   0x08000192   0x00000000   Code   RO         1092    .ARM.Collect$$libshutdown$$00000004  c_w.l(libshutdown2.o)
    0x08000192   0x08000192   0x00000000   Code   RO         1095    .ARM.Collect$$libshutdown$$00000007  c_w.l(libshutdown2.o)
    0x08000192   0x08000192   0x00000000   Code   RO         1098    .ARM.Collect$$libshutdown$$0000000A  c_w.l(libshutdown2.o)
    0x08000192   0x08000192   0x00000000   Code   RO         1100    .ARM.Collect$$libshutdown$$0000000C  c_w.l(libshutdown2.o)
    0x08000192   0x08000192   0x00000000   Code   RO         1103    .ARM.Collect$$libshutdown$$0000000F  c_w.l(libshutdown2.o)
    0x08000192   0x08000192   0x00000002   Code   RO         1104    .ARM.Collect$$libshutdown$$00000010  c_w.l(libshutdown2.o)
    0x08000194   0x08000194   0x00000000   Code   RO          976    .ARM.Collect$$rtentry$$00000000  c_w.l(__rtentry.o)
    0x08000194   0x08000194   0x00000000   Code   RO          980    .ARM.Collect$$rtentry$$00000002  c_w.l(__rtentry2.o)
    0x08000194   0x08000194   0x00000006   Code   RO          992    .ARM.Collect$$rtentry$$00000004  c_w.l(__rtentry4.o)
    0x0800019a   0x0800019a   0x00000008   Code   RO          981    .ARM.Collect$$rtentry$$00000008  c_w.l(__rtentry2.o)
    0x080001a2   0x080001a2   0x00000004   Code   RO          983    .ARM.Collect$$rtentry$$0000000A  c_w.l(__rtentry2.o)
    0x080001a6   0x080001a6   0x00000000   Code   RO          985    .ARM.Collect$$rtentry$$0000000C  c_w.l(__rtentry2.o)
    0x080001a6   0x080001a6   0x00000008   Code   RO          986    .ARM.Collect$$rtentry$$0000000D  c_w.l(__rtentry2.o)
    0x080001ae   0x080001ae   0x00000002   Code   RO         1005    .ARM.Collect$$rtexit$$00000000  c_w.l(rtexit.o)
    0x080001b0   0x080001b0   0x00000000   Code   RO         1055    .ARM.Collect$$rtexit$$00000002  c_w.l(rtexit2.o)
    0x080001b0   0x080001b0   0x00000004   Code   RO         1056    .ARM.Collect$$rtexit$$00000003  c_w.l(rtexit2.o)
    0x080001b4   0x080001b4   0x00000006   Code   RO         1057    .ARM.Collect$$rtexit$$00000004  c_w.l(rtexit2.o)
    0x080001ba   0x080001ba   0x00000002   PAD
    0x080001bc   0x080001bc   0x00000040   Code   RO          452    .text               startup_stm32f10x_md.o
    0x080001fc   0x080001fc   0x0000008a   Code   RO          962    .text               c_w.l(rt_memcpy_v6.o)
    0x08000286   0x08000286   0x00000010   Code   RO          966    .text               c_w.l(aeabi_memset4.o)
    0x08000296   0x08000296   0x0000004e   Code   RO          970    .text               c_w.l(rt_memclr_w.o)
    0x080002e4   0x080002e4   0x00000006   Code   RO          972    .text               c_w.l(heapauxi.o)
    0x080002ea   0x080002ea   0x00000064   Code   RO          977    .text               c_w.l(rt_memcpy_w.o)
    0x0800034e   0x0800034e   0x0000004a   Code   RO          994    .text               c_w.l(sys_stackheap_outer.o)
    0x08000398   0x08000398   0x00000012   Code   RO          996    .text               c_w.l(exit.o)
    0x080003aa   0x080003aa   0x00000002   PAD
    0x080003ac   0x080003ac   0x00000008   Code   RO         1002    .text               c_w.l(libspace.o)
    0x080003b4   0x080003b4   0x0000000c   Code   RO         1065    .text               c_w.l(sys_exit.o)
    0x080003c0   0x080003c0   0x00000002   Code   RO         1080    .text               c_w.l(use_no_semi.o)
    0x080003c2   0x080003c2   0x00000000   Code   RO         1082    .text               c_w.l(indicate_semi.o)
    0x080003c2   0x080003c2   0x00000002   PAD
    0x080003c4   0x080003c4   0x00000186   Code   RO          273    .text.GPIO_Init     stm32f10x_gpio.o
    0x0800054a   0x0800054a   0x00000006   PAD
    0x08000550   0x08000550   0x00000044   Code   RO          550    .text.PendSV_Handler  port.o
    0x08000594   0x08000594   0x00000038   Code   RO          356    .text.RCC_APB2PeriphClockCmd  stm32f10x_rcc.o
    0x080005cc   0x080005cc   0x00000172   Code   RO          352    .text.RCC_GetClocksFreq  stm32f10x_rcc.o
    0x0800073e   0x0800073e   0x00000002   PAD
    0x08000740   0x08000740   0x00000024   Code   RO          536    .text.SVC_Handler   port.o
    0x08000764   0x08000764   0x00000008   Code   RO          461    .text.SetSysClock   system_stm32f10x.o
    0x0800076c   0x0800076c   0x00000122   Code   RO          465    .text.SetSysClockTo72  system_stm32f10x.o
    0x0800088e   0x0800088e   0x00000002   PAD
    0x08000890   0x08000890   0x0000001e   Code   RO           49    .text.SysTick_Handler  cmsis_os2.o
    0x080008ae   0x080008ae   0x00000002   PAD
    0x080008b0   0x080008b0   0x00000066   Code   RO          459    .text.SystemInit    system_stm32f10x.o
    0x08000916   0x08000916   0x00000002   PAD
    0x08000918   0x08000918   0x0000001c   Code   RO            6    .text.Task1         main.o
    0x08000934   0x08000934   0x0000001c   Code   RO            8    .text.Task2         main.o
    0x08000950   0x08000950   0x00000032   Code   RO           10    .text.UART_SendChar  main.o
    0x08000982   0x08000982   0x00000002   PAD
    0x08000984   0x08000984   0x00000022   Code   RO           12    .text.UART_SendString  main.o
    0x080009a6   0x080009a6   0x00000002   PAD
    0x080009a8   0x080009a8   0x0000002c   Code   RO          395    .text.USART_Cmd     stm32f10x_usart.o
    0x080009d4   0x080009d4   0x00000086   Code   RO            4    .text.USART_Config  main.o
    0x08000a5a   0x08000a5a   0x00000002   PAD
    0x08000a5c   0x08000a5c   0x00000044   Code   RO          435    .text.USART_GetFlagStatus  stm32f10x_usart.o
    0x08000aa0   0x08000aa0   0x0000015c   Code   RO          387    .text.USART_Init    stm32f10x_usart.o
    0x08000bfc   0x08000bfc   0x00000018   Code   RO          411    .text.USART_SendData  stm32f10x_usart.o
    0x08000c14   0x08000c14   0x00000020   Code   RO           31    .text._mutex_acquire  clib_arm.o
    0x08000c34   0x08000c34   0x00000054   Code   RO           35    .text._mutex_free   clib_arm.o
    0x08000c88   0x08000c88   0x0000009c   Code   RO           29    .text._mutex_initialize  clib_arm.o
    0x08000d24   0x08000d24   0x00000022   Code   RO           33    .text._mutex_release  clib_arm.o
    0x08000d46   0x08000d46   0x00000002   PAD
    0x08000d48   0x08000d48   0x00000002   Code   RO           23    .text._platform_post_stackheap_init  clib_arm.o
    0x08000d4a   0x08000d4a   0x00000002   PAD
    0x08000d4c   0x08000d4c   0x00000060   Code   RO            2    .text.main          main.o
    0x08000dac   0x08000dac   0x0000003e   Code   RO           27    .text.os_kernel_is_active  clib_arm.o
    0x08000dea   0x08000dea   0x00000002   PAD
    0x08000dec   0x08000dec   0x000000dc   Code   RO          753    .text.prvAddCurrentTaskToDelayedList  tasks.o
    0x08000ec8   0x08000ec8   0x00000122   Code   RO          739    .text.prvAddNewTaskToReadyList  tasks.o
    0x08000fea   0x08000fea   0x00000002   PAD
    0x08000fec   0x08000fec   0x0000007e   Code   RO          892    .text.prvCheckForValidListAndQueue  timers.o
    0x0800106a   0x0800106a   0x00000002   PAD
    0x0800106c   0x0800106c   0x0000005a   Code   RO          859    .text.prvCheckTasksWaitingTermination  tasks.o
    0x080010c6   0x080010c6   0x00000002   PAD
    0x080010c8   0x080010c8   0x00000042   Code   RO          639    .text.prvCopyDataFromQueue  queue.o
    0x0800110a   0x0800110a   0x00000002   PAD
    0x0800110c   0x0800110c   0x000000cc   Code   RO          627    .text.prvCopyDataToQueue  queue.o
    0x080011d8   0x080011d8   0x00000050   Code   RO          745    .text.prvDeleteTCB  tasks.o
    0x08001228   0x08001228   0x00000026   Code   RO          643    .text.prvGetDisinheritPriorityAfterTimeout  queue.o
    0x0800124e   0x0800124e   0x00000002   PAD
    0x08001250   0x08001250   0x00000040   Code   RO          930    .text.prvGetNextExpireTime  timers.o
    0x08001290   0x08001290   0x000000bc   Code   RO          568    .text.prvHeapInit   heap_4.o
    0x0800134c   0x0800134c   0x00000038   Code   RO          779    .text.prvIdleTask   tasks.o
    0x08001384   0x08001384   0x0000002c   Code   RO          607    .text.prvInitialiseMutex  queue.o
    0x080013b0   0x080013b0   0x00000048   Code   RO          601    .text.prvInitialiseNewQueue  queue.o
    0x080013f8   0x080013f8   0x0000011a   Code   RO          737    .text.prvInitialiseNewTask  tasks.o
    0x08001512   0x08001512   0x00000002   PAD
    0x08001514   0x08001514   0x0000008e   Code   RO          857    .text.prvInitialiseTaskLists  tasks.o
    0x080015a2   0x080015a2   0x00000002   PAD
    0x080015a4   0x080015a4   0x000000c6   Code   RO          570    .text.prvInsertBlockIntoFreeList  heap_4.o
    0x0800166a   0x0800166a   0x00000002   PAD
    0x0800166c   0x0800166c   0x00000086   Code   RO          942    .text.prvInsertTimerInActiveList  timers.o
    0x080016f2   0x080016f2   0x00000002   PAD
    0x080016f4   0x080016f4   0x00000028   Code   RO          641    .text.prvIsQueueEmpty  queue.o
    0x0800171c   0x0800171c   0x0000002e   Code   RO          629    .text.prvIsQueueFull  queue.o
    0x0800174a   0x0800174a   0x00000002   PAD
    0x0800174c   0x0800174c   0x00000020   Code   RO          542    .text.prvPortStartFirstTask  port.o
    0x0800176c   0x0800176c   0x00000080   Code   RO          938    .text.prvProcessExpiredTimer  timers.o
    0x080017ec   0x080017ec   0x00000168   Code   RO          934    .text.prvProcessReceivedCommands  timers.o
    0x08001954   0x08001954   0x0000009a   Code   RO          932    .text.prvProcessTimerOrBlockTask  timers.o
    0x080019ee   0x080019ee   0x00000002   PAD
    0x080019f0   0x080019f0   0x00000046   Code   RO          747    .text.prvResetNextTaskUnblockTime  tasks.o
    0x08001a36   0x08001a36   0x00000002   PAD
    0x08001a38   0x08001a38   0x00000044   Code   RO          936    .text.prvSampleTimeNow  timers.o
    0x08001a7c   0x08001a7c   0x000000c6   Code   RO          940    .text.prvSwitchTimerLists  timers.o
    0x08001b42   0x08001b42   0x00000002   PAD
    0x08001b44   0x08001b44   0x0000003e   Code   RO          534    .text.prvTaskExitError  port.o
    0x08001b82   0x08001b82   0x00000002   PAD
    0x08001b84   0x08001b84   0x0000001e   Code   RO          894    .text.prvTimerTask  timers.o
    0x08001ba2   0x08001ba2   0x00000002   PAD
    0x08001ba4   0x08001ba4   0x000000ae   Code   RO          631    .text.prvUnlockQueue  queue.o
    0x08001c52   0x08001c52   0x00000002   PAD
    0x08001c54   0x08001c54   0x000001c2   Code   RO          566    .text.pvPortMalloc  heap_4.o
    0x08001e16   0x08001e16   0x00000002   PAD
    0x08001e18   0x08001e18   0x0000002c   Code   RO          841    .text.pvTaskIncrementMutexHeldCount  tasks.o
    0x08001e44   0x08001e44   0x00000050   Code   RO          532    .text.pxPortInitialiseStack  port.o
    0x08001e94   0x08001e94   0x00000048   Code   RO          523    .text.uxListRemove  list.o
    0x08001edc   0x08001edc   0x0000002a   Code   RO          205    .text.vApplicationGetIdleTaskMemory  cmsis_os2.o
    0x08001f06   0x08001f06   0x00000002   PAD
    0x08001f08   0x08001f08   0x0000002a   Code   RO          207    .text.vApplicationGetTimerTaskMemory  cmsis_os2.o
    0x08001f32   0x08001f32   0x00000002   PAD
    0x08001f34   0x08001f34   0x00000010   Code   RO          203    .text.vApplicationStackOverflowHook  cmsis_os2.o
    0x08001f44   0x08001f44   0x0000002e   Code   RO          515    .text.vListInitialise  list.o
    0x08001f72   0x08001f72   0x00000002   PAD
    0x08001f74   0x08001f74   0x0000000e   Code   RO          517    .text.vListInitialiseItem  list.o
    0x08001f82   0x08001f82   0x00000002   PAD
    0x08001f84   0x08001f84   0x0000006a   Code   RO          521    .text.vListInsert   list.o
    0x08001fee   0x08001fee   0x00000002   PAD
    0x08001ff0   0x08001ff0   0x0000003a   Code   RO          519    .text.vListInsertEnd  list.o
    0x0800202a   0x0800202a   0x00000002   PAD
    0x0800202c   0x0800202c   0x00000048   Code   RO          546    .text.vPortEnterCritical  port.o
    0x08002074   0x08002074   0x0000003c   Code   RO          548    .text.vPortExitCritical  port.o
    0x080020b0   0x080020b0   0x000000b2   Code   RO          572    .text.vPortFree     heap_4.o
    0x08002162   0x08002162   0x00000002   PAD
    0x08002164   0x08002164   0x00000044   Code   RO          540    .text.vPortSetupTimerInterrupt  port.o
    0x080021a8   0x080021a8   0x00000068   Code   RO          554    .text.vPortValidateInterruptPriority  port.o
    0x08002210   0x08002210   0x00000030   Code   RO          657    .text.vQueueDelete  queue.o
    0x08002240   0x08002240   0x00000064   Code   RO          669    .text.vQueueWaitForMessageRestricted  queue.o
    0x080022a4   0x080022a4   0x00000060   Code   RO          757    .text.vTaskDelay    tasks.o
    0x08002304   0x08002304   0x00000024   Code   RO          813    .text.vTaskInternalSetTimeOutState  tasks.o
    0x08002328   0x08002328   0x0000000e   Code   RO          817    .text.vTaskMissedYield  tasks.o
    0x08002336   0x08002336   0x00000002   PAD
    0x08002338   0x08002338   0x00000034   Code   RO          801    .text.vTaskPlaceOnEventList  tasks.o
    0x0800236c   0x0800236c   0x00000044   Code   RO          805    .text.vTaskPlaceOnEventListRestricted  tasks.o
    0x080023b0   0x080023b0   0x00000118   Code   RO          837    .text.vTaskPriorityDisinheritAfterTimeout  tasks.o
    0x080024c8   0x080024c8   0x000000d2   Code   RO          777    .text.vTaskStartScheduler  tasks.o
    0x0800259a   0x0800259a   0x00000002   PAD
    0x0800259c   0x0800259c   0x00000010   Code   RO          751    .text.vTaskSuspendAll  tasks.o
    0x080025ac   0x080025ac   0x00000112   Code   RO          769    .text.vTaskSwitchContext  tasks.o
    0x080026be   0x080026be   0x00000002   PAD
    0x080026c0   0x080026c0   0x000000dc   Code   RO          538    .text.xPortStartScheduler  port.o
    0x0800279c   0x0800279c   0x0000003c   Code   RO          552    .text.xPortSysTickHandler  port.o
    0x080027d8   0x080027d8   0x00000026   Code   RO          605    .text.xQueueCreateMutex  queue.o
    0x080027fe   0x080027fe   0x00000002   PAD
    0x08002800   0x08002800   0x00000032   Code   RO          609    .text.xQueueCreateMutexStatic  queue.o
    0x08002832   0x08002832   0x00000002   PAD
    0x08002834   0x08002834   0x00000066   Code   RO          603    .text.xQueueGenericCreate  queue.o
    0x0800289a   0x0800289a   0x00000002   PAD
    0x0800289c   0x0800289c   0x000000c8   Code   RO          599    .text.xQueueGenericCreateStatic  queue.o
    0x08002964   0x08002964   0x000000ac   Code   RO          597    .text.xQueueGenericReset  queue.o
    0x08002a10   0x08002a10   0x000001f4   Code   RO          617    .text.xQueueGenericSend  queue.o
    0x08002c04   0x08002c04   0x00000122   Code   RO          633    .text.xQueueGenericSendFromISR  queue.o
    0x08002d26   0x08002d26   0x00000002   PAD
    0x08002d28   0x08002d28   0x000001b2   Code   RO          637    .text.xQueueReceive  queue.o
    0x08002eda   0x08002eda   0x00000002   PAD
    0x08002edc   0x08002edc   0x000001f4   Code   RO          621    .text.xQueueSemaphoreTake  queue.o
    0x080030d0   0x080030d0   0x000000da   Code   RO          815    .text.xTaskCheckForTimeOut  tasks.o
    0x080031aa   0x080031aa   0x00000002   PAD
    0x080031ac   0x080031ac   0x0000009e   Code   RO          741    .text.xTaskCreate   tasks.o
    0x0800324a   0x0800324a   0x00000002   PAD
    0x0800324c   0x0800324c   0x000000a4   Code   RO          735    .text.xTaskCreateStatic  tasks.o
    0x080032f0   0x080032f0   0x00000038   Code   RO          831    .text.xTaskGetSchedulerState  tasks.o
    0x08003328   0x08003328   0x00000014   Code   RO          785    .text.xTaskGetTickCount  tasks.o
    0x0800333c   0x0800333c   0x000001b6   Code   RO          783    .text.xTaskIncrementTick  tasks.o
    0x080034f2   0x080034f2   0x00000002   PAD
    0x080034f4   0x080034f4   0x000000d0   Code   RO          835    .text.xTaskPriorityDisinherit  tasks.o
    0x080035c4   0x080035c4   0x0000010e   Code   RO          833    .text.xTaskPriorityInherit  tasks.o
    0x080036d2   0x080036d2   0x00000002   PAD
    0x080036d4   0x080036d4   0x000000c0   Code   RO          807    .text.xTaskRemoveFromEventList  tasks.o
    0x08003794   0x08003794   0x00000178   Code   RO          755    .text.xTaskResumeAll  tasks.o
    0x0800390c   0x0800390c   0x00000086   Code   RO          890    .text.xTimerCreateTimerTask  timers.o
    0x08003992   0x08003992   0x00000002   PAD
    0x08003994   0x08003994   0x000000a2   Code   RO          902    .text.xTimerGenericCommand  timers.o
    0x08003a36   0x08003a36   0x00000004   Data   RO          377    .rodata.ADCPrescTable  stm32f10x_rcc.o
    0x08003a3a   0x08003a3a   0x00000010   Data   RO          376    .rodata.APBAHBPrescTable  stm32f10x_rcc.o
    0x08003a4a   0x08003a4a   0x0000003a   Data   RO           14    .rodata.str1.1      main.o
    0x08003a84   0x08003a84   0x00000005   Data   RO          875    .rodata.str1.1      tasks.o
    0x08003a89   0x08003a89   0x00000008   Data   RO          945    .rodata.str1.1      timers.o
    0x08003a91   0x08003a91   0x00000003   PAD
    0x08003a94   0x08003a94   0x00000020   Data   RO         1138    Region$$Table       anon$$obj.o


    Execution Region RW_IRAM1 (Exec base: 0x20000000, Load base: 0x08003ab8, Size: 0x000032d0, Max: 0x00005000, ABSOLUTE)

    Exec Addr    Load Addr    Size         Type   Attr      Idx    E Section Name        Object

    0x20000000   0x08003ab8   0x00000004   Data   RW          467    .data.SystemCoreClock  system_stm32f10x.o
    0x20000004   0x08003abc   0x00000004   Data   RW          558    .data.uxCriticalNesting  port.o
    0x20000008        -       0x00000060   Zero   RW         1003    .bss                c_w.l(libspace.o)
    0x20000068        -       0x00000190   Zero   RW           40    .bss.clib_mutex_cb  clib_arm.o
    0x200001f8        -       0x00000014   Zero   RW           39    .bss.clib_mutex_id  clib_arm.o
    0x2000020c        -       0x00000001   Zero   RW           41    .bss.os_kernel_is_active.os_kernel_active  clib_arm.o
    0x2000020d        -       0x00000050   Zero   RW          953    .bss.prvCheckForValidListAndQueue.ucStaticTimerQueueStorage  timers.o
    0x2000025d   0x08003ac0   0x00000003   PAD
    0x20000260        -       0x00000050   Zero   RW          952    .bss.prvCheckForValidListAndQueue.xStaticTimerQueue  timers.o
    0x200002b0        -       0x00000004   Zero   RW          949    .bss.prvSampleTimeNow.xLastTime  timers.o
    0x200002b4        -       0x00000004   Zero   RW          861    .bss.pxCurrentTCB   tasks.o
    0x200002b8        -       0x00000004   Zero   RW          947    .bss.pxCurrentTimerList  timers.o
    0x200002bc        -       0x00000004   Zero   RW          869    .bss.pxDelayedTaskList  tasks.o
    0x200002c0        -       0x00000004   Zero   RW          582    .bss.pxEnd          heap_4.o
    0x200002c4        -       0x00000004   Zero   RW          870    .bss.pxOverflowDelayedTaskList  tasks.o
    0x200002c8        -       0x00000004   Zero   RW          948    .bss.pxOverflowTimerList  timers.o
    0x200002cc        -       0x00000460   Zero   RW          872    .bss.pxReadyTasksLists  tasks.o
    0x2000072c        -       0x00002000   Zero   RW          589    .bss.ucHeap         heap_4.o
    0x2000272c        -       0x00000001   Zero   RW          556    .bss.ucMaxSysCallPriority  port.o
    0x2000272d   0x08003ac0   0x00000003   PAD
    0x20002730        -       0x00000004   Zero   RW          557    .bss.ulMaxPRIGROUPValue  port.o
    0x20002734        -       0x00000004   Zero   RW          865    .bss.uxCurrentNumberOfTasks  tasks.o
    0x20002738        -       0x00000004   Zero   RW          864    .bss.uxDeletedTasksWaitingCleanUp  tasks.o
    0x2000273c        -       0x00000004   Zero   RW          867    .bss.uxSchedulerSuspended  tasks.o
    0x20002740        -       0x00000004   Zero   RW          862    .bss.uxTaskNumber   tasks.o
    0x20002744        -       0x00000004   Zero   RW          873    .bss.uxTopReadyPriority  tasks.o
    0x20002748        -       0x00000200   Zero   RW          214    .bss.vApplicationGetIdleTaskMemory.Idle_Stack  cmsis_os2.o
    0x20002948        -       0x0000005c   Zero   RW          213    .bss.vApplicationGetIdleTaskMemory.Idle_TCB  cmsis_os2.o
    0x200029a4        -       0x00000200   Zero   RW          216    .bss.vApplicationGetTimerTaskMemory.Timer_Stack  cmsis_os2.o
    0x20002ba4        -       0x0000005c   Zero   RW          215    .bss.vApplicationGetTimerTaskMemory.Timer_TCB  cmsis_os2.o
    0x20002c00        -       0x00000014   Zero   RW          950    .bss.xActiveTimerList1  timers.o
    0x20002c14        -       0x00000014   Zero   RW          951    .bss.xActiveTimerList2  timers.o
    0x20002c28        -       0x00000004   Zero   RW          583    .bss.xBlockAllocatedBit  heap_4.o
    0x20002c2c        -       0x00000014   Zero   RW          881    .bss.xDelayedTaskList1  tasks.o
    0x20002c40        -       0x00000014   Zero   RW          882    .bss.xDelayedTaskList2  tasks.o
    0x20002c54        -       0x00000004   Zero   RW          584    .bss.xFreeBytesRemaining  heap_4.o
    0x20002c58        -       0x00000004   Zero   RW          876    .bss.xIdleTaskHandle  tasks.o
    0x20002c5c        -       0x00000004   Zero   RW          586    .bss.xMinimumEverFreeBytesRemaining  heap_4.o
    0x20002c60        -       0x00000004   Zero   RW          877    .bss.xNextTaskUnblockTime  tasks.o
    0x20002c64        -       0x00000004   Zero   RW          880    .bss.xNumOfOverflows  tasks.o
    0x20002c68        -       0x00000004   Zero   RW          587    .bss.xNumberOfSuccessfulAllocations  heap_4.o
    0x20002c6c        -       0x00000004   Zero   RW          588    .bss.xNumberOfSuccessfulFrees  heap_4.o
    0x20002c70        -       0x00000004   Zero   RW          879    .bss.xPendedTicks   tasks.o
    0x20002c74        -       0x00000014   Zero   RW          874    .bss.xPendingReadyList  tasks.o
    0x20002c88        -       0x00000004   Zero   RW          866    .bss.xSchedulerRunning  tasks.o
    0x20002c8c        -       0x00000008   Zero   RW          585    .bss.xStart         heap_4.o
    0x20002c94        -       0x00000014   Zero   RW          871    .bss.xSuspendedTaskList  tasks.o
    0x20002ca8        -       0x00000014   Zero   RW          863    .bss.xTasksWaitingTermination  tasks.o
    0x20002cbc        -       0x00000004   Zero   RW          868    .bss.xTickCount     tasks.o
    0x20002cc0        -       0x00000004   Zero   RW          944    .bss.xTimerQueue    timers.o
    0x20002cc4        -       0x00000004   Zero   RW          946    .bss.xTimerTaskHandle  timers.o
    0x20002cc8        -       0x00000004   Zero   RW          878    .bss.xYieldPending  tasks.o
    0x20002ccc   0x08003ac0   0x00000004   PAD
    0x20002cd0        -       0x00000200   Zero   RW          450    HEAP                startup_stm32f10x_md.o
    0x20002ed0        -       0x00000400   Zero   RW          449    STACK               startup_stm32f10x_md.o


==============================================================================

Image component sizes


      Code (inc. data)   RO Data    RW Data    ZI Data      Debug   Object Name

       370          0          0          0        421       3307   clib_arm.o
       130          0          0          0       1208      39802   cmsis_os2.o
      1014          0          0          0       8224       4188   heap_4.o
       296          0          0          0          0       2314   list.o
       370          0         58          0          0       3054   main.o
       862         12          0          4          5       3407   port.o
      3118          0          0          0          0      14721   queue.o
        64         26        236          0       1536        800   startup_stm32f10x_md.o
       390          0          0          0          0       5701   stm32f10x_gpio.o
       426          0         20          0          0       7029   stm32f10x_rcc.o
       484          0          0          0          0       7502   stm32f10x_usart.o
       400          0          0          4          0       2957   system_stm32f10x.o
      4420          0          5          0       1280      22857   tasks.o
      1558         10          8          0        220      10734   timers.o

    ----------------------------------------------------------------------
     14002         48        362          8      12904     128373   Object Totals
         0          0         32          0          0          0   (incl. Generated)
       100          0          3          0         10          0   (incl. Padding)

    ----------------------------------------------------------------------

      Code (inc. data)   RO Data    RW Data    ZI Data      Debug   Library Member Name

         8          0          0          0          0         68   __main.o
         0          0          0          0          0          0   __rtentry.o
        20          0          0          0          0          0   __rtentry2.o
         6          0          0          0          0          0   __rtentry4.o
        94          8          0          0          0          0   __scatter.o
        26          0          0          0          0          0   __scatter_copy.o
        28          0          0          0          0          0   __scatter_zi.o
        16          0          0          0          0         68   aeabi_memset4.o
        18          0          0          0          0         80   exit.o
         6          0          0          0          0        152   heapauxi.o
         0          0          0          0          0          0   indicate_semi.o
         2          0          0          0          0          0   libinit.o
         2          0          0          0          0          0   libinit2.o
         2          0          0          0          0          0   libshutdown.o
         2          0          0          0          0          0   libshutdown2.o
         8          4          0          0         96         68   libspace.o
        78          0          0          0          0         80   rt_memclr_w.o
       138          0          0          0          0         68   rt_memcpy_v6.o
       100          0          0          0          0         80   rt_memcpy_w.o
         2          0          0          0          0          0   rtexit.o
        10          0          0          0          0          0   rtexit2.o
        12          4          0          0          0         68   sys_exit.o
        74          0          0          0          0         80   sys_stackheap_outer.o
         2          0          0          0          0         68   use_no_semi.o

    ----------------------------------------------------------------------
       664         16          0          0         96        880   Library Totals
        10          0          0          0          0          0   (incl. Padding)

    ----------------------------------------------------------------------

      Code (inc. data)   RO Data    RW Data    ZI Data      Debug   Library Name

       654         16          0          0         96        880   c_w.l

    ----------------------------------------------------------------------
       664         16          0          0         96        880   Library Totals

    ----------------------------------------------------------------------

==============================================================================


      Code (inc. data)   RO Data    RW Data    ZI Data      Debug   

     14666         64        362          8      13000     128765   Grand Totals
     14666         64        362          8      13000     128765   ELF Image Totals
     14666         64        362          8          0          0   ROM Totals

==============================================================================

    Total RO  Size (Code + RO Data)                15028 (  14.68kB)
    Total RW  Size (RW Data + ZI Data)             13008 (  12.70kB)
    Total ROM Size (Code + RO Data + RW Data)      15036 (  14.68kB)

==============================================================================

