Component: Arm Compiler for Embedded 6.24 Tool: armlink [5f371500]

==============================================================================

Section Cross References

    main.o(.text.main) refers to main.o(.text.UART_Config) for UART_Config
    main.o(.text.main) refers to queue_1.o(.text.xQueueCreateMutex) for xQueueCreateMutex
    main.o(.text.main) refers to main.o(.bss.xMutex) for xMutex
    main.o(.text.main) refers to main.o(.text.Task1) for Task1
    main.o(.text.main) refers to main.o(.rodata.str1.1) for .L.str
    main.o(.text.main) refers to tasks_1.o(.text.xTaskCreate) for xTaskCreate
    main.o(.text.main) refers to main.o(.text.Task2) for Task2
    main.o(.text.main) refers to tasks_1.o(.text.vTaskStartScheduler) for vTaskStartScheduler
    main.o(.ARM.exidx.text.main) refers to main.o(.text.main) for [Anonymous Symbol]
    main.o(.text.UART_Config) refers to stm32f10x_rcc.o(.text.RCC_APB2PeriphClockCmd) for RCC_APB2PeriphClockCmd
    main.o(.text.UART_Config) refers to stm32f10x_gpio.o(.text.GPIO_Init) for GPIO_Init
    main.o(.text.UART_Config) refers to stm32f10x_usart.o(.text.USART_Init) for USART_Init
    main.o(.text.UART_Config) refers to stm32f10x_usart.o(.text.USART_Cmd) for USART_Cmd
    main.o(.ARM.exidx.text.UART_Config) refers to main.o(.text.UART_Config) for [Anonymous Symbol]
    main.o(.text.Task1) refers to main.o(.bss.xMutex) for xMutex
    main.o(.text.Task1) refers to queue_1.o(.text.xQueueSemaphoreTake) for xQueueSemaphoreTake
    main.o(.text.Task1) refers to main.o(.rodata.str1.1) for .L.str.2
    main.o(.text.Task1) refers to main.o(.text.UART_SendString) for UART_SendString
    main.o(.text.Task1) refers to tasks_1.o(.text.vTaskDelay) for vTaskDelay
    main.o(.text.Task1) refers to queue_1.o(.text.xQueueGenericSend) for xQueueGenericSend
    main.o(.ARM.exidx.text.Task1) refers to main.o(.text.Task1) for [Anonymous Symbol]
    main.o(.text.Task2) refers to main.o(.bss.xMutex) for xMutex
    main.o(.text.Task2) refers to queue_1.o(.text.xQueueSemaphoreTake) for xQueueSemaphoreTake
    main.o(.text.Task2) refers to main.o(.rodata.str1.1) for .L.str.3
    main.o(.text.Task2) refers to main.o(.text.UART_SendString) for UART_SendString
    main.o(.text.Task2) refers to tasks_1.o(.text.vTaskDelay) for vTaskDelay
    main.o(.text.Task2) refers to queue_1.o(.text.xQueueGenericSend) for xQueueGenericSend
    main.o(.ARM.exidx.text.Task2) refers to main.o(.text.Task2) for [Anonymous Symbol]
    main.o(.text.UART_SendString) refers to stm32f10x_usart.o(.text.USART_SendData) for USART_SendData
    main.o(.ARM.exidx.text.UART_SendString) refers to main.o(.text.UART_SendString) for [Anonymous Symbol]
    clib_arm.o(.ARM.exidx.text._platform_post_stackheap_init) refers to clib_arm.o(.text._platform_post_stackheap_init) for [Anonymous Symbol]
    clib_arm.o(.text.__user_perthread_libspace) refers to clib_arm.o(.text.os_kernel_is_active) for os_kernel_is_active
    clib_arm.o(.text.__user_perthread_libspace) refers to clib_arm.o(.bss.os_libspace) for os_libspace
    clib_arm.o(.text.__user_perthread_libspace) refers to tasks_1.o(.text.xTaskGetCurrentTaskHandle) for xTaskGetCurrentTaskHandle
    clib_arm.o(.text.__user_perthread_libspace) refers to clib_arm.o(.bss.os_libspace_id) for os_libspace_id
    clib_arm.o(.ARM.exidx.text.__user_perthread_libspace) refers to clib_arm.o(.text.__user_perthread_libspace) for [Anonymous Symbol]
    clib_arm.o(.text.os_kernel_is_active) refers to clib_arm.o(.bss.os_kernel_is_active.os_kernel_active) for os_kernel_is_active.os_kernel_active
    clib_arm.o(.text.os_kernel_is_active) refers to tasks_1.o(.text.xTaskGetSchedulerState) for xTaskGetSchedulerState
    clib_arm.o(.ARM.exidx.text.os_kernel_is_active) refers to clib_arm.o(.text.os_kernel_is_active) for [Anonymous Symbol]
    clib_arm.o(.text._mutex_initialize) refers to clib_arm.o(.bss.clib_mutex_id) for clib_mutex_id
    clib_arm.o(.text._mutex_initialize) refers to clib_arm.o(.bss.clib_mutex_cb) for clib_mutex_cb
    clib_arm.o(.text._mutex_initialize) refers to queue_1.o(.text.xQueueCreateMutexStatic) for xQueueCreateMutexStatic
    clib_arm.o(.text._mutex_initialize) refers to clib_arm.o(.text.os_kernel_is_active) for os_kernel_is_active
    clib_arm.o(.text._mutex_initialize) refers to queue_1.o(.text.xQueueCreateMutex) for xQueueCreateMutex
    clib_arm.o(.ARM.exidx.text._mutex_initialize) refers to clib_arm.o(.text._mutex_initialize) for [Anonymous Symbol]
    clib_arm.o(.text._mutex_acquire) refers to clib_arm.o(.text.os_kernel_is_active) for os_kernel_is_active
    clib_arm.o(.text._mutex_acquire) refers to queue_1.o(.text.xQueueSemaphoreTake) for xQueueSemaphoreTake
    clib_arm.o(.ARM.exidx.text._mutex_acquire) refers to clib_arm.o(.text._mutex_acquire) for [Anonymous Symbol]
    clib_arm.o(.text._mutex_release) refers to clib_arm.o(.text.os_kernel_is_active) for os_kernel_is_active
[...]
    main.c                                   0x00000000   Number         0  main.o ABSOLUTE
    misc.c                                   0x00000000   Number         0  misc.o ABSOLUTE
    os_systick.c                             0x00000000   Number         0  os_systick.o ABSOLUTE
    port.c                                   0x00000000   Number         0  port_1.o ABSOLUTE
    queue.c                                  0x00000000   Number         0  queue_1.o ABSOLUTE
    stm32f10x_gpio.c                         0x00000000   Number         0  stm32f10x_gpio.o ABSOLUTE
    stm32f10x_rcc.c                          0x00000000   Number         0  stm32f10x_rcc.o ABSOLUTE
    stm32f10x_usart.c                        0x00000000   Number         0  stm32f10x_usart.o ABSOLUTE
    stream_buffer.c                          0x00000000   Number         0  stream_buffer_1.o ABSOLUTE
    system_stm32f10x.c                       0x00000000   Number         0  system_stm32f10x.o ABSOLUTE
    tasks.c                                  0x00000000   Number         0  tasks_1.o ABSOLUTE
    timers.c                                 0x00000000   Number         0  timers_1.o ABSOLUTE
    RESET                                    0x08000000   Section      236  startup_stm32f10x_md.o(RESET)
    !!!main                                  0x080000ec   Section        8  __main.o(!!!main)
    !!!scatter                               0x080000f4   Section       92  __scatter.o(!!!scatter)
    !!handler_copy                           0x08000150   Section       26  __scatter_copy.o(!!handler_copy)
    !!handler_null                           0x0800016c   Section        2  __scatter.o(!!handler_null)
    !!handler_zi                             0x08000170   Section       28  __scatter_zi.o(!!handler_zi)
    .ARM.Collect$$libinit$$00000000          0x0800018c   Section        2  libinit.o(.ARM.Collect$$libinit$$00000000)
    .ARM.Collect$$libinit$$00000002          0x0800018e   Section        0  libinit2.o(.ARM.Collect$$libinit$$00000002)
    .ARM.Collect$$libinit$$00000004          0x0800018e   Section        0  libinit2.o(.ARM.Collect$$libinit$$00000004)
    .ARM.Collect$$libinit$$00000006          0x0800018e   Section        0  libinit2.o(.ARM.Collect$$libinit$$00000006)
    .ARM.Collect$$libinit$$0000000C          0x0800018e   Section        0  libinit2.o(.ARM.Collect$$libinit$$0000000C)
    .ARM.Collect$$libinit$$0000000E          0x0800018e   Section        0  libinit2.o(.ARM.Collect$$libinit$$0000000E)
    .ARM.Collect$$libinit$$00000010          0x0800018e   Section        0  libinit2.o(.ARM.Collect$$libinit$$00000010)
    .ARM.Collect$$libinit$$00000013          0x0800018e   Section        0  libinit2.o(.ARM.Collect$$libinit$$00000013)
    .ARM.Collect$$libinit$$00000015          0x0800018e   Section        0  libinit2.o(.ARM.Collect$$libinit$$00000015)
    .ARM.Collect$$libinit$$00000017          0x0800018e   Section        0  libinit2.o(.ARM.Collect$$libinit$$00000017)
    .ARM.Collect$$libinit$$00000019          0x0800018e   Section        0  libinit2.o(.ARM.Collect$$libinit$$00000019)
    .ARM.Collect$$libinit$$0000001B          0x0800018e   Section        0  libinit2.o(.ARM.Collect$$libinit$$0000001B)
    .ARM.Collect$$libinit$$0000001D          0x0800018e   Section        0  libinit2.o(.ARM.Collect$$libinit$$0000001D)
    .ARM.Collect$$libinit$$0000001F          0x0800018e   Section        0  libinit2.o(.ARM.Collect$$libinit$$0000001F)
    .ARM.Collect$$libinit$$00000021          0x0800018e   Section        0  libinit2.o(.ARM.Collect$$libinit$$00000021)
    .ARM.Collect$$libinit$$00000023          0x0800018e   Section        0  libinit2.o(.ARM.Collect$$libinit$$00000023)
    .ARM.Collect$$libinit$$00000025          0x0800018e   Section        0  libinit2.o(.ARM.Collect$$libinit$$00000025)
    .ARM.Collect$$libinit$$00000027          0x0800018e   Section        0  libinit2.o(.ARM.Collect$$libinit$$00000027)
    .ARM.Collect$$libinit$$0000002E          0x0800018e   Section        0  libinit2.o(.ARM.Collect$$libinit$$0000002E)
    .ARM.Collect$$libinit$$00000030          0x0800018e   Section        0  libinit2.o(.ARM.Collect$$libinit$$00000030)
    .ARM.Collect$$libinit$$00000032          0x0800018e   Section        0  libinit2.o(.ARM.Collect$$libinit$$00000032)
    .ARM.Collect$$libinit$$00000034          0x0800018e   Section        0  libinit2.o(.ARM.Collect$$libinit$$00000034)
    .ARM.Collect$$libinit$$00000035          0x0800018e   Section        2  libinit2.o(.ARM.Collect$$libinit$$00000035)
    .ARM.Collect$$libshutdown$$00000000      0x08000190   Section        2  libshutdown.o(.ARM.Collect$$libshutdown$$00000000)
    .ARM.Collect$$libshutdown$$00000002      0x08000192   Section        0  libshutdown2.o(.ARM.Collect$$libshutdown$$00000002)
    .ARM.Collect$$libshutdown$$00000004      0x08000192   Section        0  libshutdown2.o(.ARM.Collect$$libshutdown$$00000004)
    .ARM.Collect$$libshutdown$$00000007      0x08000192   Section        0  libshutdown2.o(.ARM.Collect$$libshutdown$$00000007)
    .ARM.Collect$$libshutdown$$0000000A      0x08000192   Section        0  libshutdown2.o(.ARM.Collect$$libshutdown$$0000000A)
    .ARM.Collect$$libshutdown$$0000000C      0x08000192   Section        0  libshutdown2.o(.ARM.Collect$$libshutdown$$0000000C)
    .ARM.Collect$$libshutdown$$0000000F      0x08000192   Section        0  libshutdown2.o(.ARM.Collect$$libshutdown$$0000000F)
    .ARM.Collect$$libshutdown$$00000010      0x08000192   Section        2  libshutdown2.o(.ARM.Collect$$libshutdown$$00000010)
    .ARM.Collect$$rtentry$$00000000          0x08000194   Section        0  __rtentry.o(.ARM.Collect$$rtentry$$00000000)
    .ARM.Collect$$rtentry$$00000002          0x08000194   Section        0  __rtentry2.o(.ARM.Collect$$rtentry$$00000002)
    .ARM.Collect$$rtentry$$00000004          0x08000194   Section        6  __rtentry4.o(.ARM.Collect$$rtentry$$00000004)
    .ARM.Collect$$rtentry$$00000008          0x0800019a   Section        8  __rtentry2.o(.ARM.Collect$$rtentry$$00000008)
    .ARM.Collect$$rtentry$$0000000A          0x080001a2   Section        4  __rtentry2.o(.ARM.Collect$$rtentry$$0000000A)
    .ARM.Collect$$rtentry$$0000000C          0x080001a6   Section        0  __rtentry2.o(.ARM.Collect$$rtentry$$0000000C)
    .ARM.Collect$$rtentry$$0000000D          0x080001a6   Section        8  __rtentry2.o(.ARM.Collect$$rtentry$$0000000D)
    .ARM.Collect$$rtexit$$00000000           0x080001ae   Section        2  rtexit.o(.ARM.Collect$$rtexit$$00000000)
    .ARM.Collect$$rtexit$$00000002           0x080001b0   Section        0  rtexit2.o(.ARM.Collect$$rtexit$$00000002)
    .ARM.Collect$$rtexit$$00000003           0x080001b0   Section        4  rtexit2.o(.ARM.Collect$$rtexit$$00000003)
    .ARM.Collect$$rtexit$$00000004           0x080001b4   Section        6  rtexit2.o(.ARM.Collect$$rtexit$$00000004)
    .text                                    0x080001bc   Section       64  startup_stm32f10x_md.o(.text)
    .text                                    0x080001fc   Section      138  rt_memcpy_v6.o(.text)
    .text                                    0x08000286   Section       16  aeabi_memset4.o(.text)
    .text                                    0x08000296   Section       78  rt_memclr_w.o(.text)
    .text                                    0x080002e4   Section        0  heapauxi.o(.text)
    .text                                    0x080002ea   Section      100  rt_memcpy_w.o(.text)
    .text                                    0x0800034e   Section       74  sys_stackheap_outer.o(.text)
    .text                                    0x08000398   Section        0  exit.o(.text)
    .text                                    0x080003ac   Section        8  libspace.o(.text)
    .text                                    0x080003b4   Section        0  sys_exit.o(.text)
    .text                                    0x080003c0   Section        2  use_no_semi.o(.text)
    .text                                    0x080003c2   Section        0  indicate_semi.o(.text)
    [Anonymous Symbol]                       0x080003c4   Section        0  stm32f10x_gpio.o(.text.GPIO_Init)
    [Anonymous Symbol]                       0x08000550   Section        0  port_1.o(.text.PendSV_Handler)
    pxCurrentTCBConst                        0x08000590   Number         0  port_1.o(.text.PendSV_Handler)
    [Anonymous Symbol]                       0x08000594   Section        0  stm32f10x_rcc.o(.text.RCC_APB2PeriphClockCmd)
    [Anonymous Symbol]                       0x080005cc   Section        0  stm32f10x_rcc.o(.text.RCC_GetClocksFreq)
    [Anonymous Symbol]                       0x08000740   Section        0  port_1.o(.text.SVC_Handler)
    pxCurrentTCBConst2                       0x08000760   Number         0  port_1.o(.text.SVC_Handler)
    SetSysClock                              0x08000765   Thumb Code     8  system_stm32f10x.o(.text.SetSysClock)
    [Anonymous Symbol]                       0x08000764   Section        0  system_stm32f10x.o(.text.SetSysClock)
    SetSysClockTo72                          0x0800076d   Thumb Code   290  system_stm32f10x.o(.text.SetSysClockTo72)
    [Anonymous Symbol]                       0x0800076c   Section        0  system_stm32f10x.o(.text.SetSysClockTo72)
    [Anonymous Symbol]                       0x08000890   Section        0  cmsis_os2.o(.text.SysTick_Handler)
    [Anonymous Symbol]                       0x080008b0   Section        0  system_stm32f10x.o(.text.SystemInit)
    [Anonymous Symbol]                       0x08000918   Section        0  main.o(.text.Task1)
    [Anonymous Symbol]                       0x08000968   Section        0  main.o(.text.Task2)
    [Anonymous Symbol]                       0x080009b8   Section        0  main.o(.text.UART_Config)
    [Anonymous Symbol]                       0x08000a40   Section        0  main.o(.text.UART_SendString)
    [Anonymous Symbol]                       0x08000a80   Section        0  stm32f10x_usart.o(.text.USART_Cmd)
    [Anonymous Symbol]                       0x08000aac   Section        0  stm32f10x_usart.o(.text.USART_Init)
    [Anonymous Symbol]                       0x08000c08   Section        0  stm32f10x_usart.o(.text.USART_SendData)
    __tagsym$$used.1                         0x08000c20   Number         0  clib_arm.o(.text._mutex_acquire)
    [Anonymous Symbol]                       0x08000c20   Section        0  clib_arm.o(.text._mutex_acquire)
    __tagsym$$used.3                         0x08000c40   Number         0  clib_arm.o(.text._mutex_free)
    [Anonymous Symbol]                       0x08000c40   Section        0  clib_arm.o(.text._mutex_free)
    __tagsym$$used.0                         0x08000c94   Number         0  clib_arm.o(.text._mutex_initialize)
    [Anonymous Symbol]                       0x08000c94   Section        0  clib_arm.o(.text._mutex_initialize)
    __tagsym$$used.2                         0x08000d30   Number         0  clib_arm.o(.text._mutex_release)
    [Anonymous Symbol]                       0x08000d30   Section        0  clib_arm.o(.text._mutex_release)
    [Anonymous Symbol]                       0x08000d54   Section        0  clib_arm.o(.text._platform_post_stackheap_init)
    [Anonymous Symbol]                       0x08000d58   Section        0  main.o(.text.main)
    os_kernel_is_active                      0x08000dc5   Thumb Code    62  clib_arm.o(.text.os_kernel_is_active)
    [Anonymous Symbol]                       0x08000dc4   Section        0  clib_arm.o(.text.os_kernel_is_active)
    prvAddCurrentTaskToDelayedList           0x08000e05   Thumb Code   212  tasks_1.o(.text.prvAddCurrentTaskToDelayedList)
    [Anonymous Symbol]                       0x08000e04   Section        0  tasks_1.o(.text.prvAddCurrentTaskToDelayedList)
    prvAddNewTaskToReadyList                 0x08000ed9   Thumb Code   290  tasks_1.o(.text.prvAddNewTaskToReadyList)
    [Anonymous Symbol]                       0x08000ed8   Section        0  tasks_1.o(.text.prvAddNewTaskToReadyList)
    prvCheckForValidListAndQueue             0x08000ffd   Thumb Code   126  timers_1.o(.text.prvCheckForValidListAndQueue)
    [Anonymous Symbol]                       0x08000ffc   Section        0  timers_1.o(.text.prvCheckForValidListAndQueue)
    prvCheckTasksWaitingTermination          0x0800107d   Thumb Code    90  tasks_1.o(.text.prvCheckTasksWaitingTermination)
    [Anonymous Symbol]                       0x0800107c   Section        0  tasks_1.o(.text.prvCheckTasksWaitingTermination)
    prvCopyDataFromQueue                     0x080010d9   Thumb Code    66  queue_1.o(.text.prvCopyDataFromQueue)
    [Anonymous Symbol]                       0x080010d8   Section        0  queue_1.o(.text.prvCopyDataFromQueue)
    prvCopyDataToQueue                       0x0800111d   Thumb Code   204  queue_1.o(.text.prvCopyDataToQueue)
    [Anonymous Symbol]                       0x0800111c   Section        0  queue_1.o(.text.prvCopyDataToQueue)
    prvDeleteTCB                             0x080011e9   Thumb Code    60  tasks_1.o(.text.prvDeleteTCB)
    [Anonymous Symbol]                       0x080011e8   Section        0  tasks_1.o(.text.prvDeleteTCB)
    prvGetDisinheritPriorityAfterTimeout     0x08001225   Thumb Code    38  queue_1.o(.text.prvGetDisinheritPriorityAfterTimeout)
    [Anonymous Symbol]                       0x08001224   Section        0  queue_1.o(.text.prvGetDisinheritPriorityAfterTimeout)
    prvGetNextExpireTime                     0x0800124d   Thumb Code    64  timers_1.o(.text.prvGetNextExpireTime)
    [Anonymous Symbol]                       0x0800124c   Section        0  timers_1.o(.text.prvGetNextExpireTime)
    prvHeapInit                              0x0800128d   Thumb Code   188  heap_4_1.o(.text.prvHeapInit)
    [Anonymous Symbol]                       0x0800128c   Section        0  heap_4_1.o(.text.prvHeapInit)
    prvIdleTask                              0x08001349   Thumb Code    56  tasks_1.o(.text.prvIdleTask)
    [Anonymous Symbol]                       0x08001348   Section        0  tasks_1.o(.text.prvIdleTask)
    prvInitialiseMutex                       0x08001381   Thumb Code    44  queue_1.o(.text.prvInitialiseMutex)
    [Anonymous Symbol]                       0x08001380   Section        0  queue_1.o(.text.prvInitialiseMutex)
    prvInitialiseNewQueue                    0x080013ad   Thumb Code    72  queue_1.o(.text.prvInitialiseNewQueue)
    [Anonymous Symbol]                       0x080013ac   Section        0  queue_1.o(.text.prvInitialiseNewQueue)
    prvInitialiseNewTask                     0x080013f5   Thumb Code   258  tasks_1.o(.text.prvInitialiseNewTask)
    [Anonymous Symbol]                       0x080013f4   Section        0  tasks_1.o(.text.prvInitialiseNewTask)
    prvInitialiseTaskLists                   0x080014f9   Thumb Code   142  tasks_1.o(.text.prvInitialiseTaskLists)
    [Anonymous Symbol]                       0x080014f8   Section        0  tasks_1.o(.text.prvInitialiseTaskLists)
    prvInsertBlockIntoFreeList               0x08001589   Thumb Code   198  heap_4_1.o(.text.prvInsertBlockIntoFreeList)
    [Anonymous Symbol]                       0x08001588   Section        0  heap_4_1.o(.text.prvInsertBlockIntoFreeList)
    prvInsertTimerInActiveList               0x08001651   Thumb Code   134  timers_1.o(.text.prvInsertTimerInActiveList)
    [Anonymous Symbol]                       0x08001650   Section        0  timers_1.o(.text.prvInsertTimerInActiveList)
    prvIsQueueEmpty                          0x080016d9   Thumb Code    40  queue_1.o(.text.prvIsQueueEmpty)
    [Anonymous Symbol]                       0x080016d8   Section        0  queue_1.o(.text.prvIsQueueEmpty)
    prvIsQueueFull                           0x08001701   Thumb Code    46  queue_1.o(.text.prvIsQueueFull)
    [Anonymous Symbol]                       0x08001700   Section        0  queue_1.o(.text.prvIsQueueFull)
    prvPortStartFirstTask                    0x08001731   Thumb Code    26  port_1.o(.text.prvPortStartFirstTask)
    [Anonymous Symbol]                       0x08001730   Section        0  port_1.o(.text.prvPortStartFirstTask)
    prvProcessExpiredTimer                   0x08001751   Thumb Code   114  timers_1.o(.text.prvProcessExpiredTimer)
    [Anonymous Symbol]                       0x08001750   Section        0  timers_1.o(.text.prvProcessExpiredTimer)
    prvProcessReceivedCommands               0x080017c5   Thumb Code   314  timers_1.o(.text.prvProcessReceivedCommands)
    [Anonymous Symbol]                       0x080017c4   Section        0  timers_1.o(.text.prvProcessReceivedCommands)
    prvProcessTimerOrBlockTask               0x08001901   Thumb Code   154  timers_1.o(.text.prvProcessTimerOrBlockTask)
    [Anonymous Symbol]                       0x08001900   Section        0  timers_1.o(.text.prvProcessTimerOrBlockTask)
    prvResetNextTaskUnblockTime              0x0800199d   Thumb Code    70  tasks_1.o(.text.prvResetNextTaskUnblockTime)
    [Anonymous Symbol]                       0x0800199c   Section        0  tasks_1.o(.text.prvResetNextTaskUnblockTime)
    prvSampleTimeNow                         0x080019e5   Thumb Code    68  timers_1.o(.text.prvSampleTimeNow)
    [Anonymous Symbol]                       0x080019e4   Section        0  timers_1.o(.text.prvSampleTimeNow)
    prvSwitchTimerLists                      0x08001a29   Thumb Code   184  timers_1.o(.text.prvSwitchTimerLists)
    [Anonymous Symbol]                       0x08001a28   Section        0  timers_1.o(.text.prvSwitchTimerLists)
    prvTaskExitError                         0x08001ae1   Thumb Code    38  port_1.o(.text.prvTaskExitError)
    [Anonymous Symbol]                       0x08001ae0   Section        0  port_1.o(.text.prvTaskExitError)
    prvTimerTask                             0x08001b09   Thumb Code    30  timers_1.o(.text.prvTimerTask)
    [Anonymous Symbol]                       0x08001b08   Section        0  timers_1.o(.text.prvTimerTask)
    prvUnlockQueue                           0x08001b29   Thumb Code   174  queue_1.o(.text.prvUnlockQueue)
    [Anonymous Symbol]                       0x08001b28   Section        0  queue_1.o(.text.prvUnlockQueue)
    [Anonymous Symbol]                       0x08001bd8   Section        0  heap_4_1.o(.text.pvPortMalloc)
    [Anonymous Symbol]                       0x08001d64   Section        0  tasks_1.o(.text.pvTaskIncrementMutexHeldCount)
    [Anonymous Symbol]                       0x08001d90   Section        0  port_1.o(.text.pxPortInitialiseStack)
    [Anonymous Symbol]                       0x08001de0   Section        0  list_1.o(.text.uxListRemove)
    [Anonymous Symbol]                       0x08001e28   Section        0  cmsis_os2.o(.text.vApplicationGetIdleTaskMemory)
    [Anonymous Symbol]                       0x08001e54   Section        0  cmsis_os2.o(.text.vApplicationGetTimerTaskMemory)
    [Anonymous Symbol]                       0x08001e80   Section        0  cmsis_os2.o(.text.vApplicationStackOverflowHook)
    [Anonymous Symbol]                       0x08001e8c   Section        0  list_1.o(.text.vListInitialise)
    [Anonymous Symbol]                       0x08001ebc   Section        0  list_1.o(.text.vListInitialiseItem)
    [Anonymous Symbol]                       0x08001ecc   Section        0  list_1.o(.text.vListInsert)
    [Anonymous Symbol]                       0x08001f38   Section        0  list_1.o(.text.vListInsertEnd)
    [Anonymous Symbol]                       0x08001f74   Section        0  port_1.o(.text.vPortEnterCritical)
    [Anonymous Symbol]                       0x08001fa4   Section        0  port_1.o(.text.vPortExitCritical)
    [Anonymous Symbol]                       0x08001fcc   Section        0  heap_4_1.o(.text.vPortFree)
    [Anonymous Symbol]                       0x08002050   Section        0  port_1.o(.text.vPortSetupTimerInterrupt)
    [Anonymous Symbol]                       0x08002094   Section        0  queue_1.o(.text.vQueueDelete)
    [Anonymous Symbol]                       0x080020b8   Section        0  queue_1.o(.text.vQueueWaitForMessageRestricted)
    [Anonymous Symbol]                       0x0800211c   Section        0  tasks_1.o(.text.vTaskDelay)
    [Anonymous Symbol]                       0x08002168   Section        0  tasks_1.o(.text.vTaskInternalSetTimeOutState)
    [Anonymous Symbol]                       0x0800218c   Section        0  tasks_1.o(.text.vTaskMissedYield)
    [Anonymous Symbol]                       0x0800219c   Section        0  tasks_1.o(.text.vTaskPlaceOnEventList)
    [Anonymous Symbol]                       0x080021c4   Section        0  tasks_1.o(.text.vTaskPlaceOnEventListRestricted)
    [Anonymous Symbol]                       0x080021fc   Section        0  tasks_1.o(.text.vTaskPriorityDisinheritAfterTimeout)
    [Anonymous Symbol]                       0x080022e8   Section        0  tasks_1.o(.text.vTaskStartScheduler)
    [Anonymous Symbol]                       0x080023ac   Section        0  tasks_1.o(.text.vTaskSuspendAll)
    [Anonymous Symbol]                       0x080023bc   Section        0  tasks_1.o(.text.vTaskSwitchContext)
    [Anonymous Symbol]                       0x080024c0   Section        0  port_1.o(.text.xPortStartScheduler)
    [Anonymous Symbol]                       0x08002500   Section        0  port_1.o(.text.xPortSysTickHandler)
    [Anonymous Symbol]                       0x0800253c   Section        0  queue_1.o(.text.xQueueCreateMutex)
    [Anonymous Symbol]                       0x08002564   Section        0  queue_1.o(.text.xQueueCreateMutexStatic)
    [Anonymous Symbol]                       0x08002598   Section        0  queue_1.o(.text.xQueueGenericCreate)
    [Anonymous Symbol]                       0x080025f0   Section        0  queue_1.o(.text.xQueueGenericCreateStatic)
    [Anonymous Symbol]                       0x0800263c   Section        0  queue_1.o(.text.xQueueGenericReset)
    [Anonymous Symbol]                       0x080026dc   Section        0  queue_1.o(.text.xQueueGenericSend)
    [Anonymous Symbol]                       0x08002848   Section        0  queue_1.o(.text.xQueueGenericSendFromISR)
    [Anonymous Symbol]                       0x08002908   Section        0  queue_1.o(.text.xQueueReceive)
    [Anonymous Symbol]                       0x08002a5c   Section        0  queue_1.o(.text.xQueueSemaphoreTake)
    [Anonymous Symbol]                       0x08002bfc   Section        0  tasks_1.o(.text.xTaskCheckForTimeOut)
    [Anonymous Symbol]                       0x08002c90   Section        0  tasks_1.o(.text.xTaskCreate)
    [Anonymous Symbol]                       0x08002d30   Section        0  tasks_1.o(.text.xTaskCreateStatic)
    [Anonymous Symbol]                       0x08002da4   Section        0  tasks_1.o(.text.xTaskGetSchedulerState)
    [Anonymous Symbol]                       0x08002ddc   Section        0  tasks_1.o(.text.xTaskGetTickCount)
    [Anonymous Symbol]                       0x08002df0   Section        0  tasks_1.o(.text.xTaskIncrementTick)
    [Anonymous Symbol]                       0x08002f90   Section        0  tasks_1.o(.text.xTaskPriorityDisinherit)
    [Anonymous Symbol]                       0x08003038   Section        0  tasks_1.o(.text.xTaskPriorityInherit)
    [Anonymous Symbol]                       0x08003148   Section        0  tasks_1.o(.text.xTaskRemoveFromEventList)
    [Anonymous Symbol]                       0x080031fc   Section        0  tasks_1.o(.text.xTaskResumeAll)
    [Anonymous Symbol]                       0x08003360   Section        0  timers_1.o(.text.xTimerCreateTimerTask)
    [Anonymous Symbol]                       0x080033d8   Section        0  timers_1.o(.text.xTimerGenericCommand)
    ADCPrescTable                            0x0800346c   Data           4  stm32f10x_rcc.o(.rodata.ADCPrescTable)
    [Anonymous Symbol]                       0x0800346c   Section        0  stm32f10x_rcc.o(.rodata.ADCPrescTable)
    APBAHBPrescTable                         0x08003470   Data          16  stm32f10x_rcc.o(.rodata.APBAHBPrescTable)
    [Anonymous Symbol]                       0x08003470   Section        0  stm32f10x_rcc.o(.rodata.APBAHBPrescTable)
    .L.str.2                                 0x08003480   Data           4  main.o(.rodata.str1.1)
    [Anonymous Symbol]                       0x08003480   Section        0  main.o(.rodata.str1.1)
    .L.str.3                                 0x08003484   Data           4  main.o(.rodata.str1.1)
    .L.str                                   0x08003488   Data           3  main.o(.rodata.str1.1)
    .L.str.1                                 0x0800348b   Data           3  main.o(.rodata.str1.1)
    .L.str                                   0x0800348e   Data           5  tasks_1.o(.rodata.str1.1)
    [Anonymous Symbol]                       0x0800348e   Section        0  tasks_1.o(.rodata.str1.1)
    .L.str                                   0x08003493   Data           8  timers_1.o(.rodata.str1.1)
    [Anonymous Symbol]                       0x08003493   Section        0  timers_1.o(.rodata.str1.1)
    uxCriticalNesting                        0x20000004   Data           4  port_1.o(.data.uxCriticalNesting)
    [Anonymous Symbol]                       0x20000004   Section        0  port_1.o(.data.uxCriticalNesting)
    .bss                                     0x20000008   Section       96  libspace.o(.bss)
    clib_mutex_cb                            0x20000068   Data         400  clib_arm.o(.bss.clib_mutex_cb)
    [Anonymous Symbol]                       0x20000068   Section        0  clib_arm.o(.bss.clib_mutex_cb)
    clib_mutex_id                            0x200001f8   Data          20  clib_arm.o(.bss.clib_mutex_id)
    [Anonymous Symbol]                       0x200001f8   Section        0  clib_arm.o(.bss.clib_mutex_id)
    os_kernel_is_active.os_kernel_active     0x2000020c   Data           1  clib_arm.o(.bss.os_kernel_is_active.os_kernel_active)
    [Anonymous Symbol]                       0x2000020c   Section        0  clib_arm.o(.bss.os_kernel_is_active.os_kernel_active)
    prvCheckForValidListAndQueue.ucStaticTimerQueueStorage 0x2000020d   Data          80  timers_1.o(.bss.prvCheckForValidListAndQueue.ucStaticTimerQueueStorage)
    [Anonymous Symbol]                       0x2000020d   Section        0  timers_1.o(.bss.prvCheckForValidListAndQueue.ucStaticTimerQueueStorage)
    prvCheckForValidListAndQueue.xStaticTimerQueue 0x20000260   Data          80  timers_1.o(.bss.prvCheckForValidListAndQueue.xStaticTimerQueue)
    [Anonymous Symbol]                       0x20000260   Section        0  timers_1.o(.bss.prvCheckForValidListAndQueue.xStaticTimerQueue)
    prvSampleTimeNow.xLastTime               0x200002b0   Data           4  timers_1.o(.bss.prvSampleTimeNow.xLastTime)
    [Anonymous Symbol]                       0x200002b0   Section        0  timers_1.o(.bss.prvSampleTimeNow.xLastTime)
    pxCurrentTimerList                       0x200002b8   Data           4  timers_1.o(.bss.pxCurrentTimerList)
    [Anonymous Symbol]                       0x200002b8   Section        0  timers_1.o(.bss.pxCurrentTimerList)
    pxDelayedTaskList                        0x200002bc   Data           4  tasks_1.o(.bss.pxDelayedTaskList)
    [Anonymous Symbol]                       0x200002bc   Section        0  tasks_1.o(.bss.pxDelayedTaskList)
    pxEnd                                    0x200002c0   Data           4  heap_4_1.o(.bss.pxEnd)
    [Anonymous Symbol]                       0x200002c0   Section        0  heap_4_1.o(.bss.pxEnd)
    pxOverflowDelayedTaskList                0x200002c4   Data           4  tasks_1.o(.bss.pxOverflowDelayedTaskList)
    [Anonymous Symbol]                       0x200002c4   Section        0  tasks_1.o(.bss.pxOverflowDelayedTaskList)
    pxOverflowTimerList                      0x200002c8   Data           4  timers_1.o(.bss.pxOverflowTimerList)
    [Anonymous Symbol]                       0x200002c8   Section        0  timers_1.o(.bss.pxOverflowTimerList)
    pxReadyTasksLists                        0x200002cc   Data        1120  tasks_1.o(.bss.pxReadyTasksLists)
    [Anonymous Symbol]                       0x200002cc   Section        0  tasks_1.o(.bss.pxReadyTasksLists)
    ucHeap                                   0x2000072c   Data        8192  heap_4_1.o(.bss.ucHeap)
    [Anonymous Symbol]                       0x2000072c   Section        0  heap_4_1.o(.bss.ucHeap)
    uxCurrentNumberOfTasks                   0x2000272c   Data           4  tasks_1.o(.bss.uxCurrentNumberOfTasks)
    [Anonymous Symbol]                       0x2000272c   Section        0  tasks_1.o(.bss.uxCurrentNumberOfTasks)
    uxDeletedTasksWaitingCleanUp             0x20002730   Data           4  tasks_1.o(.bss.uxDeletedTasksWaitingCleanUp)
    [Anonymous Symbol]                       0x20002730   Section        0  tasks_1.o(.bss.uxDeletedTasksWaitingCleanUp)
    uxSchedulerSuspended                     0x20002734   Data           4  tasks_1.o(.bss.uxSchedulerSuspended)
    [Anonymous Symbol]                       0x20002734   Section        0  tasks_1.o(.bss.uxSchedulerSuspended)
    uxTaskNumber                             0x20002738   Data           4  tasks_1.o(.bss.uxTaskNumber)
    [Anonymous Symbol]                       0x20002738   Section        0  tasks_1.o(.bss.uxTaskNumber)
    uxTopReadyPriority                       0x2000273c   Data           4  tasks_1.o(.bss.uxTopReadyPriority)
    [Anonymous Symbol]                       0x2000273c   Section        0  tasks_1.o(.bss.uxTopReadyPriority)
    vApplicationGetIdleTaskMemory.Idle_Stack 0x20002740   Data         512  cmsis_os2.o(.bss.vApplicationGetIdleTaskMemory.Idle_Stack)
    [Anonymous Symbol]                       0x20002740   Section        0  cmsis_os2.o(.bss.vApplicationGetIdleTaskMemory.Idle_Stack)
    vApplicationGetIdleTaskMemory.Idle_TCB   0x20002940   Data          92  cmsis_os2.o(.bss.vApplicationGetIdleTaskMemory.Idle_TCB)
    [Anonymous Symbol]                       0x20002940   Section        0  cmsis_os2.o(.bss.vApplicationGetIdleTaskMemory.Idle_TCB)
    vApplicationGetTimerTaskMemory.Timer_Stack 0x2000299c   Data         320  cmsis_os2.o(.bss.vApplicationGetTimerTaskMemory.Timer_Stack)
    [Anonymous Symbol]                       0x2000299c   Section        0  cmsis_os2.o(.bss.vApplicationGetTimerTaskMemory.Timer_Stack)
    vApplicationGetTimerTaskMemory.Timer_TCB 0x20002adc   Data          92  cmsis_os2.o(.bss.vApplicationGetTimerTaskMemory.Timer_TCB)
    [Anonymous Symbol]                       0x20002adc   Section        0  cmsis_os2.o(.bss.vApplicationGetTimerTaskMemory.Timer_TCB)
    xActiveTimerList1                        0x20002b38   Data          20  timers_1.o(.bss.xActiveTimerList1)
    [Anonymous Symbol]                       0x20002b38   Section        0  timers_1.o(.bss.xActiveTimerList1)
    xActiveTimerList2                        0x20002b4c   Data          20  timers_1.o(.bss.xActiveTimerList2)
    [Anonymous Symbol]                       0x20002b4c   Section        0  timers_1.o(.bss.xActiveTimerList2)
    xBlockAllocatedBit                       0x20002b60   Data           4  heap_4_1.o(.bss.xBlockAllocatedBit)
    [Anonymous Symbol]                       0x20002b60   Section        0  heap_4_1.o(.bss.xBlockAllocatedBit)
    xDelayedTaskList1                        0x20002b64   Data          20  tasks_1.o(.bss.xDelayedTaskList1)
    [Anonymous Symbol]                       0x20002b64   Section        0  tasks_1.o(.bss.xDelayedTaskList1)
    xDelayedTaskList2                        0x20002b78   Data          20  tasks_1.o(.bss.xDelayedTaskList2)
    [Anonymous Symbol]                       0x20002b78   Section        0  tasks_1.o(.bss.xDelayedTaskList2)
    xFreeBytesRemaining                      0x20002b8c   Data           4  heap_4_1.o(.bss.xFreeBytesRemaining)
    [Anonymous Symbol]                       0x20002b8c   Section        0  heap_4_1.o(.bss.xFreeBytesRemaining)
    xIdleTaskHandle                          0x20002b90   Data           4  tasks_1.o(.bss.xIdleTaskHandle)
    [Anonymous Symbol]                       0x20002b90   Section        0  tasks_1.o(.bss.xIdleTaskHandle)
    xMinimumEverFreeBytesRemaining           0x20002b94   Data           4  heap_4_1.o(.bss.xMinimumEverFreeBytesRemaining)
    [Anonymous Symbol]                       0x20002b94   Section        0  heap_4_1.o(.bss.xMinimumEverFreeBytesRemaining)
    xNextTaskUnblockTime                     0x20002b9c   Data           4  tasks_1.o(.bss.xNextTaskUnblockTime)
    [Anonymous Symbol]                       0x20002b9c   Section        0  tasks_1.o(.bss.xNextTaskUnblockTime)
    xNumOfOverflows                          0x20002ba0   Data           4  tasks_1.o(.bss.xNumOfOverflows)
    [Anonymous Symbol]                       0x20002ba0   Section        0  tasks_1.o(.bss.xNumOfOverflows)
    xNumberOfSuccessfulAllocations           0x20002ba4   Data           4  heap_4_1.o(.bss.xNumberOfSuccessfulAllocations)
    [Anonymous Symbol]                       0x20002ba4   Section        0  heap_4_1.o(.bss.xNumberOfSuccessfulAllocations)
    xNumberOfSuccessfulFrees                 0x20002ba8   Data           4  heap_4_1.o(.bss.xNumberOfSuccessfulFrees)
    [Anonymous Symbol]                       0x20002ba8   Section        0  heap_4_1.o(.bss.xNumberOfSuccessfulFrees)
    xPendedTicks                             0x20002bac   Data           4  tasks_1.o(.bss.xPendedTicks)
    [Anonymous Symbol]                       0x20002bac   Section        0  tasks_1.o(.bss.xPendedTicks)
    xPendingReadyList                        0x20002bb0   Data          20  tasks_1.o(.bss.xPendingReadyList)
    [Anonymous Symbol]                       0x20002bb0   Section        0  tasks_1.o(.bss.xPendingReadyList)
    xSchedulerRunning                        0x20002bc4   Data           4  tasks_1.o(.bss.xSchedulerRunning)
    [Anonymous Symbol]                       0x20002bc4   Section        0  tasks_1.o(.bss.xSchedulerRunning)
    xStart                                   0x20002bc8   Data           8  heap_4_1.o(.bss.xStart)
    [Anonymous Symbol]                       0x20002bc8   Section        0  heap_4_1.o(.bss.xStart)
    xSuspendedTaskList                       0x20002bd0   Data          20  tasks_1.o(.bss.xSuspendedTaskList)
    [Anonymous Symbol]                       0x20002bd0   Section        0  tasks_1.o(.bss.xSuspendedTaskList)
    xTasksWaitingTermination                 0x20002be4   Data          20  tasks_1.o(.bss.xTasksWaitingTermination)
    [Anonymous Symbol]                       0x20002be4   Section        0  tasks_1.o(.bss.xTasksWaitingTermination)
    xTickCount                               0x20002bf8   Data           4  tasks_1.o(.bss.xTickCount)
    [Anonymous Symbol]                       0x20002bf8   Section        0  tasks_1.o(.bss.xTickCount)
    xTimerQueue                              0x20002bfc   Data           4  timers_1.o(.bss.xTimerQueue)
    [Anonymous Symbol]                       0x20002bfc   Section        0  timers_1.o(.bss.xTimerQueue)
    xTimerTaskHandle                         0x20002c00   Data           4  timers_1.o(.bss.xTimerTaskHandle)
    [Anonymous Symbol]                       0x20002c00   Section        0  timers_1.o(.bss.xTimerTaskHandle)
    xYieldPending                            0x20002c04   Data           4  tasks_1.o(.bss.xYieldPending)
    [Anonymous Symbol]                       0x20002c04   Section        0  tasks_1.o(.bss.xYieldPending)
    Heap_Mem                                 0x20002c08   Data         512  startup_stm32f10x_md.o(HEAP)
    HEAP                                     0x20002c08   Section      512  startup_stm32f10x_md.o(HEAP)
    Stack_Mem                                0x20002e08   Data        1024  startup_stm32f10x_md.o(STACK)
    STACK                                    0x20002e08   Section     1024  startup_stm32f10x_md.o(STACK)
    __initial_sp                             0x20003208   Data           0  startup_stm32f10x_md.o(STACK)

    Global Symbols

    Symbol Name                              Value     Ov Type        Size  Object(Section)

    BuildAttributes$$THM_ISAv4$P$D$K$B$S$PE$A:L22UL41UL21$X:L11$S22US41US21$IEEE1$IW$~IW$USESV6$~STKCKD$USESV7$~SHL$OSPACE$ROPI$EBA8$UX$STANDARDLIB$REQ8$PRES8$EABIv2 0x00000000   Number         0  anon$$obj.o ABSOLUTE
    __fp_init_empty                          0x00000000   Number         0  fpinit_empty.o ABSOLUTE
    __ARM_exceptions_init                     - Undefined Weak Reference
    __alloca_initialize                       - Undefined Weak Reference
    __arm_preinit_                            - Undefined Weak Reference
    __arm_relocate_pie_                       - Undefined Weak Reference
    __cpp_initialize__aeabi_                  - Undefined Weak Reference
    __cxa_finalize                            - Undefined Weak Reference
    __rt_locale                               - Undefined Weak Reference
    __sigvec_lookup                           - Undefined Weak Reference
    _atexit_init                              - Undefined Weak Reference
    _call_atexit_fns                          - Undefined Weak Reference
    _clock_init                               - Undefined Weak Reference
    _fp_trap_init                             - Undefined Weak Reference
    _fp_trap_shutdown                         - Undefined Weak Reference
    _get_lc_collate                           - Undefined Weak Reference
    _get_lc_ctype                             - Undefined Weak Reference
    _get_lc_monetary                          - Undefined Weak Reference
    _get_lc_numeric                           - Undefined Weak Reference
    _get_lc_time                              - Undefined Weak Reference
    _getenv_init                              - Undefined Weak Reference
    _handle_redirection                       - Undefined Weak Reference
    _init_alloc                               - Undefined Weak Reference
    _init_user_alloc                          - Undefined Weak Reference
    _initio                                   - Undefined Weak Reference
    _rand_init                                - Undefined Weak Reference
    _signal_finish                            - Undefined Weak Reference
    _signal_init                              - Undefined Weak Reference
    _terminate_alloc                          - Undefined Weak Reference
    _terminate_user_alloc                     - Undefined Weak Reference
    _terminateio                              - Undefined Weak Reference
    __Vectors_Size                           0x000000ec   Number         0  startup_stm32f10x_md.o ABSOLUTE
    __Vectors                                0x08000000   Data           4  startup_stm32f10x_md.o(RESET)
    __Vectors_End                            0x080000ec   Data           0  startup_stm32f10x_md.o(RESET)
    __main                                   0x080000ed   Thumb Code     8  __main.o(!!!main)
    __scatterload                            0x080000f5   Thumb Code     0  __scatter.o(!!!scatter)
    __scatterload_rt2                        0x080000f5   Thumb Code    84  __scatter.o(!!!scatter)
    __scatterload_rt2_thumb_only             0x080000f5   Thumb Code     0  __scatter.o(!!!scatter)
    __scatterload_loop                       0x080000ff   Thumb Code     0  __scatter.o(!!!scatter)
    __scatterload_copy                       0x08000151   Thumb Code    26  __scatter_copy.o(!!handler_copy)
    __scatterload_null                       0x0800016d   Thumb Code     2  __scatter.o(!!handler_null)
    __scatterload_zeroinit                   0x08000171   Thumb Code    28  __scatter_zi.o(!!handler_zi)
    __rt_lib_init                            0x0800018d   Thumb Code     0  libinit.o(.ARM.Collect$$libinit$$00000000)
    __rt_lib_init_alloca_1                   0x0800018f   Thumb Code     0  libinit2.o(.ARM.Collect$$libinit$$00000030)
    __rt_lib_init_argv_1                     0x0800018f   Thumb Code     0  libinit2.o(.ARM.Collect$$libinit$$0000002E)
    __rt_lib_init_atexit_1                   0x0800018f   Thumb Code     0  libinit2.o(.ARM.Collect$$libinit$$0000001D)
    __rt_lib_init_clock_1                    0x0800018f   Thumb Code     0  libinit2.o(.ARM.Collect$$libinit$$00000023)
    __rt_lib_init_cpp_1                      0x0800018f   Thumb Code     0  libinit2.o(.ARM.Collect$$libinit$$00000034)
    __rt_lib_init_exceptions_1               0x0800018f   Thumb Code     0  libinit2.o(.ARM.Collect$$libinit$$00000032)
    __rt_lib_init_fp_1                       0x0800018f   Thumb Code     0  libinit2.o(.ARM.Collect$$libinit$$00000002)
    __rt_lib_init_fp_trap_1                  0x0800018f   Thumb Code     0  libinit2.o(.ARM.Collect$$libinit$$00000021)
    __rt_lib_init_getenv_1                   0x0800018f   Thumb Code     0  libinit2.o(.ARM.Collect$$libinit$$00000025)
    __rt_lib_init_heap_1                     0x0800018f   Thumb Code     0  libinit2.o(.ARM.Collect$$libinit$$0000000C)
    __rt_lib_init_lc_collate_1               0x0800018f   Thumb Code     0  libinit2.o(.ARM.Collect$$libinit$$00000013)
    __rt_lib_init_lc_ctype_1                 0x0800018f   Thumb Code     0  libinit2.o(.ARM.Collect$$libinit$$00000015)
    __rt_lib_init_lc_monetary_1              0x0800018f   Thumb Code     0  libinit2.o(.ARM.Collect$$libinit$$00000017)
    __rt_lib_init_lc_numeric_1               0x0800018f   Thumb Code     0  libinit2.o(.ARM.Collect$$libinit$$00000019)
    __rt_lib_init_lc_time_1                  0x0800018f   Thumb Code     0  libinit2.o(.ARM.Collect$$libinit$$0000001B)
    __rt_lib_init_preinit_1                  0x0800018f   Thumb Code     0  libinit2.o(.ARM.Collect$$libinit$$00000006)
    __rt_lib_init_rand_1                     0x0800018f   Thumb Code     0  libinit2.o(.ARM.Collect$$libinit$$00000010)
    __rt_lib_init_relocate_pie_1             0x0800018f   Thumb Code     0  libinit2.o(.ARM.Collect$$libinit$$00000004)
    __rt_lib_init_return                     0x0800018f   Thumb Code     0  libinit2.o(.ARM.Collect$$libinit$$00000035)
    __rt_lib_init_signal_1                   0x0800018f   Thumb Code     0  libinit2.o(.ARM.Collect$$libinit$$0000001F)
    __rt_lib_init_stdio_1                    0x0800018f   Thumb Code     0  libinit2.o(.ARM.Collect$$libinit$$00000027)
    __rt_lib_init_user_alloc_1               0x0800018f   Thumb Code     0  libinit2.o(.ARM.Collect$$libinit$$0000000E)
    __rt_lib_shutdown                        0x08000191   Thumb Code     0  libshutdown.o(.ARM.Collect$$libshutdown$$00000000)
    __rt_lib_shutdown_cpp_1                  0x08000193   Thumb Code     0  libshutdown2.o(.ARM.Collect$$libshutdown$$00000002)
    __rt_lib_shutdown_fp_trap_1              0x08000193   Thumb Code     0  libshutdown2.o(.ARM.Collect$$libshutdown$$00000007)
    __rt_lib_shutdown_heap_1                 0x08000193   Thumb Code     0  libshutdown2.o(.ARM.Collect$$libshutdown$$0000000F)
    __rt_lib_shutdown_return                 0x08000193   Thumb Code     0  libshutdown2.o(.ARM.Collect$$libshutdown$$00000010)
    __rt_lib_shutdown_signal_1               0x08000193   Thumb Code     0  libshutdown2.o(.ARM.Collect$$libshutdown$$0000000A)
    __rt_lib_shutdown_stdio_1                0x08000193   Thumb Code     0  libshutdown2.o(.ARM.Collect$$libshutdown$$00000004)
    __rt_lib_shutdown_user_alloc_1           0x08000193   Thumb Code     0  libshutdown2.o(.ARM.Collect$$libshutdown$$0000000C)
    __rt_entry                               0x08000195   Thumb Code     0  __rtentry.o(.ARM.Collect$$rtentry$$00000000)
    __rt_entry_presh_1                       0x08000195   Thumb Code     0  __rtentry2.o(.ARM.Collect$$rtentry$$00000002)
    __rt_entry_sh                            0x08000195   Thumb Code     0  __rtentry4.o(.ARM.Collect$$rtentry$$00000004)
    __rt_entry_postsh_1                      0x0800019b   Thumb Code     0  __rtentry2.o(.ARM.Collect$$rtentry$$00000008)
    __rt_entry_li                            0x080001a3   Thumb Code     0  __rtentry2.o(.ARM.Collect$$rtentry$$0000000A)
    __rt_entry_main                          0x080001a7   Thumb Code     0  __rtentry2.o(.ARM.Collect$$rtentry$$0000000D)
    __rt_entry_postli_1                      0x080001a7   Thumb Code     0  __rtentry2.o(.ARM.Collect$$rtentry$$0000000C)
    __rt_exit                                0x080001af   Thumb Code     0  rtexit.o(.ARM.Collect$$rtexit$$00000000)
    __rt_exit_ls                             0x080001b1   Thumb Code     0  rtexit2.o(.ARM.Collect$$rtexit$$00000003)
    __rt_exit_prels_1                        0x080001b1   Thumb Code     0  rtexit2.o(.ARM.Collect$$rtexit$$00000002)
    __rt_exit_exit                           0x080001b5   Thumb Code     0  rtexit2.o(.ARM.Collect$$rtexit$$00000004)
    Reset_Handler                            0x080001bd   Thumb Code     8  startup_stm32f10x_md.o(.text)
    NMI_Handler                              0x080001c5   Thumb Code     2  startup_stm32f10x_md.o(.text)
    HardFault_Handler                        0x080001c7   Thumb Code     2  startup_stm32f10x_md.o(.text)
    MemManage_Handler                        0x080001c9   Thumb Code     2  startup_stm32f10x_md.o(.text)
    BusFault_Handler                         0x080001cb   Thumb Code     2  startup_stm32f10x_md.o(.text)
    UsageFault_Handler                       0x080001cd   Thumb Code     2  startup_stm32f10x_md.o(.text)
    DebugMon_Handler                         0x080001d1   Thumb Code     2  startup_stm32f10x_md.o(.text)
    ADC1_2_IRQHandler                        0x080001d7   Thumb Code     0  startup_stm32f10x_md.o(.text)
    CAN1_RX1_IRQHandler                      0x080001d7   Thumb Code     0  startup_stm32f10x_md.o(.text)
    CAN1_SCE_IRQHandler                      0x080001d7   Thumb Code     0  startup_stm32f10x_md.o(.text)
    DMA1_Channel1_IRQHandler                 0x080001d7   Thumb Code     0  startup_stm32f10x_md.o(.text)
    DMA1_Channel2_IRQHandler                 0x080001d7   Thumb Code     0  startup_stm32f10x_md.o(.text)
    DMA1_Channel3_IRQHandler                 0x080001d7   Thumb Code     0  startup_stm32f10x_md.o(.text)
    DMA1_Channel4_IRQHandler                 0x080001d7   Thumb Code     0  startup_stm32f10x_md.o(.text)
    DMA1_Channel5_IRQHandler                 0x080001d7   Thumb Code     0  startup_stm32f10x_md.o(.text)
    DMA1_Channel6_IRQHandler                 0x080001d7   Thumb Code     0  startup_stm32f10x_md.o(.text)
    DMA1_Channel7_IRQHandler                 0x080001d7   Thumb Code     0  startup_stm32f10x_md.o(.text)
    EXTI0_IRQHandler                         0x080001d7   Thumb Code     0  startup_stm32f10x_md.o(.text)
    EXTI15_10_IRQHandler                     0x080001d7   Thumb Code     0  startup_stm32f10x_md.o(.text)
    EXTI1_IRQHandler                         0x080001d7   Thumb Code     0  startup_stm32f10x_md.o(.text)
    EXTI2_IRQHandler                         0x080001d7   Thumb Code     0  startup_stm32f10x_md.o(.text)
    EXTI3_IRQHandler                         0x080001d7   Thumb Code     0  startup_stm32f10x_md.o(.text)
    EXTI4_IRQHandler                         0x080001d7   Thumb Code     0  startup_stm32f10x_md.o(.text)
    EXTI9_5_IRQHandler                       0x080001d7   Thumb Code     0  startup_stm32f10x_md.o(.text)
    FLASH_IRQHandler                         0x080001d7   Thumb Code     0  startup_stm32f10x_md.o(.text)
    I2C1_ER_IRQHandler                       0x080001d7   Thumb Code     0  startup_stm32f10x_md.o(.text)
    I2C1_EV_IRQHandler                       0x080001d7   Thumb Code     0  startup_stm32f10x_md.o(.text)
    I2C2_ER_IRQHandler                       0x080001d7   Thumb Code     0  startup_stm32f10x_md.o(.text)
    I2C2_EV_IRQHandler                       0x080001d7   Thumb Code     0  startup_stm32f10x_md.o(.text)
    PVD_IRQHandler                           0x080001d7   Thumb Code     0  startup_stm32f10x_md.o(.text)
    RCC_IRQHandler                           0x080001d7   Thumb Code     0  startup_stm32f10x_md.o(.text)
    RTCAlarm_IRQHandler                      0x080001d7   Thumb Code     0  startup_stm32f10x_md.o(.text)
    RTC_IRQHandler                           0x080001d7   Thumb Code     0  startup_stm32f10x_md.o(.text)
    SPI1_IRQHandler                          0x080001d7   Thumb Code     0  startup_stm32f10x_md.o(.text)
    SPI2_IRQHandler                          0x080001d7   Thumb Code     0  startup_stm32f10x_md.o(.text)
    TAMPER_IRQHandler                        0x080001d7   Thumb Code     0  startup_stm32f10x_md.o(.text)
    TIM1_BRK_IRQHandler                      0x080001d7   Thumb Code     0  startup_stm32f10x_md.o(.text)
    TIM1_CC_IRQHandler                       0x080001d7   Thumb Code     0  startup_stm32f10x_md.o(.text)
    TIM1_TRG_COM_IRQHandler                  0x080001d7   Thumb Code     0  startup_stm32f10x_md.o(.text)
    TIM1_UP_IRQHandler                       0x080001d7   Thumb Code     0  startup_stm32f10x_md.o(.text)
    TIM2_IRQHandler                          0x080001d7   Thumb Code     0  startup_stm32f10x_md.o(.text)
    TIM3_IRQHandler                          0x080001d7   Thumb Code     0  startup_stm32f10x_md.o(.text)
    TIM4_IRQHandler                          0x080001d7   Thumb Code     0  startup_stm32f10x_md.o(.text)
    USART1_IRQHandler                        0x080001d7   Thumb Code     0  startup_stm32f10x_md.o(.text)
    USART2_IRQHandler                        0x080001d7   Thumb Code     0  startup_stm32f10x_md.o(.text)
    USART3_IRQHandler                        0x080001d7   Thumb Code     0  startup_stm32f10x_md.o(.text)
    USBWakeUp_IRQHandler                     0x080001d7   Thumb Code     0  startup_stm32f10x_md.o(.text)
    USB_HP_CAN1_TX_IRQHandler                0x080001d7   Thumb Code     0  startup_stm32f10x_md.o(.text)
    USB_LP_CAN1_RX0_IRQHandler               0x080001d7   Thumb Code     0  startup_stm32f10x_md.o(.text)
    WWDG_IRQHandler                          0x080001d7   Thumb Code     0  startup_stm32f10x_md.o(.text)
    __user_initial_stackheap                 0x080001d9   Thumb Code     0  startup_stm32f10x_md.o(.text)
    __aeabi_memcpy                           0x080001fd   Thumb Code     0  rt_memcpy_v6.o(.text)
    __rt_memcpy                              0x080001fd   Thumb Code   138  rt_memcpy_v6.o(.text)
    _memcpy_lastbytes                        0x08000263   Thumb Code     0  rt_memcpy_v6.o(.text)
    __aeabi_memset4                          0x08000287   Thumb Code    16  aeabi_memset4.o(.text)
    __aeabi_memset8                          0x08000287   Thumb Code     0  aeabi_memset4.o(.text)
    __aeabi_memclr4                          0x08000297   Thumb Code     0  rt_memclr_w.o(.text)
    __aeabi_memclr8                          0x08000297   Thumb Code     0  rt_memclr_w.o(.text)
    __rt_memclr_w                            0x08000297   Thumb Code     0  rt_memclr_w.o(.text)
    _memset_w                                0x0800029b   Thumb Code    74  rt_memclr_w.o(.text)
    __use_two_region_memory                  0x080002e5   Thumb Code     2  heapauxi.o(.text)
    __rt_heap_escrow$2region                 0x080002e7   Thumb Code     2  heapauxi.o(.text)
    __rt_heap_expand$2region                 0x080002e9   Thumb Code     2  heapauxi.o(.text)
    __aeabi_memcpy4                          0x080002eb   Thumb Code     0  rt_memcpy_w.o(.text)
    __aeabi_memcpy8                          0x080002eb   Thumb Code     0  rt_memcpy_w.o(.text)
    __rt_memcpy_w                            0x080002eb   Thumb Code   100  rt_memcpy_w.o(.text)
    _memcpy_lastbytes_aligned                0x08000333   Thumb Code     0  rt_memcpy_w.o(.text)
    __user_setup_stackheap                   0x0800034f   Thumb Code    74  sys_stackheap_outer.o(.text)
    exit                                     0x08000399   Thumb Code    18  exit.o(.text)
    __user_libspace                          0x080003ad   Thumb Code     8  libspace.o(.text)
    __user_perproc_libspace                  0x080003ad   Thumb Code     0  libspace.o(.text)
    _sys_exit                                0x080003b5   Thumb Code     8  sys_exit.o(.text)
    __I$use$semihosting                      0x080003c1   Thumb Code     0  use_no_semi.o(.text)
    __use_no_semihosting_swi                 0x080003c1   Thumb Code     2  use_no_semi.o(.text)
    __semihosting_library_function           0x080003c3   Thumb Code     0  indicate_semi.o(.text)
    GPIO_Init                                0x080003c5   Thumb Code   390  stm32f10x_gpio.o(.text.GPIO_Init)
    PendSV_Handler                           0x08000551   Thumb Code    68  port_1.o(.text.PendSV_Handler)
    RCC_APB2PeriphClockCmd                   0x08000595   Thumb Code    56  stm32f10x_rcc.o(.text.RCC_APB2PeriphClockCmd)
    RCC_GetClocksFreq                        0x080005cd   Thumb Code   370  stm32f10x_rcc.o(.text.RCC_GetClocksFreq)
    SVC_Handler                              0x08000741   Thumb Code    36  port_1.o(.text.SVC_Handler)
    SysTick_Handler                          0x08000891   Thumb Code    30  cmsis_os2.o(.text.SysTick_Handler)
    SystemInit                               0x080008b1   Thumb Code   102  system_stm32f10x.o(.text.SystemInit)
    Task1                                    0x08000919   Thumb Code    80  main.o(.text.Task1)
    Task2                                    0x08000969   Thumb Code    80  main.o(.text.Task2)
    UART_Config                              0x080009b9   Thumb Code   134  main.o(.text.UART_Config)
    UART_SendString                          0x08000a41   Thumb Code    64  main.o(.text.UART_SendString)
    USART_Cmd                                0x08000a81   Thumb Code    44  stm32f10x_usart.o(.text.USART_Cmd)
    USART_Init                               0x08000aad   Thumb Code   348  stm32f10x_usart.o(.text.USART_Init)
    USART_SendData                           0x08000c09   Thumb Code    24  stm32f10x_usart.o(.text.USART_SendData)
    _mutex_acquire                           0x08000c21   Thumb Code    32  clib_arm.o(.text._mutex_acquire)
    _mutex_free                              0x08000c41   Thumb Code    84  clib_arm.o(.text._mutex_free)
    _mutex_initialize                        0x08000c95   Thumb Code   156  clib_arm.o(.text._mutex_initialize)
    _mutex_release                           0x08000d31   Thumb Code    34  clib_arm.o(.text._mutex_release)
    _platform_post_stackheap_init            0x08000d55   Thumb Code     2  clib_arm.o(.text._platform_post_stackheap_init)
    main                                     0x08000d59   Thumb Code   108  main.o(.text.main)
    pvPortMalloc                             0x08001bd9   Thumb Code   396  heap_4_1.o(.text.pvPortMalloc)
    pvTaskIncrementMutexHeldCount            0x08001d65   Thumb Code    44  tasks_1.o(.text.pvTaskIncrementMutexHeldCount)
    pxPortInitialiseStack                    0x08001d91   Thumb Code    80  port_1.o(.text.pxPortInitialiseStack)
    uxListRemove                             0x08001de1   Thumb Code    72  list_1.o(.text.uxListRemove)
    vApplicationGetIdleTaskMemory            0x08001e29   Thumb Code    42  cmsis_os2.o(.text.vApplicationGetIdleTaskMemory)
    vApplicationGetTimerTaskMemory           0x08001e55   Thumb Code    42  cmsis_os2.o(.text.vApplicationGetTimerTaskMemory)
    vApplicationStackOverflowHook            0x08001e81   Thumb Code    10  cmsis_os2.o(.text.vApplicationStackOverflowHook)
    vListInitialise                          0x08001e8d   Thumb Code    46  list_1.o(.text.vListInitialise)
    vListInitialiseItem                      0x08001ebd   Thumb Code    14  list_1.o(.text.vListInitialiseItem)
    vListInsert                              0x08001ecd   Thumb Code   106  list_1.o(.text.vListInsert)
    vListInsertEnd                           0x08001f39   Thumb Code    58  list_1.o(.text.vListInsertEnd)
    vPortEnterCritical                       0x08001f75   Thumb Code    48  port_1.o(.text.vPortEnterCritical)
    vPortExitCritical                        0x08001fa5   Thumb Code    38  port_1.o(.text.vPortExitCritical)
    vPortFree                                0x08001fcd   Thumb Code   132  heap_4_1.o(.text.vPortFree)
    vPortSetupTimerInterrupt                 0x08002051   Thumb Code    68  port_1.o(.text.vPortSetupTimerInterrupt)
    vQueueDelete                             0x08002095   Thumb Code    34  queue_1.o(.text.vQueueDelete)
    vQueueWaitForMessageRestricted           0x080020b9   Thumb Code   100  queue_1.o(.text.vQueueWaitForMessageRestricted)
    vTaskDelay                               0x0800211d   Thumb Code    74  tasks_1.o(.text.vTaskDelay)
    vTaskInternalSetTimeOutState             0x08002169   Thumb Code    36  tasks_1.o(.text.vTaskInternalSetTimeOutState)
    vTaskMissedYield                         0x0800218d   Thumb Code    14  tasks_1.o(.text.vTaskMissedYield)
    vTaskPlaceOnEventList                    0x0800219d   Thumb Code    38  tasks_1.o(.text.vTaskPlaceOnEventList)
    vTaskPlaceOnEventListRestricted          0x080021c5   Thumb Code    54  tasks_1.o(.text.vTaskPlaceOnEventListRestricted)
    vTaskPriorityDisinheritAfterTimeout      0x080021fd   Thumb Code   236  tasks_1.o(.text.vTaskPriorityDisinheritAfterTimeout)
    vTaskStartScheduler                      0x080022e9   Thumb Code   194  tasks_1.o(.text.vTaskStartScheduler)
    vTaskSuspendAll                          0x080023ad   Thumb Code    16  tasks_1.o(.text.vTaskSuspendAll)
    vTaskSwitchContext                       0x080023bd   Thumb Code   260  tasks_1.o(.text.vTaskSwitchContext)
    xPortStartScheduler                      0x080024c1   Thumb Code    64  port_1.o(.text.xPortStartScheduler)
    xPortSysTickHandler                      0x08002501   Thumb Code    60  port_1.o(.text.xPortSysTickHandler)
    xQueueCreateMutex                        0x0800253d   Thumb Code    38  queue_1.o(.text.xQueueCreateMutex)
    xQueueCreateMutexStatic                  0x08002565   Thumb Code    50  queue_1.o(.text.xQueueCreateMutexStatic)
    xQueueGenericCreate                      0x08002599   Thumb Code    88  queue_1.o(.text.xQueueGenericCreate)
    xQueueGenericCreateStatic                0x080025f1   Thumb Code    74  queue_1.o(.text.xQueueGenericCreateStatic)
    xQueueGenericReset                       0x0800263d   Thumb Code   158  queue_1.o(.text.xQueueGenericReset)
    xQueueGenericSend                        0x080026dd   Thumb Code   362  queue_1.o(.text.xQueueGenericSend)
    xQueueGenericSendFromISR                 0x08002849   Thumb Code   190  queue_1.o(.text.xQueueGenericSendFromISR)
    xQueueReceive                            0x08002909   Thumb Code   338  queue_1.o(.text.xQueueReceive)
    xQueueSemaphoreTake                      0x08002a5d   Thumb Code   414  queue_1.o(.text.xQueueSemaphoreTake)
    xTaskCheckForTimeOut                     0x08002bfd   Thumb Code   148  tasks_1.o(.text.xTaskCheckForTimeOut)
    xTaskCreate                              0x08002c91   Thumb Code   158  tasks_1.o(.text.xTaskCreate)
    xTaskCreateStatic                        0x08002d31   Thumb Code   114  tasks_1.o(.text.xTaskCreateStatic)
    xTaskGetSchedulerState                   0x08002da5   Thumb Code    56  tasks_1.o(.text.xTaskGetSchedulerState)
    xTaskGetTickCount                        0x08002ddd   Thumb Code    20  tasks_1.o(.text.xTaskGetTickCount)
    xTaskIncrementTick                       0x08002df1   Thumb Code   414  tasks_1.o(.text.xTaskIncrementTick)
    xTaskPriorityDisinherit                  0x08002f91   Thumb Code   166  tasks_1.o(.text.xTaskPriorityDisinherit)
    xTaskPriorityInherit                     0x08003039   Thumb Code   270  tasks_1.o(.text.xTaskPriorityInherit)
    xTaskRemoveFromEventList                 0x08003149   Thumb Code   178  tasks_1.o(.text.xTaskRemoveFromEventList)
    xTaskResumeAll                           0x080031fd   Thumb Code   354  tasks_1.o(.text.xTaskResumeAll)
    xTimerCreateTimerTask                    0x08003361   Thumb Code   120  timers_1.o(.text.xTimerCreateTimerTask)
    xTimerGenericCommand                     0x080033d9   Thumb Code   148  timers_1.o(.text.xTimerGenericCommand)
    Region$$Table$$Base                      0x0800349c   Number         0  anon$$obj.o(Region$$Table)
    Region$$Table$$Limit                     0x080034bc   Number         0  anon$$obj.o(Region$$Table)
    SystemCoreClock                          0x20000000   Data           4  system_stm32f10x.o(.data.SystemCoreClock)
    __libspace_start                         0x20000008   Data          96  libspace.o(.bss)
    __temporary_stack_top$libspace           0x20000068   Data           0  libspace.o(.bss)
    pxCurrentTCB                             0x200002b4   Data           4  tasks_1.o(.bss.pxCurrentTCB)
    xMutex                                   0x20002b98   Data           4  main.o(.bss.xMutex)



==============================================================================

Memory Map of the image

  Image Entry point : 0x080000ed

  Load Region LR_IROM1 (Base: 0x08000000, Size: 0x000034c8, Max: 0x00010000, ABSOLUTE)

    Execution Region ER_IROM1 (Exec base: 0x08000000, Load base: 0x08000000, Size: 0x000034bc, Max: 0x00010000, ABSOLUTE)

    Exec Addr    Load Addr    Size         Type   Attr      Idx    E Section Name        Object

    0x08000000   0x08000000   0x000000ec   Data   RO          450    RESET               startup_stm32f10x_md.o
    0x080000ec   0x080000ec   0x00000008   Code   RO          965  * !!!main             c_w.l(__main.o)
    0x080000f4   0x080000f4   0x0000005c   Code   RO         1130    !!!scatter          c_w.l(__scatter.o)
    0x08000150   0x08000150   0x0000001a   Code   RO         1134    !!handler_copy      c_w.l(__scatter_copy.o)
    0x0800016a   0x0800016a   0x00000002   PAD
    0x0800016c   0x0800016c   0x00000002   Code   RO         1131    !!handler_null      c_w.l(__scatter.o)
    0x0800016e   0x0800016e   0x00000002   PAD
    0x08000170   0x08000170   0x0000001c   Code   RO         1136    !!handler_zi        c_w.l(__scatter_zi.o)
    0x0800018c   0x0800018c   0x00000002   Code   RO          992    .ARM.Collect$$libinit$$00000000  c_w.l(libinit.o)
    0x0800018e   0x0800018e   0x00000000   Code   RO          999    .ARM.Collect$$libinit$$00000002  c_w.l(libinit2.o)
    0x0800018e   0x0800018e   0x00000000   Code   RO         1001    .ARM.Collect$$libinit$$00000004  c_w.l(libinit2.o)
    0x0800018e   0x0800018e   0x00000000   Code   RO         1003    .ARM.Collect$$libinit$$00000006  c_w.l(libinit2.o)
    0x0800018e   0x0800018e   0x00000000   Code   RO         1006    .ARM.Collect$$libinit$$0000000C  c_w.l(libinit2.o)
    0x0800018e   0x0800018e   0x00000000   Code   RO         1008    .ARM.Collect$$libinit$$0000000E  c_w.l(libinit2.o)
    0x0800018e   0x0800018e   0x00000000   Code   RO         1010    .ARM.Collect$$libinit$$00000010  c_w.l(libinit2.o)
    0x0800018e   0x0800018e   0x00000000   Code   RO         1013    .ARM.Collect$$libinit$$00000013  c_w.l(libinit2.o)
    0x0800018e   0x0800018e   0x00000000   Code   RO         1015    .ARM.Collect$$libinit$$00000015  c_w.l(libinit2.o)
    0x0800018e   0x0800018e   0x00000000   Code   RO         1017    .ARM.Collect$$libinit$$00000017  c_w.l(libinit2.o)
    0x0800018e   0x0800018e   0x00000000   Code   RO         1019    .ARM.Collect$$libinit$$00000019  c_w.l(libinit2.o)
    0x0800018e   0x0800018e   0x00000000   Code   RO         1021    .ARM.Collect$$libinit$$0000001B  c_w.l(libinit2.o)
    0x0800018e   0x0800018e   0x00000000   Code   RO         1023    .ARM.Collect$$libinit$$0000001D  c_w.l(libinit2.o)
    0x0800018e   0x0800018e   0x00000000   Code   RO         1025    .ARM.Collect$$libinit$$0000001F  c_w.l(libinit2.o)
    0x0800018e   0x0800018e   0x00000000   Code   RO         1027    .ARM.Collect$$libinit$$00000021  c_w.l(libinit2.o)
    0x0800018e   0x0800018e   0x00000000   Code   RO         1029    .ARM.Collect$$libinit$$00000023  c_w.l(libinit2.o)
    0x0800018e   0x0800018e   0x00000000   Code   RO         1031    .ARM.Collect$$libinit$$00000025  c_w.l(libinit2.o)
    0x0800018e   0x0800018e   0x00000000   Code   RO         1033    .ARM.Collect$$libinit$$00000027  c_w.l(libinit2.o)
    0x0800018e   0x0800018e   0x00000000   Code   RO         1037    .ARM.Collect$$libinit$$0000002E  c_w.l(libinit2.o)
    0x0800018e   0x0800018e   0x00000000   Code   RO         1039    .ARM.Collect$$libinit$$00000030  c_w.l(libinit2.o)
    0x0800018e   0x0800018e   0x00000000   Code   RO         1041    .ARM.Collect$$libinit$$00000032  c_w.l(libinit2.o)
    0x0800018e   0x0800018e   0x00000000   Code   RO         1043    .ARM.Collect$$libinit$$00000034  c_w.l(libinit2.o)
    0x0800018e   0x0800018e   0x00000002   Code   RO         1044    .ARM.Collect$$libinit$$00000035  c_w.l(libinit2.o)
    0x08000190   0x08000190   0x00000002   Code   RO         1066    .ARM.Collect$$libshutdown$$00000000  c_w.l(libshutdown.o)
    0x08000192   0x08000192   0x00000000   Code   RO         1081    .ARM.Collect$$libshutdown$$00000002  c_w.l(libshutdown2.o)
    0x08000192   0x08000192   0x00000000   Code   RO         1083    .ARM.Collect$$libshutdown$$00000004  c_w.l(libshutdown2.o)
    0x08000192   0x08000192   0x00000000   Code   RO         1086    .ARM.Collect$$libshutdown$$00000007  c_w.l(libshutdown2.o)
    0x08000192   0x08000192   0x00000000   Code   RO         1089    .ARM.Collect$$libshutdown$$0000000A  c_w.l(libshutdown2.o)
    0x08000192   0x08000192   0x00000000   Code   RO         1091    .ARM.Collect$$libshutdown$$0000000C  c_w.l(libshutdown2.o)
    0x08000192   0x08000192   0x00000000   Code   RO         1094    .ARM.Collect$$libshutdown$$0000000F  c_w.l(libshutdown2.o)
    0x08000192   0x08000192   0x00000002   Code   RO         1095    .ARM.Collect$$libshutdown$$00000010  c_w.l(libshutdown2.o)
    0x08000194   0x08000194   0x00000000   Code   RO          967    .ARM.Collect$$rtentry$$00000000  c_w.l(__rtentry.o)
    0x08000194   0x08000194   0x00000000   Code   RO          971    .ARM.Collect$$rtentry$$00000002  c_w.l(__rtentry2.o)
    0x08000194   0x08000194   0x00000006   Code   RO          983    .ARM.Collect$$rtentry$$00000004  c_w.l(__rtentry4.o)
    0x0800019a   0x0800019a   0x00000008   Code   RO          972    .ARM.Collect$$rtentry$$00000008  c_w.l(__rtentry2.o)
    0x080001a2   0x080001a2   0x00000004   Code   RO          974    .ARM.Collect$$rtentry$$0000000A  c_w.l(__rtentry2.o)
    0x080001a6   0x080001a6   0x00000000   Code   RO          976    .ARM.Collect$$rtentry$$0000000C  c_w.l(__rtentry2.o)
    0x080001a6   0x080001a6   0x00000008   Code   RO          977    .ARM.Collect$$rtentry$$0000000D  c_w.l(__rtentry2.o)
    0x080001ae   0x080001ae   0x00000002   Code   RO          996    .ARM.Collect$$rtexit$$00000000  c_w.l(rtexit.o)
    0x080001b0   0x080001b0   0x00000000   Code   RO         1046    .ARM.Collect$$rtexit$$00000002  c_w.l(rtexit2.o)
    0x080001b0   0x080001b0   0x00000004   Code   RO         1047    .ARM.Collect$$rtexit$$00000003  c_w.l(rtexit2.o)
    0x080001b4   0x080001b4   0x00000006   Code   RO         1048    .ARM.Collect$$rtexit$$00000004  c_w.l(rtexit2.o)
    0x080001ba   0x080001ba   0x00000002   PAD
    0x080001bc   0x080001bc   0x00000040   Code   RO          451    .text               startup_stm32f10x_md.o
    0x080001fc   0x080001fc   0x0000008a   Code   RO          955    .text               c_w.l(rt_memcpy_v6.o)
    0x08000286   0x08000286   0x00000010   Code   RO          957    .text               c_w.l(aeabi_memset4.o)
    0x08000296   0x08000296   0x0000004e   Code   RO          961    .text               c_w.l(rt_memclr_w.o)
    0x080002e4   0x080002e4   0x00000006   Code   RO          963    .text               c_w.l(heapauxi.o)
    0x080002ea   0x080002ea   0x00000064   Code   RO          968    .text               c_w.l(rt_memcpy_w.o)
    0x0800034e   0x0800034e   0x0000004a   Code   RO          985    .text               c_w.l(sys_stackheap_outer.o)
    0x08000398   0x08000398   0x00000012   Code   RO          987    .text               c_w.l(exit.o)
    0x080003aa   0x080003aa   0x00000002   PAD
    0x080003ac   0x080003ac   0x00000008   Code   RO          993    .text               c_w.l(libspace.o)
    0x080003b4   0x080003b4   0x0000000c   Code   RO         1056    .text               c_w.l(sys_exit.o)
    0x080003c0   0x080003c0   0x00000002   Code   RO         1071    .text               c_w.l(use_no_semi.o)
    0x080003c2   0x080003c2   0x00000000   Code   RO         1073    .text               c_w.l(indicate_semi.o)
    0x080003c2   0x080003c2   0x00000002   PAD
    0x080003c4   0x080003c4   0x00000186   Code   RO          272    .text.GPIO_Init     stm32f10x_gpio.o
    0x0800054a   0x0800054a   0x00000006   PAD
    0x08000550   0x08000550   0x00000044   Code   RO          549    .text.PendSV_Handler  port_1.o
    0x08000594   0x08000594   0x00000038   Code   RO          355    .text.RCC_APB2PeriphClockCmd  stm32f10x_rcc.o
    0x080005cc   0x080005cc   0x00000172   Code   RO          351    .text.RCC_GetClocksFreq  stm32f10x_rcc.o
    0x0800073e   0x0800073e   0x00000002   PAD
    0x08000740   0x08000740   0x00000024   Code   RO          535    .text.SVC_Handler   port_1.o
    0x08000764   0x08000764   0x00000008   Code   RO          460    .text.SetSysClock   system_stm32f10x.o
    0x0800076c   0x0800076c   0x00000122   Code   RO          464    .text.SetSysClockTo72  system_stm32f10x.o
    0x0800088e   0x0800088e   0x00000002   PAD
    0x08000890   0x08000890   0x0000001e   Code   RO           48    .text.SysTick_Handler  cmsis_os2.o
    0x080008ae   0x080008ae   0x00000002   PAD
    0x080008b0   0x080008b0   0x00000066   Code   RO          458    .text.SystemInit    system_stm32f10x.o
    0x08000916   0x08000916   0x00000002   PAD
    0x08000918   0x08000918   0x00000050   Code   RO            6    .text.Task1         main.o
    0x08000968   0x08000968   0x00000050   Code   RO            8    .text.Task2         main.o
    0x080009b8   0x080009b8   0x00000086   Code   RO            4    .text.UART_Config   main.o
    0x08000a3e   0x08000a3e   0x00000002   PAD
    0x08000a40   0x08000a40   0x00000040   Code   RO           10    .text.UART_SendString  main.o
    0x08000a80   0x08000a80   0x0000002c   Code   RO          394    .text.USART_Cmd     stm32f10x_usart.o
    0x08000aac   0x08000aac   0x0000015c   Code   RO          386    .text.USART_Init    stm32f10x_usart.o
    0x08000c08   0x08000c08   0x00000018   Code   RO          410    .text.USART_SendData  stm32f10x_usart.o
    0x08000c20   0x08000c20   0x00000020   Code   RO           30    .text._mutex_acquire  clib_arm.o
    0x08000c40   0x08000c40   0x00000054   Code   RO           34    .text._mutex_free   clib_arm.o
    0x08000c94   0x08000c94   0x0000009c   Code   RO           28    .text._mutex_initialize  clib_arm.o
    0x08000d30   0x08000d30   0x00000022   Code   RO           32    .text._mutex_release  clib_arm.o
    0x08000d52   0x08000d52   0x00000002   PAD
    0x08000d54   0x08000d54   0x00000002   Code   RO           22    .text._platform_post_stackheap_init  clib_arm.o
    0x08000d56   0x08000d56   0x00000002   PAD
    0x08000d58   0x08000d58   0x0000006c   Code   RO            2    .text.main          main.o
    0x08000dc4   0x08000dc4   0x0000003e   Code   RO           26    .text.os_kernel_is_active  clib_arm.o
    0x08000e02   0x08000e02   0x00000002   PAD
    0x08000e04   0x08000e04   0x000000d4   Code   RO          748    .text.prvAddCurrentTaskToDelayedList  tasks_1.o
    0x08000ed8   0x08000ed8   0x00000122   Code   RO          734    .text.prvAddNewTaskToReadyList  tasks_1.o
    0x08000ffa   0x08000ffa   0x00000002   PAD
    0x08000ffc   0x08000ffc   0x0000007e   Code   RO          885    .text.prvCheckForValidListAndQueue  timers_1.o
    0x0800107a   0x0800107a   0x00000002   PAD
    0x0800107c   0x0800107c   0x0000005a   Code   RO          852    .text.prvCheckTasksWaitingTermination  tasks_1.o
    0x080010d6   0x080010d6   0x00000002   PAD
    0x080010d8   0x080010d8   0x00000042   Code   RO          634    .text.prvCopyDataFromQueue  queue_1.o
    0x0800111a   0x0800111a   0x00000002   PAD
    0x0800111c   0x0800111c   0x000000cc   Code   RO          622    .text.prvCopyDataToQueue  queue_1.o
    0x080011e8   0x080011e8   0x0000003c   Code   RO          740    .text.prvDeleteTCB  tasks_1.o
    0x08001224   0x08001224   0x00000026   Code   RO          638    .text.prvGetDisinheritPriorityAfterTimeout  queue_1.o
    0x0800124a   0x0800124a   0x00000002   PAD
    0x0800124c   0x0800124c   0x00000040   Code   RO          923    .text.prvGetNextExpireTime  timers_1.o
    0x0800128c   0x0800128c   0x000000bc   Code   RO          563    .text.prvHeapInit   heap_4_1.o
    0x08001348   0x08001348   0x00000038   Code   RO          774    .text.prvIdleTask   tasks_1.o
    0x08001380   0x08001380   0x0000002c   Code   RO          602    .text.prvInitialiseMutex  queue_1.o
    0x080013ac   0x080013ac   0x00000048   Code   RO          596    .text.prvInitialiseNewQueue  queue_1.o
    0x080013f4   0x080013f4   0x00000102   Code   RO          732    .text.prvInitialiseNewTask  tasks_1.o
    0x080014f6   0x080014f6   0x00000002   PAD
    0x080014f8   0x080014f8   0x0000008e   Code   RO          850    .text.prvInitialiseTaskLists  tasks_1.o
    0x08001586   0x08001586   0x00000002   PAD
    0x08001588   0x08001588   0x000000c6   Code   RO          565    .text.prvInsertBlockIntoFreeList  heap_4_1.o
    0x0800164e   0x0800164e   0x00000002   PAD
    0x08001650   0x08001650   0x00000086   Code   RO          935    .text.prvInsertTimerInActiveList  timers_1.o
    0x080016d6   0x080016d6   0x00000002   PAD
    0x080016d8   0x080016d8   0x00000028   Code   RO          636    .text.prvIsQueueEmpty  queue_1.o
    0x08001700   0x08001700   0x0000002e   Code   RO          624    .text.prvIsQueueFull  queue_1.o
    0x0800172e   0x0800172e   0x00000002   PAD
    0x08001730   0x08001730   0x00000020   Code   RO          541    .text.prvPortStartFirstTask  port_1.o
    0x08001750   0x08001750   0x00000072   Code   RO          931    .text.prvProcessExpiredTimer  timers_1.o
    0x080017c2   0x080017c2   0x00000002   PAD
    0x080017c4   0x080017c4   0x0000013a   Code   RO          927    .text.prvProcessReceivedCommands  timers_1.o
    0x080018fe   0x080018fe   0x00000002   PAD
    0x08001900   0x08001900   0x0000009a   Code   RO          925    .text.prvProcessTimerOrBlockTask  timers_1.o
    0x0800199a   0x0800199a   0x00000002   PAD
    0x0800199c   0x0800199c   0x00000046   Code   RO          742    .text.prvResetNextTaskUnblockTime  tasks_1.o
    0x080019e2   0x080019e2   0x00000002   PAD
    0x080019e4   0x080019e4   0x00000044   Code   RO          929    .text.prvSampleTimeNow  timers_1.o
    0x08001a28   0x08001a28   0x000000b8   Code   RO          933    .text.prvSwitchTimerLists  timers_1.o
    0x08001ae0   0x08001ae0   0x00000026   Code   RO          533    .text.prvTaskExitError  port_1.o
    0x08001b06   0x08001b06   0x00000002   PAD
    0x08001b08   0x08001b08   0x0000001e   Code   RO          887    .text.prvTimerTask  timers_1.o
    0x08001b26   0x08001b26   0x00000002   PAD
    0x08001b28   0x08001b28   0x000000ae   Code   RO          626    .text.prvUnlockQueue  queue_1.o
    0x08001bd6   0x08001bd6   0x00000002   PAD
    0x08001bd8   0x08001bd8   0x0000018c   Code   RO          561    .text.pvPortMalloc  heap_4_1.o
    0x08001d64   0x08001d64   0x0000002c   Code   RO          834    .text.pvTaskIncrementMutexHeldCount  tasks_1.o
    0x08001d90   0x08001d90   0x00000050   Code   RO          531    .text.pxPortInitialiseStack  port_1.o
    0x08001de0   0x08001de0   0x00000048   Code   RO          522    .text.uxListRemove  list_1.o
    0x08001e28   0x08001e28   0x0000002a   Code   RO          204    .text.vApplicationGetIdleTaskMemory  cmsis_os2.o
    0x08001e52   0x08001e52   0x00000002   PAD
    0x08001e54   0x08001e54   0x0000002a   Code   RO          206    .text.vApplicationGetTimerTaskMemory  cmsis_os2.o
    0x08001e7e   0x08001e7e   0x00000002   PAD
    0x08001e80   0x08001e80   0x0000000a   Code   RO          202    .text.vApplicationStackOverflowHook  cmsis_os2.o
    0x08001e8a   0x08001e8a   0x00000002   PAD
    0x08001e8c   0x08001e8c   0x0000002e   Code   RO          514    .text.vListInitialise  list_1.o
    0x08001eba   0x08001eba   0x00000002   PAD
    0x08001ebc   0x08001ebc   0x0000000e   Code   RO          516    .text.vListInitialiseItem  list_1.o
    0x08001eca   0x08001eca   0x00000002   PAD
    0x08001ecc   0x08001ecc   0x0000006a   Code   RO          520    .text.vListInsert   list_1.o
    0x08001f36   0x08001f36   0x00000002   PAD
    0x08001f38   0x08001f38   0x0000003a   Code   RO          518    .text.vListInsertEnd  list_1.o
    0x08001f72   0x08001f72   0x00000002   PAD
    0x08001f74   0x08001f74   0x00000030   Code   RO          545    .text.vPortEnterCritical  port_1.o
    0x08001fa4   0x08001fa4   0x00000026   Code   RO          547    .text.vPortExitCritical  port_1.o
    0x08001fca   0x08001fca   0x00000002   PAD
    0x08001fcc   0x08001fcc   0x00000084   Code   RO          567    .text.vPortFree     heap_4_1.o
    0x08002050   0x08002050   0x00000044   Code   RO          539    .text.vPortSetupTimerInterrupt  port_1.o
    0x08002094   0x08002094   0x00000022   Code   RO          652    .text.vQueueDelete  queue_1.o
    0x080020b6   0x080020b6   0x00000002   PAD
    0x080020b8   0x080020b8   0x00000064   Code   RO          664    .text.vQueueWaitForMessageRestricted  queue_1.o
    0x0800211c   0x0800211c   0x0000004a   Code   RO          752    .text.vTaskDelay    tasks_1.o
    0x08002166   0x08002166   0x00000002   PAD
    0x08002168   0x08002168   0x00000024   Code   RO          806    .text.vTaskInternalSetTimeOutState  tasks_1.o
    0x0800218c   0x0800218c   0x0000000e   Code   RO          810    .text.vTaskMissedYield  tasks_1.o
    0x0800219a   0x0800219a   0x00000002   PAD
    0x0800219c   0x0800219c   0x00000026   Code   RO          794    .text.vTaskPlaceOnEventList  tasks_1.o
    0x080021c2   0x080021c2   0x00000002   PAD
    0x080021c4   0x080021c4   0x00000036   Code   RO          798    .text.vTaskPlaceOnEventListRestricted  tasks_1.o
    0x080021fa   0x080021fa   0x00000002   PAD
    0x080021fc   0x080021fc   0x000000ec   Code   RO          830    .text.vTaskPriorityDisinheritAfterTimeout  tasks_1.o
    0x080022e8   0x080022e8   0x000000c2   Code   RO          772    .text.vTaskStartScheduler  tasks_1.o
    0x080023aa   0x080023aa   0x00000002   PAD
    0x080023ac   0x080023ac   0x00000010   Code   RO          746    .text.vTaskSuspendAll  tasks_1.o
    0x080023bc   0x080023bc   0x00000104   Code   RO          764    .text.vTaskSwitchContext  tasks_1.o
    0x080024c0   0x080024c0   0x00000040   Code   RO          537    .text.xPortStartScheduler  port_1.o
    0x08002500   0x08002500   0x0000003c   Code   RO          551    .text.xPortSysTickHandler  port_1.o
    0x0800253c   0x0800253c   0x00000026   Code   RO          600    .text.xQueueCreateMutex  queue_1.o
    0x08002562   0x08002562   0x00000002   PAD
    0x08002564   0x08002564   0x00000032   Code   RO          604    .text.xQueueCreateMutexStatic  queue_1.o
    0x08002596   0x08002596   0x00000002   PAD
    0x08002598   0x08002598   0x00000058   Code   RO          598    .text.xQueueGenericCreate  queue_1.o
    0x080025f0   0x080025f0   0x0000004a   Code   RO          594    .text.xQueueGenericCreateStatic  queue_1.o
    0x0800263a   0x0800263a   0x00000002   PAD
    0x0800263c   0x0800263c   0x0000009e   Code   RO          592    .text.xQueueGenericReset  queue_1.o
    0x080026da   0x080026da   0x00000002   PAD
    0x080026dc   0x080026dc   0x0000016a   Code   RO          612    .text.xQueueGenericSend  queue_1.o
    0x08002846   0x08002846   0x00000002   PAD
    0x08002848   0x08002848   0x000000be   Code   RO          628    .text.xQueueGenericSendFromISR  queue_1.o
    0x08002906   0x08002906   0x00000002   PAD
    0x08002908   0x08002908   0x00000152   Code   RO          632    .text.xQueueReceive  queue_1.o
    0x08002a5a   0x08002a5a   0x00000002   PAD
    0x08002a5c   0x08002a5c   0x0000019e   Code   RO          616    .text.xQueueSemaphoreTake  queue_1.o
    0x08002bfa   0x08002bfa   0x00000002   PAD
    0x08002bfc   0x08002bfc   0x00000094   Code   RO          808    .text.xTaskCheckForTimeOut  tasks_1.o
    0x08002c90   0x08002c90   0x0000009e   Code   RO          736    .text.xTaskCreate   tasks_1.o
    0x08002d2e   0x08002d2e   0x00000002   PAD
    0x08002d30   0x08002d30   0x00000072   Code   RO          730    .text.xTaskCreateStatic  tasks_1.o
    0x08002da2   0x08002da2   0x00000002   PAD
    0x08002da4   0x08002da4   0x00000038   Code   RO          824    .text.xTaskGetSchedulerState  tasks_1.o
    0x08002ddc   0x08002ddc   0x00000014   Code   RO          780    .text.xTaskGetTickCount  tasks_1.o
    0x08002df0   0x08002df0   0x0000019e   Code   RO          778    .text.xTaskIncrementTick  tasks_1.o
    0x08002f8e   0x08002f8e   0x00000002   PAD
    0x08002f90   0x08002f90   0x000000a6   Code   RO          828    .text.xTaskPriorityDisinherit  tasks_1.o
    0x08003036   0x08003036   0x00000002   PAD
    0x08003038   0x08003038   0x0000010e   Code   RO          826    .text.xTaskPriorityInherit  tasks_1.o
    0x08003146   0x08003146   0x00000002   PAD
    0x08003148   0x08003148   0x000000b2   Code   RO          800    .text.xTaskRemoveFromEventList  tasks_1.o
    0x080031fa   0x080031fa   0x00000002   PAD
    0x080031fc   0x080031fc   0x00000162   Code   RO          750    .text.xTaskResumeAll  tasks_1.o
    0x0800335e   0x0800335e   0x00000002   PAD
    0x08003360   0x08003360   0x00000078   Code   RO          883    .text.xTimerCreateTimerTask  timers_1.o
    0x080033d8   0x080033d8   0x00000094   Code   RO          895    .text.xTimerGenericCommand  timers_1.o
    0x0800346c   0x0800346c   0x00000004   Data   RO          376    .rodata.ADCPrescTable  stm32f10x_rcc.o
    0x08003470   0x08003470   0x00000010   Data   RO          375    .rodata.APBAHBPrescTable  stm32f10x_rcc.o
    0x08003480   0x08003480   0x0000000e   Data   RO           13    .rodata.str1.1      main.o
    0x0800348e   0x0800348e   0x00000005   Data   RO          868    .rodata.str1.1      tasks_1.o
    0x08003493   0x08003493   0x00000008   Data   RO          938    .rodata.str1.1      timers_1.o
    0x0800349b   0x0800349b   0x00000001   PAD
    0x0800349c   0x0800349c   0x00000020   Data   RO         1129    Region$$Table       anon$$obj.o


    Execution Region RW_IRAM1 (Exec base: 0x20000000, Load base: 0x080034c0, Size: 0x00003208, Max: 0x00005000, ABSOLUTE)

    Exec Addr    Load Addr    Size         Type   Attr      Idx    E Section Name        Object

    0x20000000   0x080034c0   0x00000004   Data   RW          466    .data.SystemCoreClock  system_stm32f10x.o
    0x20000004   0x080034c4   0x00000004   Data   RW          553    .data.uxCriticalNesting  port_1.o
    0x20000008        -       0x00000060   Zero   RW          994    .bss                c_w.l(libspace.o)
    0x20000068        -       0x00000190   Zero   RW           39    .bss.clib_mutex_cb  clib_arm.o
    0x200001f8        -       0x00000014   Zero   RW           38    .bss.clib_mutex_id  clib_arm.o
    0x2000020c        -       0x00000001   Zero   RW           40    .bss.os_kernel_is_active.os_kernel_active  clib_arm.o
    0x2000020d        -       0x00000050   Zero   RW          946    .bss.prvCheckForValidListAndQueue.ucStaticTimerQueueStorage  timers_1.o
    0x2000025d   0x080034c8   0x00000003   PAD
    0x20000260        -       0x00000050   Zero   RW          945    .bss.prvCheckForValidListAndQueue.xStaticTimerQueue  timers_1.o
    0x200002b0        -       0x00000004   Zero   RW          942    .bss.prvSampleTimeNow.xLastTime  timers_1.o
    0x200002b4        -       0x00000004   Zero   RW          854    .bss.pxCurrentTCB   tasks_1.o
    0x200002b8        -       0x00000004   Zero   RW          940    .bss.pxCurrentTimerList  timers_1.o
    0x200002bc        -       0x00000004   Zero   RW          861    .bss.pxDelayedTaskList  tasks_1.o
    0x200002c0        -       0x00000004   Zero   RW          577    .bss.pxEnd          heap_4_1.o
    0x200002c4        -       0x00000004   Zero   RW          862    .bss.pxOverflowDelayedTaskList  tasks_1.o
    0x200002c8        -       0x00000004   Zero   RW          941    .bss.pxOverflowTimerList  timers_1.o
    0x200002cc        -       0x00000460   Zero   RW          864    .bss.pxReadyTasksLists  tasks_1.o
    0x2000072c        -       0x00002000   Zero   RW          584    .bss.ucHeap         heap_4_1.o
    0x2000272c        -       0x00000004   Zero   RW          858    .bss.uxCurrentNumberOfTasks  tasks_1.o
    0x20002730        -       0x00000004   Zero   RW          857    .bss.uxDeletedTasksWaitingCleanUp  tasks_1.o
    0x20002734        -       0x00000004   Zero   RW          866    .bss.uxSchedulerSuspended  tasks_1.o
    0x20002738        -       0x00000004   Zero   RW          855    .bss.uxTaskNumber   tasks_1.o
    0x2000273c        -       0x00000004   Zero   RW          865    .bss.uxTopReadyPriority  tasks_1.o
    0x20002740        -       0x00000200   Zero   RW          213    .bss.vApplicationGetIdleTaskMemory.Idle_Stack  cmsis_os2.o
    0x20002940        -       0x0000005c   Zero   RW          212    .bss.vApplicationGetIdleTaskMemory.Idle_TCB  cmsis_os2.o
    0x2000299c        -       0x00000140   Zero   RW          215    .bss.vApplicationGetTimerTaskMemory.Timer_Stack  cmsis_os2.o
    0x20002adc        -       0x0000005c   Zero   RW          214    .bss.vApplicationGetTimerTaskMemory.Timer_TCB  cmsis_os2.o
    0x20002b38        -       0x00000014   Zero   RW          943    .bss.xActiveTimerList1  timers_1.o
    0x20002b4c        -       0x00000014   Zero   RW          944    .bss.xActiveTimerList2  timers_1.o
    0x20002b60        -       0x00000004   Zero   RW          578    .bss.xBlockAllocatedBit  heap_4_1.o
    0x20002b64        -       0x00000014   Zero   RW          874    .bss.xDelayedTaskList1  tasks_1.o
    0x20002b78        -       0x00000014   Zero   RW          875    .bss.xDelayedTaskList2  tasks_1.o
    0x20002b8c        -       0x00000004   Zero   RW          579    .bss.xFreeBytesRemaining  heap_4_1.o
    0x20002b90        -       0x00000004   Zero   RW          869    .bss.xIdleTaskHandle  tasks_1.o
    0x20002b94        -       0x00000004   Zero   RW          581    .bss.xMinimumEverFreeBytesRemaining  heap_4_1.o
    0x20002b98        -       0x00000004   Zero   RW           12    .bss.xMutex         main.o
    0x20002b9c        -       0x00000004   Zero   RW          870    .bss.xNextTaskUnblockTime  tasks_1.o
    0x20002ba0        -       0x00000004   Zero   RW          873    .bss.xNumOfOverflows  tasks_1.o
    0x20002ba4        -       0x00000004   Zero   RW          582    .bss.xNumberOfSuccessfulAllocations  heap_4_1.o
    0x20002ba8        -       0x00000004   Zero   RW          583    .bss.xNumberOfSuccessfulFrees  heap_4_1.o
    0x20002bac        -       0x00000004   Zero   RW          872    .bss.xPendedTicks   tasks_1.o
    0x20002bb0        -       0x00000014   Zero   RW          867    .bss.xPendingReadyList  tasks_1.o
    0x20002bc4        -       0x00000004   Zero   RW          859    .bss.xSchedulerRunning  tasks_1.o
    0x20002bc8        -       0x00000008   Zero   RW          580    .bss.xStart         heap_4_1.o
    0x20002bd0        -       0x00000014   Zero   RW          863    .bss.xSuspendedTaskList  tasks_1.o
    0x20002be4        -       0x00000014   Zero   RW          856    .bss.xTasksWaitingTermination  tasks_1.o
    0x20002bf8        -       0x00000004   Zero   RW          860    .bss.xTickCount     tasks_1.o
    0x20002bfc        -       0x00000004   Zero   RW          937    .bss.xTimerQueue    timers_1.o
    0x20002c00        -       0x00000004   Zero   RW          939    .bss.xTimerTaskHandle  timers_1.o
    0x20002c04        -       0x00000004   Zero   RW          871    .bss.xYieldPending  tasks_1.o
    0x20002c08        -       0x00000200   Zero   RW          449    HEAP                startup_stm32f10x_md.o
    0x20002e08        -       0x00000400   Zero   RW          448    STACK               startup_stm32f10x_md.o


==============================================================================

Image component sizes


      Code (inc. data)   RO Data    RW Data    ZI Data      Debug   Object Name

       370          0          0          0        421       3307   clib_arm.o
       124          0          0          0       1016      39784   cmsis_os2.o
       914          0          0          0       8224       4145   heap_4_1.o
       296          0          0          0          0       2314   list_1.o
       466          0         14          0          4       3243   main.o
       532         12          0          4          0       2704   port_1.o
      2530          0          0          0          0      14141   queue_1.o
        64         26        236          0       1536        800   startup_stm32f10x_md.o
       390          0          0          0          0       5701   stm32f10x_gpio.o
       426          0         20          0          0       7029   stm32f10x_rcc.o
       416          0          0          0          0       7502   stm32f10x_usart.o
       400          0          0          4          0       2957   system_stm32f10x.o
      4022          0          5          0       1280      22055   tasks_1.o
      1456         10          8          0        220      10465   timers_1.o

    ----------------------------------------------------------------------
     12520         48        316          8      12704     126147   Object Totals
         0          0         32          0          0          0   (incl. Generated)
       114          0          1          0          3          0   (incl. Padding)

    ----------------------------------------------------------------------

      Code (inc. data)   RO Data    RW Data    ZI Data      Debug   Library Member Name

         8          0          0          0          0         68   __main.o
         0          0          0          0          0          0   __rtentry.o
        20          0          0          0          0          0   __rtentry2.o
         6          0          0          0          0          0   __rtentry4.o
        94          8          0          0          0          0   __scatter.o
        26          0          0          0          0          0   __scatter_copy.o
        28          0          0          0          0          0   __scatter_zi.o
        16          0          0          0          0         68   aeabi_memset4.o
        18          0          0          0          0         80   exit.o
         6          0          0          0          0        152   heapauxi.o
         0          0          0          0          0          0   indicate_semi.o
         2          0          0          0          0          0   libinit.o
         2          0          0          0          0          0   libinit2.o
         2          0          0          0          0          0   libshutdown.o
         2          0          0          0          0          0   libshutdown2.o
         8          4          0          0         96         68   libspace.o
        78          0          0          0          0         80   rt_memclr_w.o
       138          0          0          0          0         68   rt_memcpy_v6.o
       100          0          0          0          0         80   rt_memcpy_w.o
         2          0          0          0          0          0   rtexit.o
        10          0          0          0          0          0   rtexit2.o
        12          4          0          0          0         68   sys_exit.o
        74          0          0          0          0         80   sys_stackheap_outer.o
         2          0          0          0          0         68   use_no_semi.o

    ----------------------------------------------------------------------
       664         16          0          0         96        880   Library Totals
        10          0          0          0          0          0   (incl. Padding)

    ----------------------------------------------------------------------

      Code (inc. data)   RO Data    RW Data    ZI Data      Debug   Library Name

       654         16          0          0         96        880   c_w.l

    ----------------------------------------------------------------------
       664         16          0          0         96        880   Library Totals

    ----------------------------------------------------------------------

==============================================================================


      Code (inc. data)   RO Data    RW Data    ZI Data      Debug   

     13184         64        316          8      12800     126539   Grand Totals
     13184         64        316          8      12800     126539   ELF Image Totals
     13184         64        316          8          0          0   ROM Totals

==============================================================================

    Total RO  Size (Code + RO Data)                13500 (  13.18kB)
    Total RW  Size (RW Data + ZI Data)             12808 (  12.51kB)
    Total ROM Size (Code + RO Data + RW Data)      13508 (  13.19kB)

==============================================================================

